// Jest Snapshot v1, https://goo.gl/fbAQLP

exports[`TapStack Unit Tests Stack Configuration and Synthesis should instantiate with default props and match snapshot 1`] = `
"{
  "output": {
    "bucket_arn": {
      "value": "arn:aws:s3:::mock-bucket-name"
    },
    "bucket_name": {
      "value": "mock-bucket-name"
    },
    "ec2_instance_id": {
      "value": "mock-instance-id"
    },
    "ec2_instance_public_ip": {
      "value": "1.2.3.4"
    },
    "iam_role_arn": {
      "value": "arn:aws:iam::123456789012:role/mock-role-name"
    },
    "iam_role_name": {
      "value": "mock-role-name"
    },
    "instance_profile_name": {
      "value": "mock-instance-profile"
    },
    "public_subnet_id": {
      "value": "mock-public-subnet-id"
    },
    "security_group_id": {
      "value": "mock-sg-id"
    },
    "security_group_name": {
      "value": "mock-sg-name"
    },
    "vpc_id": {
      "value": "mock-vpc-id"
    }
  },
  "provider": {
    "aws": [
      {
        "default_tags": [
        ],
        "region": "us-west-2"
      }
    ]
  },
  "terraform": {
    "backend": {
      "s3": {
        "bucket": "iac-rlhf-tf-states",
        "encrypt": true,
        "key": "dev/TestDefaultStack.tfstate",
        "region": "us-east-1",
        "use_lockfile": true
      }
    },
    "required_providers": {
      "aws": {
        "source": "aws",
        "version": "6.4.0"
      }
    }
  }
}"
`;
