
> infrastructure-analysis-tool@0.1.0 test
> jest --coverage

ts-jest[ts-jest-transformer] (WARN) Define `ts-jest` config under `globals` is deprecated. Please do
transform: {
    <transform_regex>: ['ts-jest', { /* ts-jest config goes here in Jest */ }],
},
See more at https://kulshekhar.github.io/ts-jest/docs/getting-started/presets#advanced
ts-jest[ts-jest-transformer] (WARN) Define `ts-jest` config under `globals` is deprecated. Please do
transform: {
    <transform_regex>: ['ts-jest', { /* ts-jest config goes here in Jest */ }],
},
See more at https://kulshekhar.github.io/ts-jest/docs/getting-started/presets#advanced
ts-jest[ts-jest-transformer] (WARN) Define `ts-jest` config under `globals` is deprecated. Please do
transform: {
    <transform_regex>: ['ts-jest', { /* ts-jest config goes here in Jest */ }],
},
See more at https://kulshekhar.github.io/ts-jest/docs/getting-started/presets#advanced
ts-jest[ts-jest-transformer] (WARN) Define `ts-jest` config under `globals` is deprecated. Please do
transform: {
    <transform_regex>: ['ts-jest', { /* ts-jest config goes here in Jest */ }],
},
See more at https://kulshekhar.github.io/ts-jest/docs/getting-started/presets#advanced
ts-jest[ts-jest-transformer] (WARN) Define `ts-jest` config under `globals` is deprecated. Please do
transform: {
    <transform_regex>: ['ts-jest', { /* ts-jest config goes here in Jest */ }],
},
See more at https://kulshekhar.github.io/ts-jest/docs/getting-started/presets#advanced
ts-jest[ts-jest-transformer] (WARN) Define `ts-jest` config under `globals` is deprecated. Please do
transform: {
    <transform_regex>: ['ts-jest', { /* ts-jest config goes here in Jest */ }],
},
See more at https://kulshekhar.github.io/ts-jest/docs/getting-started/presets#advanced
ts-jest[config] (WARN) 
    The "ts-jest" config option "isolatedModules" is deprecated and will be removed in v30.0.0. Please use "isolatedModules: true" in /Users/mayanksethi/Desktop/projects/turing/iac-test-automations/worktree/synth-z8u5f1v6/tsconfig.json instead, see https://www.typescriptlang.org/tsconfig/#isolatedModules
  
ts-jest[config] (WARN) 
    The "ts-jest" config option "isolatedModules" is deprecated and will be removed in v30.0.0. Please use "isolatedModules: true" in /Users/mayanksethi/Desktop/projects/turing/iac-test-automations/worktree/synth-z8u5f1v6/tsconfig.json instead, see https://www.typescriptlang.org/tsconfig/#isolatedModules
  
ts-jest[config] (WARN) 
    The "ts-jest" config option "isolatedModules" is deprecated and will be removed in v30.0.0. Please use "isolatedModules: true" in /Users/mayanksethi/Desktop/projects/turing/iac-test-automations/worktree/synth-z8u5f1v6/tsconfig.json instead, see https://www.typescriptlang.org/tsconfig/#isolatedModules
  
ts-jest[config] (WARN) 
    The "ts-jest" config option "isolatedModules" is deprecated and will be removed in v30.0.0. Please use "isolatedModules: true" in /Users/mayanksethi/Desktop/projects/turing/iac-test-automations/worktree/synth-z8u5f1v6/tsconfig.json instead, see https://www.typescriptlang.org/tsconfig/#isolatedModules
  
ts-jest[config] (WARN) 
    The "ts-jest" config option "isolatedModules" is deprecated and will be removed in v30.0.0. Please use "isolatedModules: true" in /Users/mayanksethi/Desktop/projects/turing/iac-test-automations/worktree/synth-z8u5f1v6/tsconfig.json instead, see https://www.typescriptlang.org/tsconfig/#isolatedModules
  
ts-jest[config] (WARN) 
    The "ts-jest" config option "isolatedModules" is deprecated and will be removed in v30.0.0. Please use "isolatedModules: true" in /Users/mayanksethi/Desktop/projects/turing/iac-test-automations/worktree/synth-z8u5f1v6/tsconfig.json instead, see https://www.typescriptlang.org/tsconfig/#isolatedModules
  
PASS test/comparator.unit.test.ts
  Stack Comparator Unit Tests
    Template Comparison
      ✓ detects added resources (34 ms)
      ✓ detects removed resources (2 ms)
      ✓ detects modified resource properties (3 ms)
      ✓ handles identical templates (8 ms)
      ✓ compares outputs (2 ms)
      ✓ compares parameters (2 ms)
    Report Generation
      ✓ generates report for no differences (1 ms)
      ✓ generates report with differences summary (4 ms)
      ✓ formats differences with correct symbols (1 ms)
    Complex Resource Comparison
      ✓ handles nested property changes (14 ms)
      ✓ handles multiple resource types (1 ms)

FAIL test/validation-components.unit.test.ts (5.448 s)
  Validation Framework Components Unit Tests
    ValidationRegistry
      ✓ adds findings correctly (11 ms)
      ✓ gets findings by severity (1 ms)
      ✓ gets findings by category (3 ms)
      ✓ generates correct summary (15 ms)
      ✓ clears findings (2 ms)
      ✓ includes metadata in findings (1 ms)
    StackComparator
      ✓ detects added resources (7 ms)
      ✓ detects removed resources (2 ms)
      ✓ detects modified properties (4 ms)
      ✓ detects added outputs (1 ms)
      ✓ generates human-readable report (3 ms)
      ✓ handles identical templates (3 ms)
    RuleEngine
      ✓ loads rules from YAML file (17 ms)
      ✓ does not fail with missing config file
      ✓ handles equals operator (3 ms)
      ✕ handles greaterThan operator (32 ms)
      ✓ handles exists operator (1 ms)
      ✓ does not create finding when rule passes (2 ms)
      ✓ only evaluates rules for matching resource types (1 ms)
      ✓ handles nested property paths (1 ms)

  ● Validation Framework Components Unit Tests › RuleEngine › handles greaterThan operator

    expect(received).toBeGreaterThan(expected)

    Expected: > 0
    Received:   0

      419 |
      420 |       const findings = ValidationRegistry.getFindings();
    > 421 |       expect(findings.length).toBeGreaterThan(0);
          |                               ^
      422 |       const lambdaFindings = findings.filter((f) => f.category === 'Lambda');
      423 |       expect(lambdaFindings.length).toBeGreaterThan(0);
      424 |     });

      at Object.<anonymous> (test/validation-components.unit.test.tFAIL test/rFAIL test/rule-engine.unit.test.ts (25.147 s)
  Rule Engine Unit Tests
    Rule Loading
      ✓ loads rules from YAML file (49 ms)
      ✓ handles missing config file (1 ms)
    Condition Operators
      ✓ equals operator works correctly (18626 ms)
      ✓ notEquals operator works correctly (11 ms)
      ✓ exists operator detects missing properties (8 ms)
      ✓ notExists operator works correctly (7 ms)
      ✕ greaterThan operator works correctly (9 ms)
      ✕ lessThan operator works correctly (10 ms)
      ✓ contains operator works with arrays (17 ms)
    Nested Property Access
      ✓ accesses nested properties with dot notation (7 ms)
    Rule Metadata
      ✓ includes rule name in findings (8 ms)
      ✓ includes actual value in metadata (8 ms)
    Multiple Rules
      ✓ evaluates all applicable rules (9 ms)
      ✓ only evaluates rules for matching resource type (6 ms)

  ● Rule Engine Unit Tests › Condition Operators › greaterThan operator works correctly

    expect(received).toBeGreaterThan(expected)

    Expected: > 0
    Received:   0

      202 |
      203 |       const findings = ValidationRegistry.getFindings();
    > 204 |       expect(findings.length).toBeGreaterThan(0);
          |                               ^
      205 |       expect(findings[0].message).toContain('timeout is too high');
      206 |     });
      207 |

      at Object.<anonymous> (test/rule-engine.unit.test.ts:204:31)

  ● Rule Engine Unit Tests › Condition Operators › lessThan operator works correctly

    expect(received).toBeGreaterThan(expected)

    Expected: > 0
    Received:   0

      234 |
      235 |       const findings = ValidationRegistry.getFindings();
    > 236 |       expect(findings.length).toBeGreaterThan(0);
          |                               ^
      237 |       expect(findings[0].message).toContain('low memory');
      238 |     });
      239 |

      at Object.<anonymous> (test/rule-engine.unit.test.ts:236:31)

  console.warn
    [WARNING] aws-cdk-lib.aws_s3.BucketEncryption#UNENCRYPTED is deprecated.
      S3 applies server-side encryption with SSE-S3 for every bucket
    that default encryption is not configured.
      This API will be removed in the next major release.

      34 |
      35 |     // Example S3 bucket without encryption (non-compliant for testing)
    > 36 |     const nonCompliantBucket = new s3.Bucket(this, 'NonCompliantBucket', {
         |                                ^
      37 |       bucketName: `non-compliant-bucket-${environmentSuffix}`,
      38 |       encryption: s3.BucketEncryption.UNENCRYPTED,
      39 |       removalPolicy: cdk.RemovalPolicy.DESTROY,

      at warn (node_modules/aws-cdk-lib/.warnings.jsii.js:4:146)
      at print (node_modules/aws-cdk-lib/.warnings.jsii.js:1:1679214)
      at Object.aws_cdk_lib_aws_s3_BucketEncryption [as aws_cdk_lib_aws_s3_BucketProps] (node_modules/aws-cdk-lib/.warnings.jsii.js:1:1677692)
      at new aws_cdk_lib_aws_s3_BucketProps (node_modules/aws-cdk-lib/aws-s3/lib/bucket.js:1:18721)
      at new TapStack (lib/tap-stack.ts:36:32)
      at Object.<anonymous> (test/tap-stack.unit.test.ts:18:13)

  console.warn
    [WARNING] aws-cdk-lib.aws_s3.BucketEncryption#UNENCRYPTED is deprecated.
      S3 applies server-side encryption with SSE-S3 for every bucket
    that default encryption is not configured.
      This API will be removed in the next major release.

      34 |
      35 |     // Example S3 bucket without encryption (non-compliant for testing)
    > 36 |     const nonCompliantBucket = new s3.Bucket(this, 'NonCompliantBucket', {
         |                                ^
      37 |       bucketName: `non-compliant-bucket-${environmentSuffix}`,
      38 |       encryption: s3.BucketEncryption.UNENCRYPTED,
      39 |       removalPolicy: cdk.RemovalPolicy.DESTROY,

      at warn (node_modules/aws-cdk-lib/.warnings.jsii.js:4:146)
      at print (node_modules/aws-cdk-lib/.warnings.jsii.js:1:1679214)
      at Object.aws_cdk_lib_aws_s3_BucketEncryption [as aws_cdk_lib_aws_s3_BucketProps] (node_modules/aws-cdk-lib/.warnings.jsii.js:1:1677692)
      at new aws_cdk_lib_aws_s3_BucketProps (node_modules/aws-cdk-lib/aws-s3/lib/bucket.js:1:18721)
      at new TapStack (lib/tap-stack.ts:36:32)
      at Object.<anonymous> (test/tap-stack.int.test.ts:18:13)

  console.warn
    [WARNING] aws-cdk-lib.aws_s3.BucketEncryption#UNENCRYPTED is deprecated.
      S3 applies server-side encryption with SSE-S3 for every bucket
    that default encryption is not configured.
      This API will be removed in the next major release.

      34 |
      35 |     // Example S3 bucket without encryption (non-compliant for testing)
    > 36 |     const nonCompliantBucket = new s3.Bucket(this, 'NonCompliantBucket', {
         |                                ^
      37 |       bucketName: `non-compliant-bucket-${environmentSuffix}`,
      38 |       encryption: s3.BucketEncryption.UNENCRYPTED,
      39 |       removalPolicy: cdk.RemovalPolicy.DESTROY,

      at warn (node_modules/aws-cdk-lib/.warnings.jsii.js:4:146)
      at print (node_modules/aws-cdk-lib/.warnings.jsii.js:1:1679214)
      at Object.aws_cdk_lib_aws_s3_BucketEncryption [as aws_cdk_lib_aws_s3_BucketProps] (node_modules/aws-cdk-lib/.warnings.jsii.js:1:1677692)
      at new aws_cdk_lib_aws_s3_BucketProps (node_modules/aws-cdk-lib/aws-s3/lib/bucket.js:1:18721)
      at new TapStack (lib/tap-stack.ts:36:32)
      at Object.<anonymous> (test/aspects.unit.test.  console.l  console.log
    
    ================================================================================

      at ValidationReporter.log [as generateReport] (lib/reporters/validation-reporter.ts:71:13)
          at Array.flatMap (<anonymous>)

  console.log
    INFRASTRUCTURE VALIDATION REPORT

      at ValidationReporter.log [as generateReport] (lib/reporters/validation-reporter.ts:72:13)
          at Array.flatMap (<anonymous>)

  console.log
    ================================================================================

      at ValidationReporter.log [as generateReport] (lib/reporters/validation-reporter.ts:73:13)
          at Array.flatMap (<anonymous>)

  console.log
    Environment: test

      at ValidationReporter.log [as generateReport] (lib/reporters/validation-reporter.ts:74:13)
          at Array.flatMap (<anonymous>)

  console.log
    Timestamp: 2025-12-05T11:22:59.375Z

      at ValidationReporter.log [as generateReport] (lib/reporters/validation-reporter.ts:75:13)
          at Array.flatMap (<anonymous>)

  console.log
    
    Summary:

      at ValidationReporter.log [as generateReport] (lib/reporters/validation-reporter.ts:76:13)
          at Array.flatMap (<anonymous>)

  console.log
      Total Findings: 6

      at ValidationReporter.log [as generateReport] (lib/reporters/validation-reporter.ts:77:13)
          at Array.flatMap (<anonymous>)

  console.log
      Critical: 1

      at ValidationReporter.log [as generateReport] (lib/reporters/validation-reporter.ts:78:13)
          at Array.flatMap (<anonymous>)

  console.log
      Warning: 3

      at ValidationReporter.log [as generateReport] (lib/reporters/validation-reporter.ts:79:13)
          at Array.flatMap (<anonymous>)

  console.log
      Info: 2

      at ValidationReporter.log [as generateReport] (lib/reporters/validation-reporter.ts:80:13)
          at Array.flatMap (<anonymous>)

  console.log
    
    Categories:

      at ValidationReporter.log [as generateReport] (lib/reporters/validation-reporter.ts:81:13)
          at Array.flatMap (<anonymous>)

  console.log
      S3: 2

      at ValidationReporter.log [as generateReport] (lib/reporters/validation-reporter.ts:83:15)
          at Array.flatMap (<anonymous>)

  console.log
      Lambda: 4

      at ValidationReporter.log [as generateReport] (lib/reporters/validation-reporter.ts:83:15)
          at Array.flatMap (<anonymous>)

  console.log
    
    Execution Metrics:

      at ValidationReporter.log [as generateReport] (lib/reporters/validation-reporter.ts:85:13)
          at Array.flatMap (<anonymous>)

  console.log
      Total Time: 0.00ms

      at ValidationReporter.log [as generateReport] (lib/reporters/validation-reporter.ts:86:13)
          at Array.flatMap (<anonymous>)

  console.log
      Average Time: 0.00ms

      at ValidationReporter.log [as generateReport] (lib/reporters/validation-reporter.ts:87:13)
          at Array.flatMap (<anonymous>)

  console.log
    
    Detailed report written to: ./validation-report.json

      at ValidationReporter.log [as generateReport] (lib/reporters/validation-reporter.ts:88:13)
          at Array.flatMap (<anonymous>)

  console.log
    ================================================================================

      at ValidationReporter.log [as generateReport] (lib/reporters/validation-reporter.ts:89:13)
          at Array.flatMap (<anonymous>)

  console.error
    
    Validation failed with 1 critical finding(s)

      91 |     // Exit with error code if critical findings exist
      92 |     if (summary.critical > 0) {
    > 93 |       console.error(`\nValidation failed with ${summary.critical} critical finding(s)\n`);
         |               ^
      94 |       // Don't exit here to allow report generation, but log the issue
      95 |     }
      96 |   }

      at ValidationReporter.error [as generateReport] (lib/reporters/validation-reporter.ts:93:15)
      at Object.generateReport [as validate] (lib/reporters/validation-reporter.ts:38:14)
      at validate (node_modules/constructs/src/construct.ts:398:45)
          at Array.flatMap (<anonymous>)
      at Node.flatMap [as validate] (node_modules/constructs/src/construct.ts:398:30)
      at validate (node_modules/aws-cdk-lib/core/lib/private/synthesis.js:2:3722)
      at cb (node_modules/aws-cdk-lib/core/lib/private/synthesis.js:4:255)
      at visit (node_modules/aws-cdk-lib/core/lib/private/synthesis.js:2:3657)
      at validateTree (node_modules/aws-cdk-lib/core/lib/private/synthesis.js:1:1561)
      at App.synth (node_modules/aws-cdk-lib/core/lib/stage.js:1:2262)
      at synth (node_modules/aws-cdk-lib/assertions/lib/template.js:2:320)
      at Function.toTemplate [as fromStack] (node_modules/aws-cdk-lib/assertions/lib/template.js:1:1485)
      at Object.<anonymous> (test/tap-stack.unit.test.ts:19:25)

  console.log
    
    ================================================================================

      at ValidationReporter.log [as generateReport] (lib/reporters/validation-reporter.ts:71:13)
          at Array.flatMap (<anonymous>)

  console.log
    INFRASTRUCTURE VALIDATION REPORT

      at ValidationReporter.log [as generateReport] (lib/reporters/validation-reporter.ts:72:13)
          at Array.flatMap (<anonymous>)

  console.log
    ================================================================================

      at ValidationReporter.log [as generateReport] (lib/reporters/validation-reporter.ts:73:13)
          at Array.flatMap (<anonymous>)

  console.log
    Environment: test-integration

      at ValidationReporter.log [as generateReport] (lib/reporters/validation-reporter.ts:74:13)
          at Array.flatMap (<anonymous>)

  console.log
    Timestamp: 2025-12-05T11:22:59.685Z

      at ValidationReporter.log [as generateReport] (lib/reporters/validation-reporter.ts:75:13)
          at Array.flatMap (<anonymous>)

  console.log
    
    Summary:

      at ValidationReporter.log [as generateReport] (lib/reporters/validation-reporter.ts:76:13)
          at Array.flatMap (<anonymous>)

  console.log
      Total Findings: 6

      at ValidationReporter.log [as generateReport] (lib/reporters/validation-reporter.ts:77:13)
          at Array.flatMap (<anonymous>)

  console.log
      Critical: 1

      at ValidationReporter.log [as generateReport] (lib/reporters/validation-reporter.ts:78:13)
          at Array.flatMap (<anonymous>)

  console.log
      Warning: 3

      at ValidationReporter.log [as generateReport] (lib/reporters/validation-reporter.ts:79:13)
          at Array.flatMap (<anonymous>)

  console.log
      Info: 2

      at ValidationReporter.log [as generateReport] (lib/reporters/validation-reporter.ts:80:13)
          at Array.flatMap (<anonymous>)

  console.log
    
    Categories:

      at ValidationReporter.log [as generateReport] (lib/reporters/validation-reporter.ts:81:13)
          at Array.flatMap (<anonymous>)

  console.log
      S3: 2

      at ValidationReporter.log [as generateReport] (lib/reporters/validation-reporter.ts:83:15)
          at Array.flatMap (<anonymous>)

  console.log
      Lambda: 4

      at ValidationReporter.log [as generateReport] (lib/reporters/validation-reporter.ts:83:15)
          at Array.flatMap (<anonymous>)

  console.log
    
    Execution Metrics:

      at ValidationReporter.log [as generateReport] (lib/reporters/validation-reporter.ts:85:13)
          at Array.flatMap (<anonymous>)

  console.log
      Total Time: 1.00ms

      at ValidationReporter.log [as generateReport] (lib/reporters/validation-reporter.ts:86:13)
          at Array.flatMap (<anonymous>)

  console.log
      Average Time: 0.17ms

      at ValidationReporter.log [as generateReport] (lib/reporters/validation-reporter.ts:87:13)
          at Array.flatMap (<anonymous>)

  console.log
    
    Detailed report written to: ./validation-report.json

      at ValidationReporter.log [as generateReport] (lib/reporters/validation-reporter.ts:88:13)
          at Array.flatMap (<anonymous>)

  console.log
    ================================================================================

      at ValidationReporter.log [as generateReport] (lib/reporters/validation-reporter.ts:89:13)
          at Array.flatMap (<anonymous>)

  console.error
    
    Validation failed with 1 critical finding(s)

      91 |     // Exit with error code if critical findings exist
      92 |     if (summary.critical > 0) {
    > 93 |       console.error(`\nValidation failed with ${summary.critical} critical finding(s)\n`);
         |               ^
      94 |       // Don't exit here to allow report generation, but log the issue
      95 |     }
      96 |   }

      at ValidationReporter.error [as generateReport] (lib/reporters/validation-reporter.ts:93:15)
      at Object.generateReport [as validate] (lib/reporters/validation-reporter.ts:38:14)
      at validate (node_modules/constructs/src/construct.ts:398:45)
          at Array.flatMap (<anonymous>)
      at Node.flatMap [as validate] (node_modules/constructs/src/construct.ts:398:30)
      at validate (node_modules/aws-cdk-lib/core/lib/private/synthesis.js:2:3722)
      at cb (node_modules/aws-cdk-lib/core/lib/private/synthesis.js:4:255)
      at visit (node_modules/aws-cdk-lib/core/lib/private/synthesis.js:2:3657)
      at validateTree (node_modules/aws-cdk-lib/core/lib/private/synthesis.js:1:1561)
      at App.synth (node_modules/aws-cdk-lib/core/lib/stage.js:1:2262)
      at Object.<anonymous> (test/tap-stack.int.test.ts:21:9)

  console.log
    
    ================================================================================

      at ValidationReporter.log [as generateReport] (lib/reporters/validation-reporter.ts:71:13)
          at Array.flatMap (<anonymous>)

  console.log
    INFRASTRUCTURE VALIDATION REPORT

      at ValidationReporter.log [as generateReport] (lib/reporters/validation-reporter.ts:72:13)
          at Array.flatMap (<anonymous>)

  console.log
    ================================================================================

      at ValidationReporter.log [as generateReport] (lib/reporters/validation-reporter.ts:73:13)
          at Array.flatMap (<anonymous>)

  console.log
    Environment: test

      at ValidationReporter.log [as generateReport] (lib/reporters/validation-reporter.ts:74:13)
          at Array.flatMap (<anonymous>)

  console.log
    Timestamp: 2025-12-05T11:23:00.442Z

      at ValidationReporter.log [as generateReport] (lib/reporters/validation-reporter.ts:75:13)
          at Array.flatMap (<anonymous>)

  console.log
    
    Summary:

      at ValidationReporter.log [as generateReport] (lib/reporters/validation-reporter.ts:76:13)
          at Array.flatMap (<anonymous>)

  console.log
      Total Findings: 6

      at ValidationReporter.log [as generateReport] (lib/reporters/validation-reporter.ts:77:13)
          at Array.flatMap (<anonymous>)

  console.log
      Critical: 1

      at ValidationReporter.log [as generateReport] (lib/reporters/validation-reporter.ts:78:13)
          at Array.flatMap (<anonymous>)

  console.log
      Warning: 3

      at ValidationReporter.log [as generateReport] (lib/reporters/validation-reporter.ts:79:13)
          at Array.flatMap (<anonymous>)

  console.log
      Info: 2

      at ValidationReporter.log [as generateReport] (lib/reporters/validation-reporter.ts:80:13)
          at Array.flatMap (<anonymous>)

  console.log
    
    Categories:

      at ValidationReporter.log [as generateReport] (lib/reporters/validation-reporter.ts:81:13)
          at Array.flatMap (<anonymous>)

PASS test/tap-stack.int.test.ts (36.467 s)
  Infrastructure Validation Framework Integration Tests
    Validation Report Generation
      ✓ validation report file exists after synthesis (31 ms)
      ✓ validation report contains required structure (2 ms)
      ✓ validation report summary has correct structure (27 ms)
      ✓ validation findings have required fields (9 ms)
    S3 Encryption Validation
      ✓ detects unencrypted S3 bucket as critical finding (3 ms)
      ✓ confirms encrypted S3 bucket as info finding (1 ms)
    Lambda Configuration Validation
      ✓ detects excessive Lambda timeout as warning (9 ms)
      ✓ detects low Lambda memory as info finding (2 ms)
      ✓ detects missing environment variables as warning (1 ms)
    IAM Policy Validation
      ✓ detects wildcard IAM policies as critical finding
    Execution Metrics
      ✓ execution metrics are recorded (1 ms)
      ✓ average execution time is calculated correctly
    Category Classification
      ✓ findings are properly categorized (1 ms)
    Severity Classification
      ✓ severity counts match actual findings (1 ms)
    Validation Registry Functionality
      ✓ ValidationRegistry maintains findings throughout synthesis
      ✓ ValidationRegistry provides correct summary
      ✓ ValidationRegistry can filter by severity (19 ms)
      ✓ ValidationRegistry can filter by category (1 ms)

  console.log
      S3: 2

      at ValidationReporter.log [as generateReport] (lib/reporters/validation-reporter.ts:83:15)
          at Array.flatMap (<anonymous>)

  console.log
      Lambda: 4

      at ValidationReporter.log [as generateReport] (lib/reporters/validation-reporter.ts:83:15)
          at Array.flatMap (<anonymous>)

  console.log
    
    Execution Metrics:

      at ValidationReporter.log [as generateReport] (lib/reporters/validation-reporter.ts:85:13)
          at Array.flatMap (<anonymous>)

  console.log
      Total Time: 1.00ms

      at ValidationReporter.log [as generateReport] (lib/reporters/validation-reporter.ts:86:13)
          at Array.flatMap (<anonymous>)

  console.log
      Average Time: 0.17ms

      at ValidationReporter.log [as generateReport] (lib/reporters/validation-reporter.ts:87:13)
          at Array.flatMap (<anonymous>)

  console.log
    
    Detailed report written to: ./validation-report.json

      at ValidationReporter.log [as generateReport] (lib/reporters/validation-reporter.ts:88:13)
          at Array.flatMap (<anonymous>)

  console.log
    ================================================================================

      at ValidationReporter.log [as generateReport] (lib/reporters/validation-reporter.ts:89:13)
          at Array.flatMap (<anonymous>)

  console.error
    
    Validation failed with 1 critical finding(s)

      91 |     // Exit with error code if critical findings exist
      92 |     if (summary.critical > 0) {
    > 93 |       console.error(`\nValidation failed with ${summary.critical} critical finding(s)\n`);
         |               ^
      94 |       // Don't exit here to allow report generation, but log the issue
      95 |     }
      96 |   }

      at ValidationReporter.error [as generateReport] (lib/reporters/validation-reporter.ts:93:15)
      at Object.generateReport [as validate] (lib/reporters/validation-reporter.ts:38:14)
      at validate (node_modules/constructs/src/construct.ts:398:45)
          at Array.flatMap (<anonymous>)
      at Node.flatMap [as validate] (node_modules/constructs/src/construct.ts:398:30)
      at validate (node_modules/aws-cdk-lib/core/lib/private/synthesis.js:2:3722)
      at cb (node_modules/aws-cdk-lib/core/lib/private/synthesis.js:4:255)
      at visit (node_modules/aws-cdk-lib/core/lib/private/synthesis.js:2:3657)
      at validateTree (node_modules/aws-cdk-lib/core/lib/private/synthesis.js:1:1561)
      at App.synth (node_modules/aws-cdk-lib/core/lib/stage.js:1:2262)
      at Object.<anonymous> (test/aspects.unit.test.ts:23:11)

  console.warn
    [WARNING] aws-cdk-lib.aws_s3.BucketEncryption#UNENCRYPTED is deprecated.
      S3 applies server-side encryption with SSE-S3 for every bucket
    that default encryption is not configured.
      This API will be removed in the next major release.

      34 |
      35 |     // Example S3 bucket without encryption (non-compliant for testing)
    > 36 |     const nonCompliantBucket = new s3.Bucket(this, 'NonCompliantBucket', {
         |                                ^
      37 |       bucketName: `non-compliant-bucket-${environmentSuffix}`,
      38 |       encryption: s3.BucketEncryption.UNENCRYPTED,
      39 |       removalPolicy: cdk.RemovalPolicy.DESTROY,

      at warn (node_modules/aws-cdk-lib/.warnings.jsii.js:4:146)
      at print (node_modules/aws-cdk-lib/.warnings.jsii.js:1:1679214)
      at Object.aws_cdk_lib_aws_s3_BucketEncryption [as aws_cdk_lib_aws_s3_BucketProps] (node_modules/aws-cdk-lib/.warnings.jsii.js:1:1677692)
      at new aws_cdk_lib_aws_s3_BucketProps (node_modules/aws-cdk-lib/aws-s3/lib/bucket.js:1:18721)
      at new TapStack (lib/tap-stack.ts:36:32)
      at Object.<anonymous> (test/tap-stack.unit.test.ts:18:13)

  console.log
    
    ================================================================================

      at ValidationReporter.log [as generateReport] (lib/reporters/validation-reporter.ts:71:13)
          at Array.flatMap (<anonymous>)

  console.log
    INFRASTRUCTURE VALIDATION REPORT

      at ValidationReporter.log [as generateReport] (lib/reporters/validation-reporter.ts:72:13)
          at Array.flatMap (<anonymous>)

  console.log
    ================================================================================

      at ValidationReporter.log [as generateReport] (lib/reporters/validation-reporter.ts:73:13)
          at Array.flatMap (<anonymous>)

  console.log
    Environment: test

      at ValidationReporter.log [as generateReport] (lib/reporters/validation-reporter.ts:74:13)
          at Array.flatMap (<anonymous>)

  console.log
    Timestamp: 2025-12-05T11:23:00.795Z

      at ValidationReporter.log [as generateReport] (lib/reporters/validation-reporter.ts:75:13)
          at Array.flatMap (<anonymous>)

  console.log
    
    Summary:

      at ValidationReporter.log [as generateReport] (lib/reporters/validation-reporter.ts:76:13)
          at Array.flatMap (<anonymous>)

  console.log
      Total Findings: 6

      at ValidationReporter.log [as generateReport] (lib/reporters/validation-reporter.ts:77:13)
          at Array.flatMap (<anonymous>)

  console.log
      Critical: 1

      at ValidationReporter.log [as generateReport] (lib/reporters/validation-reporter.ts:78:13)
          at Array.flatMap (<anonymous>)

  console.log
      Warning: 3

      at ValidationReporter.log [as generateReport] (lib/reporters/validation-reporter.ts:79:13)
          at Array.flatMap (<anonymous>)

  console.log
      Info: 2

      at ValidationReporter.log [as generateReport] (lib/reporters/validation-reporter.ts:80:13)
          at Array.flatMap (<anonymous>)

  console.log
    
    Categories:

      at ValidationReporter.log [as generateReport] (lib/reporters/validation-reporter.ts:81:13)
          at Array.flatMap (<anonymous>)

  console.log
      S3: 2

      at ValidationReporter.log [as generateReport] (lib/reporters/validation-reporter.ts:83:15)
          at Array.flatMap (<anonymous>)

  console.log
      Lambda: 4

      at ValidationReporter.log [as generateReport] (lib/reporters/validation-reporter.ts:83:15)
          at Array.flatMap (<anonymous>)

  console.log
    
    Execution Metrics:

      at ValidationReporter.log [as generateReport] (lib/reporters/validation-reporter.ts:85:13)
          at Array.flatMap (<anonymous>)

  console.log
      Total Time: 0.00ms

      at ValidationReporter.log [as generateReport] (lib/reporters/validation-reporter.ts:86:13)
          at Array.flatMap (<anonymous>)

  console.log
      Average Time: 0.00ms

      at ValidationReporter.log [as generateReport] (lib/reporters/validation-reporter.ts:87:13)
          at Array.flatMap (<anonymous>)

  console.log
    
    Detailed report written to: ./validation-report.json

      at ValidationReporter.log [as generateReport] (lib/reporters/validation-reporter.ts:88:13)
          at Array.flatMap (<anonymous>)

  console.log
    ================================================================================

      at ValidationReporter.log [as generateReport] (lib/reporters/validation-reporter.ts:89:13)
          at Array.flatMap (<anonymous>)

  console.error
    
    Validation failed with 1 critical finding(s)

      91 |     // Exit with error code if critical findings exist
      92 |     if (summary.critical > 0) {
    > 93 |       console.error(`\nValidation failed with ${summary.critical} critical finding(s)\n`);
         |               ^
      94 |       // Don't exit here to allow report generation, but log the issue
      95 |     }
      96 |   }

      at ValidationReporter.error [as generateReport] (lib/reporters/validation-reporter.ts:93:15)
      at Object.generateReport [as validate] (lib/reporters/validation-reporter.ts:38:14)
      at validate (node_modules/constructs/src/construct.ts:398:45)
          at Array.flatMap (<anonymous>)
      at Node.flatMap [as validate] (node_modules/constructs/src/construct.ts:398:30)
      at validate (node_modules/aws-cdk-lib/core/lib/private/synthesis.js:2:3722)
      at cb (node_modules/aws-cdk-lib/core/lib/private/synthesis.js:4:255)
      at visit (node_modules/aws-cdk-lib/core/lib/private/synthesis.js:2:3657)
      at validateTree (node_modules/aws-cdk-lib/core/lib/private/synthesis.js:1:1561)
      at App.synth (node_modules/aws-cdk-lib/core/lib/stage.js:1:2262)
      at synth (node_modules/aws-cdk-lib/assertions/lib/template.js:2:320)
      at Function.toTemplate [as fromStack] (node_modules/aws-cdk-lib/assertions/lib/template.js:1:1485)
      at Object.<anonymous> (test/tap-stack.unit.test.ts:19:25)

  console.warn
    [WARNING] aws-cdk-lib.aws_s3.BucketEncryption#UNENCRYPTED is deprecated.
      S3 applies server-side encryption with SSE-S3 for every bucket
    that default encryption is not configured.
      This API will be removed in the next major release.

      34 |
      35 |     // Example S3 bucket without encryption (non-compliant for testing)
    > 36 |     const nonCompliantBucket = new s3.Bucket(this, 'NonCompliantBucket', {
         |                                ^
      37 |       bucketName: `non-compliant-bucket-${environmentSuffix}`,
      38 |       encryption: s3.BucketEncryption.UNENCRYPTED,
      39 |       removalPolicy: cdk.RemovalPolicy.DESTROY,

      at warn (node_modules/aws-cdk-lib/.warnings.jsii.js:4:146)
      at print (node_modules/aws-cdk-lib/.warnings.jsii.js:1:1679214)
      at Object.aws_cdk_lib_aws_s3_BucketEncryption [as aws_cdk_lib_aws_s3_BucketProps] (node_modules/aws-cdk-lib/.warnings.jsii.js:1:1677692)
      at new aws_cdk_lib_aws_s3_BucketProps (node_modules/aws-cdk-lib/aws-s3/lib/bucket.js:1:18721)
      at new TapStack (lib/tap-stack.ts:36:32)
      at Object.<anonymous> (test/tap-stack.unit.test.ts:18:13)

  console.warn
    [WARNING] aws-cdk-lib.aws_s3.BucketEncryption#UNENCRYPTED is deprecated.
      S3 applies server-side encryption with SSE-S3 for every bucket
    that default encryption is not configured.
      This API will be removed in the next major release.

      34 |
      35 |     // Example S3 bucket without encryption (non-compliant for testing)
    > 36 |     const nonCompliantBucket = new s3.Bucket(this, 'NonCompliantBucket', {
         |                                ^
      37 |       bucketName: `non-compliant-bucket-${environmentSuffix}`,
      38 |       encryption: s3.BucketEncryption.UNENCRYPTED,
      39 |       removalPolicy: cdk.RemovalPolicy.DESTROY,

      at warn (node_modules/aws-cdk-lib/.warnings.jsii.js:4:146)
      at print (node_modules/aws-cdk-lib/.warnings.jsii.js:1:1679214)
      at Object.aws_cdk_lib_aws_s3_BucketEncryption [as aws_cdk_lib_aws_s3_BucketProps] (node_modules/aws-cdk-lib/.warnings.jsii.js:1:1677692)
      at new aws_cdk_lib_aws_s3_BucketProps (node_modules/aws-cdk-lib/aws-s3/lib/bucket.js:1:18721)
      at new TapStack (lib/tap-stack.ts:36:32)
      at Object.<anonymous> (test/aspects.unit.test.ts:45:7)

  console.log
    
    ================================================================================

      at ValidationReporter.log [as generateReport] (lib/reporters/validation-reporter.ts:71:13)
          at Array.flatMap (<anonymous>)

  console.log
    
    ================================================================================

      at ValidationReporter.log [as generateReport] (lib/reporters/validation-reporter.ts:71:13)
          at Array.flatMap (<anonymous>)

  console.log
    INFRASTRUCTURE VALIDATION REPORT

      at ValidationReporter.log [as generateReport] (lib/reporters/validation-reporter.ts:72:13)
          at Array.flatMap (<anonymous>)

  console.log
    INFRASTRUCTURE VALIDATION REPORT

      at ValidationReporter.log [as generateReport] (lib/reporters/validation-reporter.ts:72:13)
          at Array.flatMap (<anonymous>)

  console.log
    ================================================================================

      at ValidationReporter.log [as generateReport] (lib/reporters/validation-reporter.ts:73:13)
          at Array.flatMap (<anonymous>)

  console.log
    ================================================================================

      at ValidationReporter.log [as generateReport] (lib/reporters/validation-reporter.ts:73:13)
          at Array.flatMap (<anonymous>)

  console.log
    Environment: test

      at ValidationReporter.log [as generateReport] (lib/reporters/validation-reporter.ts:74:13)
          at Array.flatMap (<anonymous>)

  console.log
    Timestamp: 2025-12-05T11:23:01.337Z

      at ValidationReporter.log [as generateReport] (lib/reporters/validation-reporter.ts:75:13)
          at Array.flatMap (<anonymous>)

  console.log
    
    Summary:

      at ValidationReporter.log [as generateReport] (lib/reporters/validation-reporter.ts:76:13)
          at Array.flatMap (<anonymous>)

  console.log
    Environment: test

      at ValidationReporter.log [as generateReport] (lib/reporters/validation-reporter.ts:74:13)
          at Array.flatMap (<anonymous>)

  console.log
    Timestamp: 2025-12-05T11:23:01.333Z

      at ValidationReporter.log [as generateReport] (lib/reporters/validation-reporter.ts:75:13)
          at Array.flatMap (<anonymous>)

  console.log
    
    Summary:

      at ValidationReporter.log [as generateReport] (lib/reporters/validation-reporter.ts:76:13)
          at Array.flatMap (<anonymous>)

  console.log
      Total Findings: 6

      at ValidationReporter.log [as generateReport] (lib/reporters/validation-reporter.ts:77:13)
          at Array.flatMap (<anonymous>)

  console.log
      Critical: 1

      at ValidationReporter.log [as generateReport] (lib/reporters/validation-reporter.ts:78:13)
          at Array.flatMap (<anonymous>)

  console.log
      Warning: 3

      at ValidationReporter.log [as generateReport] (lib/reporters/validation-reporter.ts:79:13)
          at Array.flatMap (<anonymous>)

  console.log
      Total Findings: 6

      at ValidationReporter.log [as generateReport] (lib/reporters/validation-reporter.ts:77:13)
          at Array.flatMap (<anonymous>)

  console.log
      Critical: 1

      at ValidationReporter.log [as generateReport] (lib/reporters/validation-reporter.ts:78:13)
          at Array.flatMap (<anonymous>)

  console.log
      Warning: 3

      at ValidationReporter.log [as generateReport] (lib/reporters/validation-reporter.ts:79:13)
          at Array.flatMap (<anonymous>)

  console.log
      Info: 2

      at ValidationReporter.log [as generateReport] (lib/reporters/validation-reporter.ts:80:13)
          at Array.flatMap (<anonymous>)

  console.log
      Info: 2

      at ValidationReporter.log [as generateReport] (lib/reporters/validation-reporter.ts:80:13)
          at Array.flatMap (<anonymous>)

  console.log
    
    Categories:

      at ValidationReporter.log [as generateReport] (lib/reporters/validation-reporter.ts:81:13)
          at Array.flatMap (<anonymous>)

  console.log
      S3: 2

      at ValidationReporter.log [as generateReport] (lib/reporters/validation-reporter.ts:83:15)
          at Array.flatMap (<anonymous>)

  console.log
      Lambda: 4

      at ValidationReporter.log [as generateReport] (lib/reporters/validation-reporter.ts:83:15)
          at Array.flatMap (<anonymous>)

  console.log
    
    Categories:

      at ValidationReporter.log [as generateReport] (lib/reporters/validation-reporter.ts:81:13)
          at Array.flatMap (<anonymous>)

  console.log
    
    Execution Metrics:

      at ValidationReporter.log [as generateReport] (lib/reporters/validation-reporter.ts:85:13)
          at Array.flatMap (<anonymous>)

  console.log
      Total Time: 0.00ms

      at ValidationReporter.log [as generateReport] (lib/reporters/validation-reporter.ts:86:13)
          at Array.flatMap (<anonymous>)

  console.log
      Average Time: 0.00ms

      at ValidationReporter.log [as generateReport] (lib/reporters/validation-reporter.ts:87:13)
          at Array.flatMap (<anonymous>)

  console.log
      S3: 2

      at ValidationReporter.log [as generateReport] (lib/reporters/validation-reporter.ts:83:15)
          at Array.flatMap (<anonymous>)

  console.log
    
    Detailed report written to: ./validation-report.json

      at ValidationReporter.log [as generateReport] (lib/reporters/validation-reporter.ts:88:13)
          at Array.flatMap (<anonymous>)

  console.log
      Lambda: 4

      at ValidationReporter.log [as generateReport] (lib/reporters/validation-reporter.ts:83:15)
          at Array.flatMap (<anonymous>)

  console.log
    
    Execution Metrics:

      at ValidationReporter.log [as generateReport] (lib/reporters/validation-reporter.ts:85:13)
          at Array.flatMap (<anonymous>)

  console.log
      Total Time: 0.00ms

      at ValidationReporter.log [as generateReport] (lib/reporters/validation-reporter.ts:86:13)
          at Array.flatMap (<anonymous>)

  console.log
    ================================================================================

      at ValidationReporter.log [as generateReport] (lib/reporters/validation-reporter.ts:89:13)
          at Array.flatMap (<anonymous>)

  console.log
      Average Time: 0.00ms

      at ValidationReporter.log [as generateReport] (lib/reporters/validation-reporter.ts:87:13)
          at Array.flatMap (<anonymous>)

  console.log
    
    Detailed report written to: ./validation-report.json

      at ValidationReporter.log [as generateReport] (lib/reporters/validation-reporter.ts:88:13)
          at Array.flatMap (<anonymous>)

  console.log
    ================================================================================

      at ValidationReporter.log [as generateReport] (lib/reporters/validation-reporter.ts:89:13)
          at Array.flatMap (<anonymous>)

  console.error
    
    Validation failed with 1 critical finding(s)

      91 |     // Exit with error code if critical findings exist
      92 |     if (summary.critical > 0) {
    > 93 |       console.error(`\nValidation failed with ${summary.critical} critical finding(s)\n`);
         |               ^
      94 |       // Don't exit here to allow report generation, but log the issue
      95 |     }
      96 |   }

      at ValidationReporter.error [as generateReport] (lib/reporters/validation-reporter.ts:93:15)
      at Object.generateReport [as validate] (lib/reporters/validation-reporter.ts:38:14)
      at validate (node_modules/constructs/src/construct.ts:398:45)
          at Array.flatMap (<anonymous>)
      at Node.flatMap [as validate] (node_modules/constructs/src/construct.ts:398:30)
      at validate (node_modules/aws-cdk-lib/core/lib/private/synthesis.js:2:3722)
      at cb (node_modules/aws-cdk-lib/core/lib/private/synthesis.js:4:255)
      at visit (node_modules/aws-cdk-lib/core/lib/private/synthesis.js:2:3657)
      at validateTree (node_modules/aws-cdk-lib/core/lib/private/synthesis.js:1:1561)
      at App.synth (node_modules/aws-cdk-lib/core/lib/stage.js:1:2262)
      at Object.<anonymous> (test/aspects.unit.test.ts:47:11)

  console.error
    
    Validation failed with 1 critical finding(s)

      91 |     // Exit with error code if critical findings exist
      92 |     if (summary.critical > 0) {
    > 93 |       console.error(`\nValidation failed with ${summary.critical} critical finding(s)\n`);
         |               ^
      94 |       // Don't exit here to allow report generation, but log the issue
      95 |     }
      96 |   }

      at ValidationReporter.error [as generateReport] (lib/reporters/validation-reporter.ts:93:15)
      at Object.generateReport [as validate] (lib/reporters/validation-reporter.ts:38:14)
      at validate (node_modules/constructs/src/construct.ts:398:45)
          at Array.flatMap (<anonymous>)
      at Node.flatMap [as validate] (node_modules/constructs/src/construct.ts:398:30)
      at validate (node_modules/aws-cdk-lib/core/lib/private/synthesis.js:2:3722)
      at cb (node_modules/aws-cdk-lib/core/lib/private/synthesis.js:4:255)
      at visit (node_modules/aws-cdk-lib/core/lib/private/synthesis.js:2:3657)
      at validateTree (node_modules/aws-cdk-lib/core/lib/private/synthesis.js:1:1561)
      at App.synth (node_modules/aws-cdk-lib/core/lib/stage.js:1:2262)
      at synth (node_modules/aws-cdk-lib/assertions/lib/template.js:2:320)
      at Function.toTemplate [as fromStack] (node_modules/aws-cdk-lib/assertions/lib/template.js:1:1485)
      at Object.<anonymous> (test/tap-stack.unit.test.ts:19:25)

  console.warn
    [WARNING] aws-cdk-lib.aws_s3.BucketEncryption#UNENCRYPTED is deprecated.
      S3 applies server-side encryption with SSE-S3 for every bucket
    that default encryption is not configured.
      This API will be removed in the next major release.

      34 |
      35 |     // Example S3 bucket without encryption (non-compliant for testing)
    > 36 |     const nonCompliantBucket = new s3.Bucket(this, 'NonCompliantBucket', {
         |                                ^
      37 |       bucketName: `non-compliant-bucket-${environmentSuffix}`,
      38 |       encryption: s3.BucketEncryption.UNENCRYPTED,
      39 |       removalPolicy: cdk.RemovalPolicy.DESTROY,

      at warn (node_modules/aws-cdk-lib/.warnings.jsii.js:4:146)
      at print (node_modules/aws-cdk-lib/.warnings.jsii.js:1:1679214)
      at Object.aws_cdk_lib_aws_s3_BucketEncryption [as aws_cdk_lib_aws_s3_BucketProps] (node_modules/aws-cdk-lib/.warnings.jsii.js:1:1677692)
      at new aws_cdk_lib_aws_s3_BucketProps (node_modules/aws-cdk-lib/aws-s3/lib/bucket.js:1:18721)
      at new TapStack (lib/tap-stack.ts:36:32)
      at Object.<anonymous> (test/aspects.unit.test.ts:66:7)

  console.warn
    [WARNING] aws-cdk-lib.aws_s3.BucketEncryption#UNENCRYPTED is deprecated.
      S3 applies server-side encryption with SSE-S3 for every bucket
    that default encryption is not configured.
      This API will be removed in the next major release.

      34 |
      35 |     // Example S3 bucket without encryption (non-compliant for testing)
    > 36 |     const nonCompliantBucket = new s3.Bucket(this, 'NonCompliantBucket', {
         |                                ^
      37 |       bucketName: `non-compliant-bucket-${environmentSuffix}`,
      38 |       encryption: s3.BucketEncryption.UNENCRYPTED,
      39 |       removalPolicy: cdk.RemovalPolicy.DESTROY,

      at warn (node_modules/aws-cdk-lib/.warnings.jsii.js:4:146)
      at print (node_modules/aws-cdk-lib/.warnings.jsii.js:1:1679214)
      at Object.aws_cdk_lib_aws_s3_BucketEncryption [as aws_cdk_lib_aws_s3_BucketProps] (node_modules/aws-cdk-lib/.warnings.jsii.js:1:1677692)
      at new aws_cdk_lib_aws_s3_BucketProps (node_modules/aws-cdk-lib/aws-s3/lib/bucket.js:1:18721)
      at new TapStack (lib/tap-stack.ts:36:32)
      at Object.<anonymous> (test/tap-stack.unit.test.ts:18:13)

  console.log
    
    ================================================================================

      at ValidationReporter.log [as generateReport] (lib/reporters/validation-reporter.ts:71:13)
          at Array.flatMap (<anonymous>)

  console.log
    INFRASTRUCTURE VALIDATION REPORT

      at ValidationReporter.log [as generateReport] (lib/reporters/validation-reporter.ts:72:13)
          at Array.flatMap (<anonymous>)

  console.log
    ================================================================================

      at ValidationReporter.log [as generateReport] (lib/reporters/validation-reporter.ts:73:13)
          at Array.flatMap (<anonymous>)

  console.log
    
    ================================================================================

      at ValidationReporter.log [as generateReport] (lib/reporters/validation-reporter.ts:71:13)
          at Array.flatMap (<anonymous>)

  console.log
    INFRASTRUCTURE VALIDATION REPORT

      at ValidationReporter.log [as generateReport] (lib/reporters/validation-reporter.ts:72:13)
          at Array.flatMap (<anonymous>)

  console.log
    ================================================================================

      at ValidationReporter.log [as generateReport] (lib/reporters/validation-reporter.ts:73:13)
          at Array.flatMap (<anonymous>)

  console.log
    Environment: test

      at ValidationReporter.log [as generateReport] (lib/reporters/validation-reporter.ts:74:13)
          at Array.flatMap (<anonymous>)

  console.log
    Timestamp: 2025-12-05T11:23:01.802Z

      at ValidationReporter.log [as generateReport] (lib/reporters/validation-reporter.ts:75:13)
          at Array.flatMap (<anonymous>)

  console.log
    
    Summary:

      at ValidationReporter.log [as generateReport] (lib/reporters/validation-reporter.ts:76:13)
          at Array.flatMap (<anonymous>)

  console.log
      Total Findings: 6

      at ValidationReporter.log [as generateReport] (lib/reporters/validation-reporter.ts:77:13)
          at Array.flatMap (<anonymous>)

  console.log
    Environment: test

      at ValidationReporter.log [as generateReport] (lib/reporters/validation-reporter.ts:74:13)
          at Array.flatMap (<anonymous>)

  console.log
    Timestamp: 2025-12-05T11:23:01.805Z

      at ValidationReporter.log [as generateReport] (lib/reporters/validation-reporter.ts:75:13)
          at Array.flatMap (<anonymous>)

  console.log
    
    Summary:

      at ValidationReporter.log [as generateReport] (lib/reporters/validation-reporter.ts:76:13)
          at Array.flatMap (<anonymous>)

  console.log
      Total Findings: 6

      at ValidationReporter.log [as generateReport] (lib/reporters/validation-reporter.ts:77:13)
          at Array.flatMap (<anonymous>)

  console.log
      Critical: 1

      at ValidationReporter.log [as generateReport] (lib/reporters/validation-reporter.ts:78:13)
          at Array.flatMap (<anonymous>)

  console.log
      Warning: 3

      at ValidationReporter.log [as generateReport] (lib/reporters/validation-reporter.ts:79:13)
          at Array.flatMap (<anonymous>)

  console.log
      Info: 2

      at ValidationReporter.log [as generateReport] (lib/reporters/validation-reporter.ts:80:13)
          at Array.flatMap (<anonymous>)

  console.log
      Critical: 1

      at ValidationReporter.log [as generateReport] (lib/reporters/validation-reporter.ts:78:13)
          at Array.flatMap (<anonymous>)

  console.log
    
    Categories:

      at ValidationReporter.log [as generateReport] (lib/reporters/validation-reporter.ts:81:13)
          at Array.flatMap (<anonymous>)

  console.log
      Warning: 3

      at ValidationReporter.log [as generateReport] (lib/reporters/validation-reporter.ts:79:13)
          at Array.flatMap (<anonymous>)

  console.log
      Info: 2

      at ValidationReporter.log [as generateReport] (lib/reporters/validation-reporter.ts:80:13)
          at Array.flatMap (<anonymous>)

  console.log
    
    Categories:

      at ValidationReporter.log [as generateReport] (lib/reporters/validation-reporter.ts:81:13)
          at Array.flatMap (<anonymous>)

  console.log
      S3: 2

      at ValidationReporter.log [as generateReport] (lib/reporters/validation-reporter.ts:83:15)
          at Array.flatMap (<anonymous>)

  console.log
      S3: 2

      at ValidationReporter.log [as generateReport] (lib/reporters/validation-reporter.ts:83:15)
          at Array.flatMap (<anonymous>)

  console.log
      Lambda: 4

      at ValidationReporter.log [as generateReport] (lib/reporters/validation-reporter.ts:83:15)
          at Array.flatMap (<anonymous>)

  console.log
      Lambda: 4

      at ValidationReporter.log [as generateReport] (lib/reporters/validation-reporter.ts:83:15)
          at Array.flatMap (<anonymous>)

  console.log
    
    Execution Metrics:

      at ValidationReporter.log [as generateReport] (lib/reporters/validation-reporter.ts:85:13)
          at Array.flatMap (<anonymous>)

  console.log
    
    Execution Metrics:

      at ValidationReporter.log [as generateReport] (lib/reporters/validation-reporter.ts:85:13)
          at Array.flatMap (<anonymous>)

  console.log
      Total Time: 0.00ms

      at ValidationReporter.log [as generateReport] (lib/reporters/validation-reporter.ts:86:13)
          at Array.flatMap (<anonymous>)

  console.log
      Total Time: 2.00ms

      at ValidationReporter.log [as generateReport] (lib/reporters/validation-reporter.ts:86:13)
          at Array.flatMap (<anonymous>)

  console.log
      Average Time: 0.00ms

      at ValidationReporter.log [as generateReport] (lib/reporters/validation-reporter.ts:87:13)
          at Array.flatMap (<anonymous>)

  console.log
      Average Time: 0.33ms

      at ValidationReporter.log [as generateReport] (lib/reporters/validation-reporter.ts:87:13)
          at Array.flatMap (<anonymous>)

  console.log
    
    Detailed report written to: ./validation-report.json

      at ValidationReporter.log [as generateReport] (lib/reporters/validation-reporter.ts:88:13)
          at Array.flatMap (<anonymous>)

  console.log
    
    Detailed report written to: ./validation-report.json

      at ValidationReporter.log [as generateReport] (lib/reporters/validation-reporter.ts:88:13)
          at Array.flatMap (<anonymous>)

  console.log
    ================================================================================

      at ValidationReporter.log [as generateReport] (lib/reporters/validation-reporter.ts:89:13)
          at Array.flatMap (<anonymous>)

  console.log
    ================================================================================

      at ValidationReporter.log [as generateReport] (lib/reporters/validation-reporter.ts:89:13)
          at Array.flatMap (<anonymous>)

  console.error
    
    Validation failed with 1 critical finding(s)

      91 |     // Exit with error code if critical findings exist
      92 |     if (summary.critical > 0) {
    > 93 |       console.error(`\nValidation failed with ${summary.critical} critical finding(s)\n`);
         |               ^
      94 |       // Don't exit here to allow report generation, but log the issue
      95 |     }
      96 |   }

      at ValidationReporter.error [as generateReport] (lib/reporters/validation-reporter.ts:93:15)
      at Object.generateReport [as validate] (lib/reporters/validation-reporter.ts:38:14)
      at validate (node_modules/constructs/src/construct.ts:398:45)
          at Array.flatMap (<anonymous>)
      at Node.flatMap [as validate] (node_modules/constructs/src/construct.ts:398:30)
      at validate (node_modules/aws-cdk-lib/core/lib/private/synthesis.js:2:3722)
      at cb (node_modules/aws-cdk-lib/core/lib/private/synthesis.js:4:255)
      at visit (node_modules/aws-cdk-lib/core/lib/private/synthesis.js:2:3657)
      at validateTree (node_modules/aws-cdk-lib/core/lib/private/synthesis.js:1:1561)
      at App.synth (node_modules/aws-cdk-lib/core/lib/stage.js:1:2262)
      at Object.<anonymous> (test/aspects.unit.test.ts:68:11)

  console.error
    
    Validation failed with 1 critical finding(s)

      91 |     // Exit with error code if critical findings exist
      92 |     if (summary.critical > 0) {
    > 93 |       console.error(`\nValidation failed with ${summary.critical} critical finding(s)\n`);
         |               ^
      94 |       // Don't exit here to allow report generation, but log the issue
      95 |     }
      96 |   }

      at ValidationReporter.error [as generateReport] (lib/reporters/validation-reporter.ts:93:15)
      at Object.generateReport [as validate] (lib/reporters/validation-reporter.ts:38:14)
      at validate (node_modules/constructs/src/construct.ts:398:45)
          at Array.flatMap (<anonymous>)
      at Node.flatMap [as validate] (node_modules/constructs/src/construct.ts:398:30)
      at validate (node_modules/aws-cdk-lib/core/lib/private/synthesis.js:2:3722)
      at cb (node_modules/aws-cdk-lib/core/lib/private/synthesis.js:4:255)
      at visit (node_modules/aws-cdk-lib/core/lib/private/synthesis.js:2:3657)
      at validateTree (node_modules/aws-cdk-lib/core/lib/private/synthesis.js:1:1561)
      at App.synth (node_modules/aws-cdk-lib/core/lib/stage.js:1:2262)
      at synth (node_modules/aws-cdk-lib/assertions/lib/template.js:2:320)
      at Function.toTemplate [as fromStack] (node_modules/aws-cdk-lib/assertions/lib/template.js:1:1485)
      at Object.<anonymous> (test/tap-stack.unit.test.ts:19:25)

  console.warn
    [WARNING] aws-cdk-lib.aws_s3.BucketEncryption#UNENCRYPTED is deprecated.
      S3 applies server-side encryption with SSE-S3 for every bucket
    that default encryption is not configured.
      This API will be removed in the next major release.

      34 |
      35 |     // Example S3 bucket without encryption (non-compliant for testing)
    > 36 |     const nonCompliantBucket = new s3.Bucket(this, 'NonCompliantBucket', {
         |                                ^
      37 |       bucketName: `non-compliant-bucket-${environmentSuffix}`,
      38 |       encryption: s3.BucketEncryption.UNENCRYPTED,
      39 |       removalPolicy: cdk.RemovalPolicy.DESTROY,

      at warn (node_modules/aws-cdk-lib/.warnings.jsii.js:4:146)
      at print (node_modules/aws-cdk-lib/.warnings.jsii.js:1:1679214)
      at Object.aws_cdk_lib_aws_s3_BucketEncryption [as aws_cdk_lib_aws_s3_BucketProps] (node_modules/aws-cdk-lib/.warnings.jsii.js:1:1677692)
      at new aws_cdk_lib_aws_s3_BucketProps (node_modules/aws-cdk-lib/aws-s3/lib/bucket.js:1:18721)
      at new TapStack (lib/tap-stack.ts:36:32)
      at Object.<anonymous> (test/tap-stack.unit.test.ts:18:13)

  console.warn
    [WARNING] aws-cdk-lib.aws_s3.BucketEncryption#UNENCRYPTED is deprecated.
      S3 applies server-side encryption with SSE-S3 for every bucket
    that default encryption is not configured.
      This API will be removed in the next major release.

      34 |
      35 |     // Example S3 bucket without encryption (non-compliant for testing)
    > 36 |     const nonCompliantBucket = new s3.Bucket(this, 'NonCompliantBucket', {
         |                                ^
      37 |       bucketName: `non-compliant-bucket-${environmentSuffix}`,
      38 |       encryption: s3.BucketEncryption.UNENCRYPTED,
      39 |       removalPolicy: cdk.RemovalPolicy.DESTROY,

      at warn (node_modules/aws-cdk-lib/.warnings.jsii.js:4:146)
      at print (node_modules/aws-cdk-lib/.warnings.jsii.js:1:1679214)
      at Object.aws_cdk_lib_aws_s3_BucketEncryption [as aws_cdk_lib_aws_s3_BucketProps] (node_modules/aws-cdk-lib/.warnings.jsii.js:1:1677692)
      at new aws_cdk_lib_aws_s3_BucketProps (node_modules/aws-cdk-lib/aws-s3/lib/bucket.js:1:18721)
      at new TapStack (lib/tap-stack.ts:36:32)
      at Object.<anonymous> (test/aspects.unit.test.ts:85:7)

  console.log
    
    ================================================================================

      at ValidationReporter.log [as generateReport] (lib/reporters/validation-reporter.ts:71:13)
          at Array.flatMap (<anonymous>)

  console.log
    INFRASTRUCTURE VALIDATION REPORT

      at ValidationReporter.log [as generateReport] (lib/reporters/validation-reporter.ts:72:13)
          at Array.flatMap (<anonymous>)

  console.log
    ================================================================================

      at ValidationReporter.log [as generateReport] (lib/reporters/validation-reporter.ts:73:13)
          at Array.flatMap (<anonymous>)

  console.log
    Environment: test

      at ValidationReporter.log [as generateReport] (lib/reporters/validation-reporter.ts:74:13)
          at Array.flatMap (<anonymous>)

  console.log
    Timestamp: 2025-12-05T11:23:02.180Z

      at ValidationReporter.log [as generateReport] (lib/reporters/validation-reporter.ts:75:13)
          at Array.flatMap (<anonymous>)

  console.log
    
    Summary:

      at ValidationReporter.log [as generateReport] (lib/reporters/validation-reporter.ts:76:13)
          at Array.flatMap (<anonymous>)

  console.log
      Total Findings: 6

      at ValidationReporter.log [as generateReport] (lib/reporters/validation-reporter.ts:77:13)
          at Array.flatMap (<anonymous>)

  console.log
      Critical: 1

      at ValidationReporter.log [as generateReport] (lib/reporters/validation-reporter.ts:78:13)
          at Array.flatMap (<anonymous>)

  console.log
      Warning: 3

      at ValidationReporter.log [as generateReport] (lib/reporters/validation-reporter.ts:79:13)
          at Array.flatMap (<anonymous>)

  console.log
      Info: 2

      at ValidationReporter.log [as generateReport] (lib/reporters/validation-reporter.ts:80:13)
          at Array.flatMap (<anonymous>)

  console.log
    
    Categories:

      at ValidationReporter.log [as generateReport] (lib/reporters/validation-reporter.ts:81:13)
          at Array.flatMap (<anonymous>)

  console.log
      S3: 2

      at ValidationReporter.log [as generateReport] (lib/reporters/validation-reporter.ts:83:15)
          at Array.flatMap (<anonymous>)

  console.log
      Lambda: 4

      at ValidationReporter.log [as generateReport] (lib/reporters/validation-reporter.ts:83:15)
          at Array.flatMap (<anonymous>)

  console.log
    
    Execution Metrics:

      at ValidationReporter.log [as generateReport] (lib/reporters/validation-reporter.ts:85:13)
          at Array.flatMap (<anonymous>)

  console.log
    
    ================================================================================

      at ValidationReporter.log [as generateReport] (lib/reporters/validation-reporter.ts:71:13)
          at Array.flatMap (<anonymous>)

  console.log
    INFRASTRUCTURE VALIDATION REPORT

      at ValidationReporter.log [as generateReport] (lib/reporters/validation-reporter.ts:72:13)
          at Array.flatMap (<anonymous>)

  console.log
    ================================================================================

      at ValidationReporter.log [as generateReport] (lib/reporters/validation-reporter.ts:73:13)
          at Array.flatMap (<anonymous>)

  console.log
      Total Time: 0.00ms

      at ValidationReporter.log [as generateReport] (lib/reporters/validation-reporter.ts:86:13)
          at Array.flatMap (<anonymous>)

  console.log
    Environment: test

      at ValidationReporter.log [as generateReport] (lib/reporters/validation-reporter.ts:74:13)
          at Array.flatMap (<anonymous>)

  console.log
    Timestamp: 2025-12-05T11:23:02.271Z

      at ValidationReporter.log [as generateReport] (lib/reporters/validation-reporter.ts:75:13)
          at Array.flatMap (<anonymous>)

  console.log
      Average Time: 0.00ms

      at ValidationReporter.log [as generateReport] (lib/reporters/validation-reporter.ts:87:13)
          at Array.flatMap (<anonymous>)

  console.log
    
    Summary:

      at ValidationReporter.log [as generateReport] (lib/reporters/validation-reporter.ts:76:13)
          at Array.flatMap (<anonymous>)

  console.log
    
    Detailed report written to: ./validation-report.json

      at ValidationReporter.log [as generateReport] (lib/reporters/validation-reporter.ts:88:13)
          at Array.flatMap (<anonymous>)

  console.log
      Total Findings: 6

      at ValidationReporter.log [as generateReport] (lib/reporters/validation-reporter.ts:77:13)
          at Array.flatMap (<anonymous>)

  console.log
    ================================================================================

      at ValidationReporter.log [as generateReport] (lib/reporters/validation-reporter.ts:89:13)
          at Array.flatMap (<anonymous>)

  console.log
      Critical: 1

      at ValidationReporter.log [as generateReport] (lib/reporters/validation-reporter.ts:78:13)
          at Array.flatMap (<anonymous>)

  console.log
      Warning: 3

      at ValidationReporter.log [as generateReport] (lib/reporters/validation-reporter.ts:79:13)
          at Array.flatMap (<anonymous>)

  console.log
      Info: 2

      at ValidationReporter.log [as generateReport] (lib/reporters/validation-reporter.ts:80:13)
          at Array.flatMap (<anonymous>)

  console.log
    
    Categories:

      at ValidationReporter.log [as generateReport] (lib/reporters/validation-reporter.ts:81:13)
          at Array.flatMap (<anonymous>)

  console.error
    
    Validation failed with 1 critical finding(s)

      91 |     // Exit with error code if critical findings exist
      92 |     if (summary.critical > 0) {
    > 93 |       console.error(`\nValidation failed with ${summary.critical} critical finding(s)\n`);
         |               ^
      94 |       // Don't exit here to allow report generation, but log the issue
      95 |     }
      96 |   }

      at ValidationReporter.error [as generateReport] (lib/reporters/validation-reporter.ts:93:15)
      at Object.generateReport [as validate] (lib/reporters/validation-reporter.ts:38:14)
      at validate (node_modules/constructs/src/construct.ts:398:45)
          at Array.flatMap (<anonymous>)
      at Node.flatMap [as validate] (node_modules/constructs/src/construct.ts:398:30)
      at validate (node_modules/aws-cdk-lib/core/lib/private/synthesis.js:2:3722)
      at cb (node_modules/aws-cdk-lib/core/lib/private/synthesis.js:4:255)
      at visit (node_modules/aws-cdk-lib/core/lib/private/synthesis.js:2:3657)
      at validateTree (node_modules/aws-cdk-lib/core/lib/private/synthesis.js:1:1561)
      at App.synth (node_modules/aws-cdk-lib/core/lib/stage.js:1:2262)
      at synth (node_modules/aws-cdk-lib/assertions/lib/template.js:2:320)
      at Function.toTemplate [as fromStack] (node_modules/aws-cdk-lib/assertions/lib/template.js:1:1485)
      at Object.<anonymous> (test/tap-stack.unit.test.ts:19:25)

  console.log
      S3: 2

      at ValidationReporter.log [as generateReport] (lib/reporters/validation-reporter.ts:83:15)
          at Array.flatMap (<anonymous>)

  console.log
      Lambda: 4

      at ValidationReporter.log [as generateReport] (lib/reporters/validation-reporter.ts:83:15)
          at Array.flatMap (<anonymous>)

  console.log
    
    Execution Metrics:

      at ValidationReporter.log [as generateReport] (lib/reporters/validation-reporter.ts:85:13)
          at Array.flatMap (<anonymous>)

  console.log
      Total Time: 0.00ms

      at ValidationReporter.log [as generateReport] (lib/reporters/validation-reporter.ts:86:13)
          at Array.flatMap (<anonymous>)

  console.log
      Average Time: 0.00ms

      at ValidationReporter.log [as generateReport] (lib/reporters/validation-reporter.ts:87:13)
          at Array.flatMap (<anonymous>)

  console.log
    
    Detailed report written to: ./validation-report.json

      at ValidationReporter.log [as generateReport] (lib/reporters/validation-reporter.ts:88:13)
          at Array.flatMap (<anonymous>)

  console.log
    ================================================================================

      at ValidationReporter.log [as generateReport] (lib/reporters/validation-reporter.ts:89:13)
          at Array.flatMap (<anonymous>)

  console.error
    
    Validation failed with 1 critical finding(s)

      91 |     // Exit with error code if critical findings exist
      92 |     if (summary.critical > 0) {
    > 93 |       console.error(`\nValidation failed with ${summary.critical} critical finding(s)\n`);
         |               ^
      94 |       // Don't exit here to allow report generation, but log the issue
      95 |     }
      96 |   }

      at ValidationReporter.error [as generateReport] (lib/reporters/validation-reporter.ts:93:15)
      at Object.generateReport [as validate] (lib/reporters/validation-reporter.ts:38:14)
      at validate (node_modules/constructs/src/construct.ts:398:45)
          at Array.flatMap (<anonymous>)
      at Node.flatMap [as validate] (node_modules/constructs/src/construct.ts:398:30)
      at validate (node_modules/aws-cdk-lib/core/lib/private/synthesis.js:2:3722)
      at cb (node_modules/aws-cdk-lib/core/lib/private/synthesis.js:4:255)
      at visit (node_modules/aws-cdk-lib/core/lib/private/synthesis.js:2:3657)
      at validateTree (node_modules/aws-cdk-lib/core/lib/private/synthesis.js:1:1561)
      at App.synth (node_modules/aws-cdk-lib/core/lib/stage.js:1:2262)
      at Object.<anonymous> (test/aspects.unit.test.ts:87:11)

  console.warn
    [WARNING] aws-cdk-lib.aws_s3.BucketEncryption#UNENCRYPTED is deprecated.
      S3 applies server-side encryption with SSE-S3 for every bucket
    that default encryption is not configured.
      This API will be removed in the next major release.

      34 |
      35 |     // Example S3 bucket without encryption (non-compliant for testing)
    > 36 |     const nonCompliantBucket = new s3.Bucket(this, 'NonCompliantBucket', {
         |                                ^
      37 |       bucketName: `non-compliant-bucket-${environmentSuffix}`,
      38 |       encryption: s3.BucketEncryption.UNENCRYPTED,
      39 |       removalPolicy: cdk.RemovalPolicy.DESTROY,

      at warn (node_modules/aws-cdk-lib/.warnings.jsii.js:4:146)
      at print (node_modules/aws-cdk-lib/.warnings.jsii.js:1:1679214)
      at Object.aws_cdk_lib_aws_s3_BucketEncryption [as aws_cdk_lib_aws_s3_BucketProps] (node_modules/aws-cdk-lib/.warnings.jsii.js:1:1677692)
      at new aws_cdk_lib_aws_s3_BucketProps (node_modules/aws-cdk-lib/aws-s3/lib/bucket.js:1:18721)
      at new TapStack (lib/tap-stack.ts:36:32)
      at Object.<anonymous> (test/tap-stack.unit.test.ts:18:13)

  console.warn
    [WARNING] aws-cdk-lib.aws_s3.BucketEncryption#UNENCRYPTED is deprecated.
      S3 applies server-side encryption with SSE-S3 for every bucket
    that default encryption is not configured.
      This API will be removed in the next major release.

      34 |
      35 |     // Example S3 bucket without encryption (non-compliant for testing)
    > 36 |     const nonCompliantBucket = new s3.Bucket(this, 'NonCompliantBucket', {
         |                                ^
      37 |       bucketName: `non-compliant-bucket-${environmentSuffix}`,
      38 |       encryption: s3.BucketEncryption.UNENCRYPTED,
      39 |       removalPolicy: cdk.RemovalPolicy.DESTROY,

      at warn (node_modules/aws-cdk-lib/.warnings.jsii.js:4:146)
      at print (node_modules/aws-cdk-lib/.warnings.jsii.js:1:1679214)
      at Object.aws_cdk_lib_aws_s3_BucketEncryption [as aws_cdk_lib_aws_s3_BucketProps] (node_modules/aws-cdk-lib/.warnings.jsii.js:1:1677692)
      at new aws_cdk_lib_aws_s3_BucketProps (node_modules/aws-cdk-lib/aws-s3/lib/bucket.js:1:18721)
      at new TapStack (lib/tap-stack.ts:36:32)
      at Object.<anonymous> (test/aspects.unit.test.ts:104:7)

  console.log
    
    ================================================================================

      at ValidationReporter.log [as generateReport] (lib/reporters/validation-reporter.ts:71:13)
          at Array.flatMap (<anonymous>)

  console.log
    INFRASTRUCTURE VALIDATION REPORT

      at ValidationReporter.log [as generateReport] (lib/reporters/validation-reporter.ts:72:13)
          at Array.flatMap (<anonymous>)

  console.log
    ================================================================================

      at ValidationReporter.log [as generateReport] (lib/reporters/validation-reporter.ts:73:13)
          at Array.flatMap (<anonymous>)

  console.log
    Environment: test

      at ValidationReporter.log [as generateReport] (lib/reporters/validation-reporter.ts:74:13)
          at Array.flatMap (<anonymous>)

  console.log
    Timestamp: 2025-12-05T11:23:02.537Z

      at ValidationReporter.log [as generateReport] (lib/reporters/validation-reporter.ts:75:13)
          at Array.flatMap (<anonymous>)

  console.log
    
    Summary:

      at ValidationReporter.log [as generateReport] (lib/reporters/validation-reporter.ts:76:13)
          at Array.flatMap (<anonymous>)

  console.log
      Total Findings: 6

      at ValidationReporter.log [as generateReport] (lib/reporters/validation-reporter.ts:77:13)
          at Array.flatMap (<anonymous>)

  console.log
      Critical: 1

      at ValidationReporter.log [as generateReport] (lib/reporters/validation-reporter.ts:78:13)
          at Array.flatMap (<anonymous>)

  console.log
      Warning: 3

      at ValidationReporter.log [as generateReport] (lib/reporters/validation-reporter.ts:79:13)
          at Array.flatMap (<anonymous>)

  console.log
      Info: 2

      at ValidationReporter.log [as generateReport] (lib/reporters/validation-reporter.ts:80:13)
          at Array.flatMap (<anonymous>)

  console.log
    
    Categories:

      at ValidationReporter.log [as generateReport] (lib/reporters/validation-reporter.ts:81:13)
          at Array.flatMap (<anonymous>)

  console.log
      S3: 2

      at ValidationReporter.log [as generateReport] (lib/reporters/validation-reporter.ts:83:15)
          at Array.flatMap (<anonymous>)

  console.log
    
    ================================================================================

      at ValidationReporter.log [as generateReport] (lib/reporters/validation-reporter.ts:71:13)
          at Array.flatMap (<anonymous>)

  console.log
      Lambda: 4

      at ValidationReporter.log [as generateReport] (lib/reporters/validation-reporter.ts:83:15)
          at Array.flatMap (<anonymous>)

  console.log
    INFRASTRUCTURE VALIDATION REPORT

      at ValidationReporter.log [as generateReport] (lib/reporters/validation-reporter.ts:72:13)
          at Array.flatMap (<anonymous>)

  console.log
    
    Execution Metrics:

      at ValidationReporter.log [as generateReport] (lib/reporters/validation-reporter.ts:85:13)
          at Array.flatMap (<anonymous>)

  console.log
    ================================================================================

      at ValidationReporter.log [as generateReport] (lib/reporters/validation-reporter.ts:73:13)
          at Array.flatMap (<anonymous>)

  console.log
      Total Time: 0.00ms

      at ValidationReporter.log [as generateReport] (lib/reporters/validation-reporter.ts:86:13)
          at Array.flatMap (<anonymous>)

  console.log
      Average Time: 0.00ms

      at ValidationReporter.log [as generateReport] (lib/reporters/validation-reporter.ts:87:13)
          at Array.flatMap (<anonymous>)

  console.log
    Environment: test

      at ValidationReporter.log [as generateReport] (lib/reporters/validation-reporter.ts:74:13)
          at Array.flatMap (<anonymous>)

  console.log
    Timestamp: 2025-12-05T11:23:02.611Z

      at ValidationReporter.log [as generateReport] (lib/reporters/validation-reporter.ts:75:13)
          at Array.flatMap (<anonymous>)

  console.log
    
    Summary:

      at ValidationReporter.log [as generateReport] (lib/reporters/validation-reporter.ts:76:13)
          at Array.flatMap (<anonymous>)

  console.log
      Total Findings: 6

      at ValidationReporter.log [as generateReport] (lib/reporters/validation-reporter.ts:77:13)
          at Array.flatMap (<anonymous>)

  console.log
      Critical: 1

      at ValidationReporter.log [as generateReport] (lib/reporters/validation-reporter.ts:78:13)
          at Array.flatMap (<anonymous>)

  console.log
    
    Detailed report written to: ./validation-report.json

      at ValidationReporter.log [as generateReport] (lib/reporters/validation-reporter.ts:88:13)
          at Array.flatMap (<anonymous>)

  console.log
      Warning: 3

      at ValidationReporter.log [as generateReport] (lib/reporters/validation-reporter.ts:79:13)
          at Array.flatMap (<anonymous>)

  console.log
    ================================================================================

      at ValidationReporter.log [as generateReport] (lib/reporters/validation-reporter.ts:89:13)
          at Array.flatMap (<anonymous>)

  console.log
      Info: 2

      at ValidationReporter.log [as generateReport] (lib/reporters/validation-reporter.ts:80:13)
          at Array.flatMap (<anonymous>)

  console.error
    
    Validation failed with 1 critical finding(s)

      91 |     // Exit with error code if critical findings exist
      92 |     if (summary.critical > 0) {
    > 93 |       console.error(`\nValidation failed with ${summary.critical} critical finding(s)\n`);
         |               ^
      94 |       // Don't exit here to allow report generation, but log the issue
      95 |     }
      96 |   }

      at ValidationReporter.error [as generateReport] (lib/reporters/validation-reporter.ts:93:15)
      at Object.generateReport [as validate] (lib/reporters/validation-reporter.ts:38:14)
      at validate (node_modules/constructs/src/construct.ts:398:45)
          at Array.flatMap (<anonymous>)
      at Node.flatMap [as validate] (node_modules/constructs/src/construct.ts:398:30)
      at validate (node_modules/aws-cdk-lib/core/lib/private/synthesis.js:2:3722)
      at cb (node_modules/aws-cdk-lib/core/lib/private/synthesis.js:4:255)
      at visit (node_modules/aws-cdk-lib/core/lib/private/synthesis.js:2:3657)
      at validateTree (node_modules/aws-cdk-lib/core/lib/private/synthesis.js:1:1561)
      at App.synth (node_modules/aws-cdk-lib/core/lib/stage.js:1:2262)
      at synth (node_modules/aws-cdk-lib/assertions/lib/template.js:2:320)
      at Function.toTemplate [as fromStack] (node_modules/aws-cdk-lib/assertions/lib/template.js:1:1485)
      at Object.<anonymous> (test/tap-stack.unit.test.ts:19:25)

  console.log
    
    Categories:

      at ValidationReporter.log [as generateReport] (lib/reporters/validation-reporter.ts:81:13)
          at Array.flatMap (<anonymous>)

  console.log
      S3: 2

      at ValidationReporter.log [as generateReport] (lib/reporters/validation-reporter.ts:83:15)
          at Array.flatMap (<anonymous>)

  console.log
      Lambda: 4

      at ValidationReporter.log [as generateReport] (lib/reporters/validation-reporter.ts:83:15)
          at Array.flatMap (<anonymous>)

  console.log
    
    Execution Metrics:

      at ValidationReporter.log [as generateReport] (lib/reporters/validation-reporter.ts:85:13)
          at Array.flatMap (<anonymous>)

  console.log
      Total Time: 0.00ms

      at ValidationReporter.log [as generateReport] (lib/reporters/validation-reporter.ts:86:13)
          at Array.flatMap (<anonymous>)

  console.log
      Average Time: 0.00ms

      at ValidationReporter.log [as generateReport] (lib/reporters/validation-reporter.ts:87:13)
          at Array.flatMap (<anonymous>)

  console.log
    
    Detailed report written to: ./validation-report.json

      at ValidationReporter.log [as generateReport] (lib/reporters/validation-reporter.ts:88:13)
          at Array.flatMap (<anonymous>)

  console.log
    ================================================================================

      at ValidationReporter.log [as generateReport] (lib/reporters/validation-reporter.ts:89:13)
          at Array.flatMap (<anonymous>)

  console.error
    
    Validation failed with 1 critical finding(s)

      91 |     // Exit with error code if critical findings exist
      92 |     if (summary.critical > 0) {
    > 93 |       console.error(`\nValidation failed with ${summary.critical} critical finding(s)\n`);
         |               ^
      94 |       // Don't exit here to allow report generation, but log the issue
      95 |     }
      96 |   }

      at ValidationReporter.error [as generateReport] (lib/reporters/validation-reporter.ts:93:15)
      at Object.generateReport [as validate] (lib/reporters/validation-reporter.ts:38:14)
      at validate (node_modules/constructs/src/construct.ts:398:45)
          at Array.flatMap (<anonymous>)
      at Node.flatMap [as validate] (node_modules/constructs/src/construct.ts:398:30)
      at validate (node_modules/aws-cdk-lib/core/lib/private/synthesis.js:2:3722)
      at cb (node_modules/aws-cdk-lib/core/lib/private/synthesis.js:4:255)
      at visit (node_modules/aws-cdk-lib/core/lib/private/synthesis.js:2:3657)
      at validateTree (node_modules/aws-cdk-lib/core/lib/private/synthesis.js:1:1561)
      at App.synth (node_modules/aws-cdk-lib/core/lib/stage.js:1:2262)
      at Object.<anonymous> (test/aspects.unit.test.ts:106:11)

  console.warn
    [WARNING] aws-cdk-lib.aws_s3.BucketEncryption#UNENCRYPTED is deprecated.
      S3 applies server-side encryption with SSE-S3 for every bucket
    that default encryption is not configured.
      This API will be removed in the next major release.

      34 |
      35 |     // Example S3 bucket without encryption (non-compliant for testing)
    > 36 |     const nonCompliantBucket = new s3.Bucket(this, 'NonCompliantBucket', {
         |                                ^
      37 |       bucketName: `non-compliant-bucket-${environmentSuffix}`,
      38 |       encryption: s3.BucketEncryption.UNENCRYPTED,
      39 |       removalPolicy: cdk.RemovalPolicy.DESTROY,

      at warn (node_modules/aws-cdk-lib/.warnings.jsii.js:4:146)
      at print (node_modules/aws-cdk-lib/.warnings.jsii.js:1:1679214)
      at Object.aws_cdk_lib_aws_s3_BucketEncryption [as aws_cdk_lib_aws_s3_BucketProps] (node_modules/aws-cdk-lib/.warnings.jsii.js:1:1677692)
      at new aws_cdk_lib_aws_s3_BucketProps (node_modules/aws-cdk-lib/aws-s3/lib/bucket.js:1:18721)
      at new TapStack (lib/tap-stack.ts:36:32)
      at Object.<anonymous> (test/tap-stack.unit.test.ts:18:13)

  console.warn
    [WARNING] aws-cdk-lib.aws_s3.BucketEncryption#UNENCRYPTED is deprecated.
      S3 applies server-side encryption with SSE-S3 for every bucket
    that default encryption is not configured.
      This API will be removed in the next major release.

      34 |
      35 |     // Example S3 bucket without encryption (non-compliant for testing)
    > 36 |     const nonCompliantBucket = new s3.Bucket(this, 'NonCompliantBucket', {
         |                                ^
      37 |       bucketName: `non-compliant-bucket-${environmentSuffix}`,
      38 |       encryption: s3.BucketEncryption.UNENCRYPTED,
      39 |       removalPolicy: cdk.RemovalPolicy.DESTROY,

      at warn (node_modules/aws-cdk-lib/.warnings.jsii.js:4:146)
      at print (node_modules/aws-cdk-lib/.warnings.jsii.js:1:1679214)
      at Object.aws_cdk_lib_aws_s3_BucketEncryption [as aws_cdk_lib_aws_s3_BucketProps] (node_modules/aws-cdk-lib/.warnings.jsii.js:1:1677692)
      at new aws_cdk_lib_aws_s3_BucketProps (node_modules/aws-cdk-lib/aws-s3/lib/bucket.js:1:18721)
      at new TapStack (lib/tap-stack.ts:36:32)
      at Object.<anonymous> (test/aspects.unit.test.ts:120:7)

  console.log
    
    ================================================================================

      at ValidationReporter.log [as generateReport] (lib/reporters/validation-reporter.ts:71:13)
          at Array.flatMap (<anonymous>)

  console.log
    INFRASTRUCTURE VALIDATION REPORT

      at ValidationReporter.log [as generateReport] (lib/reporters/validation-reporter.ts:72:13)
          at Array.flatMap (<anonymous>)

  console.log
    ================================================================================

      at ValidationReporter.log [as generateReport] (lib/reporters/validation-reporter.ts:73:13)
          at Array.flatMap (<anonymous>)

  console.log
    Environment: test

      at ValidationReporter.log [as generateReport] (lib/reporters/validation-reporter.ts:74:13)
          at Array.flatMap (<anonymous>)

  console.log
    Timestamp: 2025-12-05T11:23:02.838Z

      at ValidationReporter.log [as generateReport] (lib/reporters/validation-reporter.ts:75:13)
          at Array.flatMap (<anonymous>)

  console.log
    
    Summary:

      at ValidationReporter.log [as generateReport] (lib/reporters/validation-reporter.ts:76:13)
          at Array.flatMap (<anonymous>)

  console.log
      Total Findings: 6

      at ValidationReporter.log [as generateReport] (lib/reporters/validation-reporter.ts:77:13)
          at Array.flatMap (<anonymous>)

  console.log
      Critical: 1

      at ValidationReporter.log [as generateReport] (lib/reporters/validation-reporter.ts:78:13)
          at Array.flatMap (<anonymous>)

  console.log
      Warning: 3

      at ValidationReporter.log [as generateReport] (lib/reporters/validation-reporter.ts:79:13)
          at Array.flatMap (<anonymous>)

  console.log
      Info: 2

      at ValidationReporter.log [as generateReport] (lib/reporters/validation-reporter.ts:80:13)
          at Array.flatMap (<anonymous>)

  console.log
    
    ================================================================================

      at ValidationReporter.log [as generateReport] (lib/reporters/validation-reporter.ts:71:13)
          at Array.flatMap (<anonymous>)

  console.log
    
    Categories:

      at ValidationReporter.log [as generateReport] (lib/reporters/validation-reporter.ts:81:13)
          at Array.flatMap (<anonymous>)

  console.log
    INFRASTRUCTURE VALIDATION REPORT

      at ValidationReporter.log [as generateReport] (lib/reporters/validation-reporter.ts:72:13)
          at Array.flatMap (<anonymous>)

  console.log
      S3: 2

      at ValidationReporter.log [as generateReport] (lib/reporters/validation-reporter.ts:83:15)
          at Array.flatMap (<anonymous>)

  console.log
    ================================================================================

      at ValidationReporter.log [as generateReport] (lib/reporters/validation-reporter.ts:73:13)
          at Array.flatMap (<anonymous>)

  console.log
      Lambda: 4

      at ValidationReporter.log [as generateReport] (lib/reporters/validation-reporter.ts:83:15)
          at Array.flatMap (<anonymous>)

  console.log
    Environment: test

      at ValidationReporter.log [as generateReport] (lib/reporters/validation-reporter.ts:74:13)
          at Array.flatMap (<anonymous>)

  console.log
    
    Execution Metrics:

      at ValidationReporter.log [as generateReport] (lib/reporters/validation-reporter.ts:85:13)
          at Array.flatMap (<anonymous>)

  console.log
    Timestamp: 2025-12-05T11:23:02.880Z

      at ValidationReporter.log [as generateReport] (lib/reporters/validation-reporter.ts:75:13)
          at Array.flatMap (<anonymous>)

  console.log
    
    Summary:

      at ValidationReporter.log [as generateReport] (lib/reporters/validation-reporter.ts:76:13)
          at Array.flatMap (<anonymous>)

  console.log
      Total Time: 0.00ms

      at ValidationReporter.log [as generateReport] (lib/reporters/validation-reporter.ts:86:13)
          at Array.flatMap (<anonymous>)

  console.log
      Average Time: 0.00ms

      at ValidationReporter.log [as generateReport] (lib/reporters/validation-reporter.ts:87:13)
          at Array.flatMap (<anonymous>)

  console.log
    
    Detailed report written to: ./validation-report.json

      at ValidationReporter.log [as generateReport] (lib/reporters/validation-reporter.ts:88:13)
          at Array.flatMap (<anonymous>)

  console.log
      Total Findings: 6

      at ValidationReporter.log [as generateReport] (lib/reporters/validation-reporter.ts:77:13)
          at Array.flatMap (<anonymous>)

  console.log
    ================================================================================

      at ValidationReporter.log [as generateReport] (lib/reporters/validation-reporter.ts:89:13)
          at Array.flatMap (<anonymous>)

  console.log
      Critical: 1

      at ValidationReporter.log [as generateReport] (lib/reporters/validation-reporter.ts:78:13)
          at Array.flatMap (<anonymous>)

  console.error
    
    Validation failed with 1 critical finding(s)

      91 |     // Exit with error code if critical findings exist
      92 |     if (summary.critical > 0) {
    > 93 |       console.error(`\nValidation failed with ${summary.critical} critical finding(s)\n`);
         |               ^
      94 |       // Don't exit here to allow report generation, but log the issue
      95 |     }
      96 |   }

      at ValidationReporter.error [as generateReport] (lib/reporters/validation-reporter.ts:93:15)
      at Object.generateReport [as validate] (lib/reporters/validation-reporter.ts:38:14)
      at validate (node_modules/constructs/src/construct.ts:398:45)
          at Array.flatMap (<anonymous>)
      at Node.flatMap [as validate] (node_modules/constructs/src/construct.ts:398:30)
      at validate (node_modules/aws-cdk-lib/core/lib/private/synthesis.js:2:3722)
      at cb (node_modules/aws-cdk-lib/core/lib/private/synthesis.js:4:255)
      at visit (node_modules/aws-cdk-lib/core/lib/private/synthesis.js:2:3657)
      at validateTree (node_modules/aws-cdk-lib/core/lib/private/synthesis.js:1:1561)
      at App.synth (node_modules/aws-cdk-lib/core/lib/stage.js:1:2262)
      at synth (node_modules/aws-cdk-lib/assertions/lib/template.js:2:320)
      at Function.toTemplate [as fromStack] (node_modules/aws-cdk-lib/assertions/lib/template.js:1:1485)
      at Object.<anonymous> (test/tap-stack.unit.test.ts:19:25)

  console.log
      Warning: 3

      at ValidationReporter.log [as generateReport] (lib/reporters/validation-reporter.ts:79:13)
          at Array.flatMap (<anonymous>)

  console.log
      Info: 2

      at ValidationReporter.log [as generateReport] (lib/reporters/validation-reporter.ts:80:13)
          at Array.flatMap (<anonymous>)

  console.log
    
    Categories:

      at ValidationReporter.log [as generateReport] (lib/reporters/validation-reporter.ts:81:13)
          at Array.flatMap (<anonymous>)

  console.log
      S3: 2

      at ValidationReporter.log [as generateReport] (lib/reporters/validation-reporter.ts:83:15)
          at Array.flatMap (<anonymous>)

  console.log
      Lambda: 4

      at ValidationReporter.log [as generateReport] (lib/reporters/validation-reporter.ts:83:15)
          at Array.flatMap (<anonymous>)

  console.log
    
    Execution Metrics:

      at ValidationReporter.log [as generateReport] (lib/reporters/validation-reporter.ts:85:13)
          at Array.flatMap (<anonymous>)

  console.log
      Total Time: 0.00ms

      at ValidationReporter.log [as generateReport] (lib/reporters/validation-reporter.ts:86:13)
          at Array.flatMap (<anonymous>)

  console.log
      Average Time: 0.00ms

      at ValidationReporter.log [as generateReport] (lib/reporters/validation-reporter.ts:87:13)
          at Array.flatMap (<anonymous>)

  console.log
    
    Detailed report written to: ./validation-report.json

      at ValidationReporter.log [as generateReport] (lib/reporters/validation-reporter.ts:88:13)
          at Array.flatMap (<anonymous>)

  console.log
    ================================================================================

      at ValidationReporter.log [as generateReport] (lib/reporters/validation-reporter.ts:89:13)
          at Array.flatMap (<anonymous>)

  console.error
    
    Validation failed with 1 critical finding(s)

      91 |     // Exit with error code if critical findings exist
      92 |     if (summary.critical > 0) {
    > 93 |       console.error(`\nValidation failed with ${summary.critical} critical finding(s)\n`);
         |               ^
      94 |       // Don't exit here to allow report generation, but log the issue
      95 |     }
      96 |   }

      at ValidationReporter.error [as generateReport] (lib/reporters/validation-reporter.ts:93:15)
      at Object.generateReport [as validate] (lib/reporters/validation-reporter.ts:38:14)
      at validate (node_modules/constructs/src/construct.ts:398:45)
          at Array.flatMap (<anonymous>)
      at Node.flatMap [as validate] (node_modules/constructs/src/construct.ts:398:30)
      at validate (node_modules/aws-cdk-lib/core/lib/private/synthesis.js:2:3722)
      at cb (node_modules/aws-cdk-lib/core/lib/private/synthesis.js:4:255)
      at visit (node_modules/aws-cdk-lib/core/lib/private/synthesis.js:2:3657)
      at validateTree (node_modules/aws-cdk-lib/core/lib/private/synthesis.js:1:1561)
      at App.synth (node_modules/aws-cdk-lib/core/lib/stage.js:1:2262)
      at Object.<anonymous> (test/aspects.unit.test.ts:122:11)

  console.warn
    [WARNING] aws-cdk-lib.aws_s3.BucketEncryption#UNENCRYPTED is deprecated.
      S3 applies server-side encryption with SSE-S3 for every bucket
    that default encryption is not configured.
      This API will be removed in the next major release.

      34 |
      35 |     // Example S3 bucket without encryption (non-compliant for testing)
    > 36 |     const nonCompliantBucket = new s3.Bucket(this, 'NonCompliantBucket', {
         |                                ^
      37 |       bucketName: `non-compliant-bucket-${environmentSuffix}`,
      38 |       encryption: s3.BucketEncryption.UNENCRYPTED,
      39 |       removalPolicy: cdk.RemovalPolicy.DESTROY,

      at warn (node_modules/aws-cdk-lib/.warnings.jsii.js:4:146)
      at print (node_modules/aws-cdk-lib/.warnings.jsii.js:1:1679214)
      at Object.aws_cdk_lib_aws_s3_BucketEncryption [as aws_cdk_lib_aws_s3_BucketProps] (node_modules/aws-cdk-lib/.warnings.jsii.js:1:1677692)
      at new aws_cdk_lib_aws_s3_BucketProps (node_modules/aws-cdk-lib/aws-s3/lib/bucket.js:1:18721)
      at new TapStack (lib/tap-stack.ts:36:32)
      at Object.<anonymous> (test/tap-stack.unit.test.ts:18:13)

  console.warn
    [WARNING] aws-cdk-lib.aws_s3.BucketEncryption#UNENCRYPTED is deprecated.
      S3 applies server-side encryption with SSE-S3 for every bucket
    that default encryption is not configured.
      This API will be removed in the next major release.

      34 |
      35 |     // Example S3 bucket without encryption (non-compliant for testing)
    > 36 |     const nonCompliantBucket = new s3.Bucket(this, 'NonCompliantBucket', {
         |                                ^
      37 |       bucketName: `non-compliant-bucket-${environmentSuffix}`,
      38 |       encryption: s3.BucketEncryption.UNENCRYPTED,
      39 |       removalPolicy: cdk.RemovalPolicy.DESTROY,

      at warn (node_modules/aws-cdk-lib/.warnings.jsii.js:4:146)
      at print (node_modules/aws-cdk-lib/.warnings.jsii.js:1:1679214)
      at Object.aws_cdk_lib_aws_s3_BucketEncryption [as aws_cdk_lib_aws_s3_BucketProps] (node_modules/aws-cdk-lib/.warnings.jsii.js:1:1677692)
      at new aws_cdk_lib_aws_s3_BucketProps (node_modules/aws-cdk-lib/aws-s3/lib/bucket.js:1:18721)
      at new TapStack (lib/tap-stack.ts:36:32)
      at Object.<anonymous> (test/aspects.unit.test.ts:136:7)

  console.log
    
    ================================================================================

      at ValidationReporter.log [as generateReport] (lib/reporters/validation-reporter.ts:71:13)
          at Array.flatMap (<anonymous>)

  console.log
    INFRASTRUCTURE VALIDATION REPORT

      at ValidationReporter.log [as generateReport] (lib/reporters/validation-reporter.ts:72:13)
          at Array.flatMap (<anonymous>)

  console.log
    ================================================================================

      at ValidationReporter.log [as generateReport] (lib/reporters/validation-reporter.ts:73:13)
          at Array.flatMap (<anonymous>)

  console.log
    Environment: test

      at ValidationReporter.log [as generateReport] (lib/reporters/validation-reporter.ts:74:13)
          at Array.flatMap (<anonymous>)

  console.log
    Timestamp: 2025-12-05T11:23:03.069Z

      at ValidationReporter.log [as generateReport] (lib/reporters/validation-reporter.ts:75:13)
          at Array.flatMap (<anonymous>)

  console.log
    
    Summary:

      at ValidationReporter.log [as generateReport] (lib/reporters/validation-reporter.ts:76:13)
          at Array.flatMap (<anonymous>)

  console.log
      Total Findings: 6

      at ValidationReporter.log [as generateReport] (lib/reporters/validation-reporter.ts:77:13)
          at Array.flatMap (<anonymous>)

  console.log
      Critical: 1

      at ValidationReporter.log [as generateReport] (lib/reporters/validation-reporter.ts:78:13)
          at Array.flatMap (<anonymous>)

  console.log
    
    ================================================================================

      at ValidationReporter.log [as generateReport] (lib/reporters/validation-reporter.ts:71:13)
          at Array.flatMap (<anonymous>)

  console.log
      Warning: 3

      at ValidationReporter.log [as generateReport] (lib/reporters/validation-reporter.ts:79:13)
          at Array.flatMap (<anonymous>)

  console.log
    INFRASTRUCTURE VALIDATION REPORT

      at ValidationReporter.log [as generateReport] (lib/reporters/validation-reporter.ts:72:13)
          at Array.flatMap (<anonymous>)

  console.log
      Info: 2

      at ValidationReporter.log [as generateReport] (lib/reporters/validation-reporter.ts:80:13)
          at Array.flatMap (<anonymous>)

  console.log
    ================================================================================

      at ValidationReporter.log [as generateReport] (lib/reporters/validation-reporter.ts:73:13)
          at Array.flatMap (<anonymous>)

  console.log
    
    Categories:

      at ValidationReporter.log [as generateReport] (lib/reporters/validation-reporter.ts:81:13)
          at Array.flatMap (<anonymous>)

  console.log
    Environment: test

      at ValidationReporter.log [as generateReport] (lib/reporters/validation-reporter.ts:74:13)
          at Array.flatMap (<anonymous>)

  console.log
      S3: 2

      at ValidationReporter.log [as generateReport] (lib/reporters/validation-reporter.ts:83:15)
          at Array.flatMap (<anonymous>)

  console.log
    Timestamp: 2025-12-05T11:23:03.109Z

      at ValidationReporter.log [as generateReport] (lib/reporters/validation-reporter.ts:75:13)
          at Array.flatMap (<anonymous>)

  console.log
      Lambda: 4

      at ValidationReporter.log [as generateReport] (lib/reporters/validation-reporter.ts:83:15)
          at Array.flatMap (<anonymous>)

  console.log
    
    Summary:

      at ValidationReporter.log [as generateReport] (lib/reporters/validation-reporter.ts:76:13)
          at Array.flatMap (<anonymous>)

  console.log
      Total Findings: 6

      at ValidationReporter.log [as generateReport] (lib/reporters/validation-reporter.ts:77:13)
          at Array.flatMap (<anonymous>)

  console.log
    
    Execution Metrics:

      at ValidationReporter.log [as generateReport] (lib/reporters/validation-reporter.ts:85:13)
          at Array.flatMap (<anonymous>)

  console.log
      Critical: 1

      at ValidationReporter.log [as generateReport] (lib/reporters/validation-reporter.ts:78:13)
          at Array.flatMap (<anonymous>)

  console.log
      Warning: 3

      at ValidationReporter.log [as generateReport] (lib/reporters/validation-reporter.ts:79:13)
          at Array.flatMap (<anonymous>)

  console.log
      Total Time: 0.00ms

      at ValidationReporter.log [as generateReport] (lib/reporters/validation-reporter.ts:86:13)
          at Array.flatMap (<anonymous>)

  console.log
      Average Time: 0.00ms

      at ValidationReporter.log [as generateReport] (lib/reporters/validation-reporter.ts:87:13)
          at Array.flatMap (<anonymous>)

  console.log
      Info: 2

      at ValidationReporter.log [as generateReport] (lib/reporters/validation-reporter.ts:80:13)
          at Array.flatMap (<anonymous>)

  console.log
    
    Categories:

      at ValidationReporter.log [as generateReport] (lib/reporters/validation-reporter.ts:81:13)
          at Array.flatMap (<anonymous>)

  console.log
      S3: 2

      at ValidationReporter.log [as generateReport] (lib/reporters/validation-reporter.ts:83:15)
          at Array.flatMap (<anonymous>)

  console.log
      Lambda: 4

      at ValidationReporter.log [as generateReport] (lib/reporters/validation-reporter.ts:83:15)
          at Array.flatMap (<anonymous>)

  console.log
    
    Detailed report written to: ./validation-report.json

      at ValidationReporter.log [as generateReport] (lib/reporters/validation-reporter.ts:88:13)
          at Array.flatMap (<anonymous>)

  console.log
    ================================================================================

      at ValidationReporter.log [as generateReport] (lib/reporters/validation-reporter.ts:89:13)
          at Array.flatMap (<anonymous>)

  console.log
    
    Execution Metrics:

      at ValidationReporter.log [as generateReport] (lib/reporters/validation-reporter.ts:85:13)
          at Array.flatMap (<anonymous>)

  console.error
    
    Validation failed with 1 critical finding(s)

      91 |     // Exit with error code if critical findings exist
      92 |     if (summary.critical > 0) {
    > 93 |       console.error(`\nValidation failed with ${summary.critical} critical finding(s)\n`);
         |               ^
      94 |       // Don't exit here to allow report generation, but log the issue
      95 |     }
      96 |   }

      at ValidationReporter.error [as generateReport] (lib/reporters/validation-reporter.ts:93:15)
      at Object.generateReport [as validate] (lib/reporters/validation-reporter.ts:38:14)
      at validate (node_modules/constructs/src/construct.ts:398:45)
          at Array.flatMap (<anonymous>)
      at Node.flatMap [as validate] (node_modules/constructs/src/construct.ts:398:30)
      at validate (node_modules/aws-cdk-lib/core/lib/private/synthesis.js:2:3722)
      at cb (node_modules/aws-cdk-lib/core/lib/private/synthesis.js:4:255)
      at visit (node_modules/aws-cdk-lib/core/lib/private/synthesis.js:2:3657)
      at validateTree (node_modules/aws-cdk-lib/core/lib/private/synthesis.js:1:1561)
      at App.synth (node_modules/aws-cdk-lib/core/lib/stage.js:1:2262)
      at synth (node_modules/aws-cdk-lib/assertions/lib/template.js:2:320)
      at Function.toTemplate [as fromStack] (node_modules/aws-cdk-lib/assertions/lib/template.js:1:1485)
      at Object.<anonymous> (test/tap-stack.unit.test.ts:19:25)

  console.log
      Total Time: 0.00ms

      at ValidationReporter.log [as generateReport] (lib/reporters/validation-reporter.ts:86:13)
          at Array.flatMap (<anonymous>)

  console.log
      Average Time: 0.00ms

      at ValidationReporter.log [as generateReport] (lib/reporters/validation-reporter.ts:87:13)
          at Array.flatMap (<anonymous>)

  console.log
    
    Detailed report written to: ./validation-report.json

      at ValidationReporter.log [as generateReport] (lib/reporters/validation-reporter.ts:88:13)
          at Array.flatMap (<anonymous>)

  console.log
    ================================================================================

      at ValidationReporter.log [as generateReport] (lib/reporters/validation-reporter.ts:89:13)
          at Array.flatMap (<anonymous>)

  console.error
    
    Validation failed with 1 critical finding(s)

      91 |     // Exit with error code if critical findings exist
      92 |     if (summary.critical > 0) {
    > 93 |       console.error(`\nValidation failed with ${summary.critical} critical finding(s)\n`);
         |               ^
      94 |       // Don't exit here to allow report generation, but log the issue
      95 |     }
      96 |   }

      at ValidationReporter.error [as generateReport] (lib/reporters/validation-reporter.ts:93:15)
      at Object.generateReport [as validate] (lib/reporters/validation-reporter.ts:38:14)
      at validate (node_modules/constructs/src/construct.ts:398:45)
          at Array.flatMap (<anonymous>)
      at Node.flatMap [as validate] (node_modules/constructs/src/construct.ts:398:30)
      at validate (node_modules/aws-cdk-lib/core/lib/private/synthesis.js:2:3722)
      at cb (node_modules/aws-cdk-lib/core/lib/private/synthesis.js:4:255)
      at visit (node_modules/aws-cdk-lib/core/lib/private/synthesis.js:2:3657)
      at validateTree (node_modules/aws-cdk-lib/core/lib/private/synthesis.js:1:1561)
      at App.synth (node_modules/aws-cdk-lib/core/lib/stage.js:1:2262)
      at Object.<anonymous> (test/aspects.unit.test.ts:138:11)

  console.warn
    [WARNING] aws-cdk-lib.aws_s3.BucketEncryption#UNENCRYPTED is deprecated.
      S3 applies server-side encryption with SSE-S3 for every bucket
    that default encryption is not configured.
      This API will be removed in the next major release.

      34 |
      35 |     // Example S3 bucket without encryption (non-compliant for testing)
    > 36 |     const nonCompliantBucket = new s3.Bucket(this, 'NonCompliantBucket', {
         |                                ^
      37 |       bucketName: `non-compliant-bucket-${environmentSuffix}`,
      38 |       encryption: s3.BucketEncryption.UNENCRYPTED,
      39 |       removalPolicy: cdk.RemovalPolicy.DESTROY,

      at warn (node_modules/aws-cdk-lib/.warnings.jsii.js:4:146)
      at print (node_modules/aws-cdk-lib/.warnings.jsii.js:1:1679214)
      at Object.aws_cdk_lib_aws_s3_BucketEncryption [as aws_cdk_lib_aws_s3_BucketProps] (node_modules/aws-cdk-lib/.warnings.jsii.js:1:1677692)
      at new aws_cdk_lib_aws_s3_BucketProps (node_modules/aws-cdk-lib/aws-s3/lib/bucket.js:1:18721)
      at new TapStack (lib/tap-stack.ts:36:32)
      at Object.<anonymous> (test/aspects.unit.test.ts:154:7)

  console.log
    
    ================================================================================

      at ValidationReporter.log [as generateReport] (lib/reporters/validation-reporter.ts:71:13)
          at Array.flatMap (<anonymous>)

  console.log
    INFRASTRUCTURE VALIDATION REPORT

      at ValidationReporter.log [as generateReport] (lib/reporters/validation-reporter.ts:72:13)
          at Array.flatMap (<anonymous>)

  console.log
    ================================================================================

      at ValidationReporter.log [as generateReport] (lib/reporters/validation-reporter.ts:73:13)
          at Array.flatMap (<anonymous>)

  console.warn
    [WARNING] aws-cdk-lib.aws_s3.BucketEncryption#UNENCRYPTED is deprecated.
      S3 applies server-side encryption with SSE-S3 for every bucket
    that default encryption is not configured.
      This API will be removed in the next major release.

      34 |
      35 |     // Example S3 bucket without encryption (non-compliant for testing)
    > 36 |     const nonCompliantBucket = new s3.Bucket(this, 'NonCompliantBucket', {
         |                                ^
      37 |       bucketName: `non-compliant-bucket-${environmentSuffix}`,
      38 |       encryption: s3.BucketEncryption.UNENCRYPTED,
      39 |       removalPolicy: cdk.RemovalPolicy.DESTROY,

      at warn (node_modules/aws-cdk-lib/.warnings.jsii.js:4:146)
      at print (node_modules/aws-cdk-lib/.warnings.jsii.js:1:1679214)
      at Object.aws_cdk_lib_aws_s3_BucketEncryption [as aws_cdk_lib_aws_s3_BucketProps] (node_modules/aws-cdk-lib/.warnings.jsii.js:1:1677692)
      at new aws_cdk_lib_aws_s3_BucketProps (node_modules/aws-cdk-lib/aws-s3/lib/bucket.js:1:18721)
      at new TapStack (lib/tap-stack.ts:36:32)
      at Object.<anonymous> (test/tap-stack.unit.test.ts:18:13)

  console.log
    Environment: test

      at ValidationReporter.log [as generateReport] (lib/reporters/validation-reporter.ts:74:13)
          at Array.flatMap (<anonymous>)

  console.log
    Timestamp: 2025-12-05T11:23:03.351Z

      at ValidationReporter.log [as generateReport] (lib/reporters/validation-reporter.ts:75:13)
          at Array.flatMap (<anonymous>)

  console.log
    
    Summary:

      at ValidationReporter.log [as generateReport] (lib/reporters/validation-reporter.ts:76:13)
          at Array.flatMap (<anonymous>)

  console.log
      Total Findings: 6

      at ValidationReporter.log [as generateReport] (lib/reporters/validation-reporter.ts:77:13)
          at Array.flatMap (<anonymous>)

  console.log
      Critical: 1

      at ValidationReporter.log [as generateReport] (lib/reporters/validation-reporter.ts:78:13)
          at Array.flatMap (<anonymous>)

  console.log
      Warning: 3

      at ValidationReporter.log [as generateReport] (lib/reporters/validation-reporter.ts:79:13)
          at Array.flatMap (<anonymous>)

  console.log
      Info: 2

      at ValidationReporter.log [as generateReport] (lib/reporters/validation-reporter.ts:80:13)
          at Array.flatMap (<anonymous>)

  console.log
    
    Categories:

      at ValidationReporter.log [as generateReport] (lib/reporters/validation-reporter.ts:81:13)
          at Array.flatMap (<anonymous>)

  console.log
      S3: 2

      at ValidationReporter.log [as generateReport] (lib/reporters/validation-reporter.ts:83:15)
          at Array.flatMap (<anonymous>)

  console.log
      Lambda: 4

      at ValidationReporter.log [as generateReport] (lib/reporters/validation-reporter.ts:83:15)
          at Array.flatMap (<anonymous>)

  console.log
    
    Execution Metrics:

      at ValidationReporter.log [as generateReport] (lib/reporters/validation-reporter.ts:85:13)
          at Array.flatMap (<anonymous>)

  console.log
      Total Time: 0.00ms

      at ValidationReporter.log [as generateReport] (lib/reporters/validation-reporter.ts:86:13)
          at Array.flatMap (<anonymous>)

  console.log
      Average Time: 0.00ms

      at ValidationReporter.log [as generateReport] (lib/reporters/validation-reporter.ts:87:13)
          at Array.flatMap (<anonymous>)

  console.log
    
    Detailed report written to: ./validation-report.json

      at ValidationReporter.log [as generateReport] (lib/reporters/validation-reporter.ts:88:13)
          at Array.flatMap (<anonymous>)

  console.log
    ================================================================================

      at ValidationReporter.log [as generateReport] (lib/reporters/validation-reporter.ts:89:13)
          at Array.flatMap (<anonymous>)

  console.error
    
    Validation failed with 1 critical finding(s)

      91 |     // Exit with error code if critical findings exist
      92 |     if (summary.critical > 0) {
    > 93 |       console.error(`\nValidation failed with ${summary.critical} critical finding(s)\n`);
         |               ^
      94 |       // Don't exit here to allow report generation, but log the issue
      95 |     }
      96 |   }

      at ValidationReporter.error [as generateReport] (lib/reporters/validation-reporter.ts:93:15)
      at Object.generateReport [as validate] (lib/reporters/validation-reporter.ts:38:14)
      at validate (node_modules/constructs/src/construct.ts:398:45)
          at Array.flatMap (<anonymous>)
      at Node.flatMap [as validate] (node_modules/constructs/src/construct.ts:398:30)
      at validate (node_modules/aws-cdk-lib/core/lib/private/synthesis.js:2:3722)
      at cb (node_modules/aws-cdk-lib/core/lib/private/synthesis.js:4:255)
      at visit (node_modules/aws-cdk-lib/core/lib/private/synthesis.js:2:3657)
      at validateTree (node_modules/aws-cdk-lib/core/lib/private/synthesis.js:1:1561)
      at App.synth (node_modules/aws-cdk-lib/core/lib/stage.js:1:2262)
      at Object.<anonymous> (test/aspects.unit.test.ts:156:11)

  console.log
    
    ================================================================================

      at ValidationReporter.log [as generateReport] (lib/reporters/validation-reporter.ts:71:13)
          at Array.flatMap (<anonymous>)

  console.log
    INFRASTRUCTURE VALIDATION REPORT

      at ValidationReporter.log [as generateReport] (lib/reporters/validation-reporter.ts:72:13)
          at Array.flatMap (<anonymous>)

  console.log
    ================================================================================

      at ValidationReporter.log [as generateReport] (lib/reporters/validation-reporter.ts:73:13)
          at Array.flatMap (<anonymous>)

  console.log
    Environment: test

      at ValidationReporter.log [as generateReport] (lib/reporters/validation-reporter.ts:74:13)
          at Array.flatMap (<anonymous>)

  console.log
    Timestamp: 2025-12-05T11:23:03.423Z

      at ValidationReporter.log [as generateReport] (lib/reporters/validation-reporter.ts:75:13)
          at Array.flatMap (<anonymous>)

  console.log
    
    Summary:

      at ValidationReporter.log [as generateReport] (lib/reporters/validation-reporter.ts:76:13)
          at Array.flatMap (<anonymous>)

  console.log
      Total Findings: 6

      at ValidationReporter.log [as generateReport] (lib/reporters/validation-reporter.ts:77:13)
          at Array.flatMap (<anonymous>)

  console.log
      Critical: 1

      at ValidationReporter.log [as generateReport] (lib/reporters/validation-reporter.ts:78:13)
          at Array.flatMap (<anonymous>)

  console.log
      Warning: 3

      at ValidationReporter.log [as generateReport] (lib/reporters/validation-reporter.ts:79:13)
          at Array.flatMap (<anonymous>)

  console.log
      Info: 2

      at ValidationReporter.log [as generateReport] (lib/reporters/validation-reporter.ts:80:13)
          at Array.flatMap (<anonymous>)

  console.log
    
    Categories:

      at ValidationReporter.log [as generateReport] (lib/reporters/validation-reporter.ts:81:13)
          at Array.flatMap (<anonymous>)

  console.log
      S3: 2

      at ValidationReporter.log [as generateReport] (lib/reporters/validation-reporter.ts:83:15)
          at Array.flatMap (<anonymous>)

  console.log
      Lambda: 4

      at ValidationReporter.log [as generateReport] (lib/reporters/validation-reporter.ts:83:15)
          at Array.flatMap (<anonymous>)

  console.log
    
    Execution Metrics:

      at ValidationReporter.log [as generateReport] (lib/reporters/validation-reporter.ts:85:13)
          at Array.flatMap (<anonymous>)

  console.log
      Total Time: 0.00ms

      at ValidationReporter.log [as generateReport] (lib/reporters/validation-reporter.ts:86:13)
          at Array.flatMap (<anonymous>)

  console.log
      Average Time: 0.00ms

      at ValidationReporter.log [as generateReport] (lib/reporters/validation-reporter.ts:87:13)
          at Array.flatMap (<anonymous>)

  console.log
    
    Detailed report written to: ./validation-report.json

      at ValidationReporter.log [as generateReport] (lib/reporters/validation-reporter.ts:88:13)
          at Array.flatMap (<anonymous>)

  console.log
    ================================================================================

      at ValidationReporter.log [as generateReport] (lib/reporters/validation-reporter.ts:89:13)
          at Array.flatMap (<anonymous>)

  console.error
    
    Validation failed with 1 critical finding(s)

      91 |     // Exit with error code if critical findings exist
      92 |     if (summary.critical > 0) {
    > 93 |       console.error(`\nValidation failed with ${summary.critical} critical finding(s)\n`);
         |               ^
      94 |       // Don't exit here to allow report generation, but log the issue
      95 |     }
      96 |   }

      at ValidationReporter.error [as generateReport] (lib/reporters/validation-reporter.ts:93:15)
      at Object.generateReport [as validate] (lib/reporters/validation-reporter.ts:38:14)
      at validate (node_modules/constructs/src/construct.ts:398:45)
          at Array.flatMap (<anonymous>)
      at Node.flatMap [as validate] (node_modules/constructs/src/construct.ts:398:30)
      at validate (node_modules/aws-cdk-lib/core/lib/private/synthesis.js:2:3722)
      at cb (node_modules/aws-cdk-lib/core/lib/private/synthesis.js:4:255)
      at visit (node_modules/aws-cdk-lib/core/lib/private/synthesis.js:2:3657)
      at validateTree (node_modules/aws-cdk-lib/core/lib/private/synthesis.js:1:1561)
      at App.synth (node_modules/aws-cdk-lib/core/lib/stage.js:1:2262)
      at synth (node_modules/aws-cdk-lib/assertions/lib/template.js:2:320)
      at Function.toTemplate [as fromStack] (node_modules/aws-cdk-lib/assertions/lib/template.js:1:1485)
      at Object.<anonymous> (test/tap-stack.unit.test.ts:19:25)

  console.warn
    [WARNING] aws-cdk-lib.aws_s3.BucketEncryption#UNENCRYPTED is deprecated.
      S3 applies server-side encryption with SSE-S3 for every bucket
    that default encryption is not configured.
      This API will be removed in the next major release.

      34 |
      35 |     // Example S3 bucket without encryption (non-compliant for testing)
    > 36 |     const nonCompliantBucket = new s3.Bucket(this, 'NonCompliantBucket', {
         |                                ^
      37 |       bucketName: `non-compliant-bucket-${environmentSuffix}`,
      38 |       encryption: s3.BucketEncryption.UNENCRYPTED,
      39 |       removalPolicy: cdk.RemovalPolicy.DESTROY,

      at warn (node_modules/aws-cdk-lib/.warnings.jsii.js:4:146)
      at print (node_modules/aws-cdk-lib/.warnings.jsii.js:1:1679214)
      at Object.aws_cdk_lib_aws_s3_BucketEncryption [as aws_cdk_lib_aws_s3_BucketProps] (node_modules/aws-cdk-lib/.warnings.jsii.js:1:1677692)
      at new aws_cdk_lib_aws_s3_BucketProps (node_modules/aws-cdk-lib/aws-s3/lib/bucket.js:1:18721)
      at new TapStack (lib/tap-stack.ts:36:32)
      at Object.<anonymous> (test/aspects.unit.test.ts:168:7)

  console.log
    
    ================================================================================

      at ValidationReporter.log [as generateReport] (lib/reporters/validation-reporter.ts:71:13)
          at Array.flatMap (<anonymous>)

  console.log
    INFRASTRUCTURE VALIDATION REPORT

      at ValidationReporter.log [as generateReport] (lib/reporters/validation-reporter.ts:72:13)
          at Array.flatMap (<anonymous>)

  console.log
    ================================================================================

      at ValidationReporter.log [as generateReport] (lib/reporters/validation-reporter.ts:73:13)
          at Array.flatMap (<anonymous>)

  console.log
    Environment: test

      at ValidationReporter.log [as generateReport] (lib/reporters/validation-reporter.ts:74:13)
          at Array.flatMap (<anonymous>)

  console.log
    Timestamp: 2025-12-05T11:23:03.592Z

      at ValidationReporter.log [as generateReport] (lib/reporters/validation-reporter.ts:75:13)
          at Array.flatMap (<anonymous>)

  console.log
    
    Summary:

      at ValidationReporter.log [as generateReport] (lib/reporters/validation-reporter.ts:76:13)
          at Array.flatMap (<anonymous>)

  console.log
      Total Findings: 6

      at ValidationReporter.log [as generateReport] (lib/reporters/validation-reporter.ts:77:13)
          at Array.flatMap (<anonymous>)

  console.log
      Critical: 1

      at ValidationReporter.log [as generateReport] (lib/reporters/validation-reporter.ts:78:13)
          at Array.flatMap (<anonymous>)

  console.warn
    [WARNING] aws-cdk-lib.aws_s3.BucketEncryption#UNENCRYPTED is deprecated.
      S3 applies server-side encryption with SSE-S3 for every bucket
    that default encryption is not configured.
      This API will be removed in the next major release.

      34 |
      35 |     // Example S3 bucket without encryption (non-compliant for testing)
    > 36 |     const nonCompliantBucket = new s3.Bucket(this, 'NonCompliantBucket', {
         |                                ^
      37 |       bucketName: `non-compliant-bucket-${environmentSuffix}`,
      38 |       encryption: s3.BucketEncryption.UNENCRYPTED,
      39 |       removalPolicy: cdk.RemovalPolicy.DESTROY,

      at warn (node_modules/aws-cdk-lib/.warnings.jsii.js:4:146)
      at print (node_modules/aws-cdk-lib/.warnings.jsii.js:1:1679214)
      at Object.aws_cdk_lib_aws_s3_BucketEncryption [as aws_cdk_lib_aws_s3_BucketProps] (node_modules/aws-cdk-lib/.warnings.jsii.js:1:1677692)
      at new aws_cdk_lib_aws_s3_BucketProps (node_modules/aws-cdk-lib/aws-s3/lib/bucket.js:1:18721)
      at new TapStack (lib/tap-stack.ts:36:32)
      at Object.<anonymous> (test/tap-stack.unit.test.ts:18:13)

  console.log
      Warning: 3

      at ValidationReporter.log [as generateReport] (lib/reporters/validation-reporter.ts:79:13)
          at Array.flatMap (<anonymous>)

  console.log
      Info: 2

      at ValidationReporter.log [as generateReport] (lib/reporters/validation-reporter.ts:80:13)
          at Array.flatMap (<anonymous>)

  console.log
    
    Categories:

      at ValidationReporter.log [as generateReport] (lib/reporters/validation-reporter.ts:81:13)
          at Array.flatMap (<anonymous>)

  console.log
      S3: 2

      at ValidationReporter.log [as generateReport] (lib/reporters/validation-reporter.ts:83:15)
          at Array.flatMap (<anonymous>)

  console.log
      Lambda: 4

      at ValidationReporter.log [as generateReport] (lib/reporters/validation-reporter.ts:83:15)
          at Array.flatMap (<anonymous>)

  console.log
    
    Execution Metrics:

      at ValidationReporter.log [as generateReport] (lib/reporters/validation-reporter.ts:85:13)
          at Array.flatMap (<anonymous>)

  console.log
      Total Time: 0.00ms

      at ValidationReporter.log [as generateReport] (lib/reporters/validation-reporter.ts:86:13)
          at Array.flatMap (<anonymous>)

  console.log
      Average Time: 0.00ms

      at ValidationReporter.log [as generateReport] (lib/reporters/validation-reporter.ts:87:13)
          at Array.flatMap (<anonymous>)

  console.log
    
    Detailed report written to: ./validation-report.json

      at ValidationReporter.log [as generateReport] (lib/reporters/validation-reporter.ts:88:13)
          at Array.flatMap (<anonymous>)

  console.log
    ================================================================================

      at ValidationReporter.log [as generateReport] (lib/reporters/validation-reporter.ts:89:13)
          at Array.flatMap (<anonymous>)

  console.error
    
    Validation failed with 1 critical finding(s)

      91 |     // Exit with error code if critical findings exist
      92 |     if (summary.critical > 0) {
    > 93 |       console.error(`\nValidation failed with ${summary.critical} critical finding(s)\n`);
         |               ^
      94 |       // Don't exit here to allow report generation, but log the issue
      95 |     }
      96 |   }

      at ValidationReporter.error [as generateReport] (lib/reporters/validation-reporter.ts:93:15)
      at Object.generateReport [as validate] (lib/reporters/validation-reporter.ts:38:14)
      at validate (node_modules/constructs/src/construct.ts:398:45)
          at Array.flatMap (<anonymous>)
      at Node.flatMap [as validate] (node_modules/constructs/src/construct.ts:398:30)
      at validate (node_modules/aws-cdk-lib/core/lib/private/synthesis.js:2:3722)
      at cb (node_modules/aws-cdk-lib/core/lib/private/synthesis.js:4:255)
      at visit (node_modules/aws-cdk-lib/core/lib/private/synthesis.js:2:3657)
      at validateTree (node_modules/aws-cdk-lib/core/lib/private/synthesis.js:1:1561)
      at App.synth (node_modules/aws-cdk-lib/core/lib/stage.js:1:2262)
      at Object.<anonymous> (test/aspects.unit.test.ts:170:11)

  console.log
    
    ================================================================================

      at ValidationReporter.log [as generateReport] (lib/reporters/validation-reporter.ts:71:13)
          at Array.flatMap (<anonymous>)

  console.log
    INFRASTRUCTURE VALIDATION REPORT

      at ValidationReporter.log [as generateReport] (lib/reporters/validation-reporter.ts:72:13)
          at Array.flatMap (<anonymous>)

  console.log
    ================================================================================

      at ValidationReporter.log [as generateReport] (lib/reporters/validation-reporter.ts:73:13)
          at Array.flatMap (<anonymous>)

  console.log
    Environment: test

      at ValidationReporter.log [as generateReport] (lib/reporters/validation-reporter.ts:74:13)
          at Array.flatMap (<anonymous>)

  console.log
    Timestamp: 2025-12-05T11:23:03.667Z

      at ValidationReporter.log [as generateReport] (lib/reporters/validation-reporter.ts:75:13)
          at Array.flatMap (<anonymous>)

  console.log
    
    Summary:

      at ValidationReporter.log [as generateReport] (lib/reporters/validation-reporter.ts:76:13)
          at Array.flatMap (<anonymous>)

  console.log
      Total Findings: 6

      at ValidationReporter.log [as generateReport] (lib/reporters/validation-reporter.ts:77:13)
          at Array.flatMap (<anonymous>)

  console.log
      Critical: 1

      at ValidationReporter.log [as generateReport] (lib/reporters/validation-reporter.ts:78:13)
          at Array.flatMap (<anonymous>)

  console.log
      Warning: 3

      at ValidationReporter.log [as generateReport] (lib/reporters/validation-reporter.ts:79:13)
          at Array.flatMap (<anonymous>)

  console.log
      Info: 2

      at ValidationReporter.log [as generateReport] (lib/reporters/validation-reporter.ts:80:13)
          at Array.flatMap (<anonymous>)

  console.log
    
    Categories:

      at ValidationReporter.log [as generateReport] (lib/reporters/validation-reporter.ts:81:13)
          at Array.flatMap (<anonymous>)

  console.log
      S3: 2

      at ValidationReporter.log [as generateReport] (lib/reporters/validation-reporter.ts:83:15)
          at Array.flatMap (<anonymous>)

  console.log
      Lambda: 4

      at ValidationReporter.log [as generateReport] (lib/reporters/validation-reporter.ts:83:15)
          at Array.flatMap (<anonymous>)

  console.log
    
    Execution Metrics:

      at ValidationReporter.log [as generateReport] (lib/reporters/validation-reporter.ts:85:13)
          at Array.flatMap (<anonymous>)

  console.log
      Total Time: 0.00ms

      at ValidationReporter.log [as generateReport] (lib/reporters/validation-reporter.ts:86:13)
          at Array.flatMap (<anonymous>)

  console.log
      Average Time: 0.00ms

      at ValidationReporter.log [as generateReport] (lib/reporters/validation-reporter.ts:87:13)
          at Array.flatMap (<anonymous>)

  console.log
    
    Detailed report written to: ./validation-report.json

      at ValidationReporter.log [as generateReport] (lib/reporters/validation-reporter.ts:88:13)
          at Array.flatMap (<anonymous>)

  console.log
    ================================================================================

      at ValidationReporter.log [as generateReport] (lib/reporters/validation-reporter.ts:89:13)
          at Array.flatMap (<anonymous>)

  console.error
    
    Validation failed with 1 critical finding(s)

      91 |     // Exit with error code if critical findings exist
      92 |     if (summary.critical > 0) {
    > 93 |       console.error(`\nValidation failed with ${summary.critical} critical finding(s)\n`);
         |               ^
      94 |       // Don't exit here to allow report generation, but log the issue
      95 |     }
      96 |   }

      at ValidationReporter.error [as generateReport] (lib/reporters/validation-reporter.ts:93:15)
      at Object.generateReport [as validate] (lib/reporters/validation-reporter.ts:38:14)
      at validate (node_modules/constructs/src/construct.ts:398:45)
          at Array.flatMap (<anonymous>)
      at Node.flatMap [as validate] (node_modules/constructs/src/construct.ts:398:30)
      at validate (node_modules/aws-cdk-lib/core/lib/private/synthesis.js:2:3722)
      at cb (node_modules/aws-cdk-lib/core/lib/private/synthesis.js:4:255)
      at visit (node_modules/aws-cdk-lib/core/lib/private/synthesis.js:2:3657)
      at validateTree (node_modules/aws-cdk-lib/core/lib/private/synthesis.js:1:1561)
      at App.synth (node_modules/aws-cdk-lib/core/lib/stage.js:1:2262)
      at synth (node_modules/aws-cdk-lib/assertions/lib/template.js:2:320)
      at Function.toTemplate [as fromStack] (node_modules/aws-cdk-lib/assertions/lib/template.js:1:1485)
      at Object.<anonymous> (test/tap-stack.unit.test.ts:19:25)

  console.warn
    [WARNING] aws-cdk-lib.aws_s3.BucketEncryption#UNENCRYPTED is deprecated.
      S3 applies server-side encryption with SSE-S3 for every bucket
    that default encryption is not configured.
      This API will be removed in the next major release.

      34 |
      35 |     // Example S3 bucket without encryption (non-compliant for testing)
    > 36 |     const nonCompliantBucket = new s3.Bucket(this, 'NonCompliantBucket', {
         |                                ^
      37 |       bucketName: `non-compliant-bucket-${environmentSuffix}`,
      38 |       encryption: s3.BucketEncryption.UNENCRYPTED,
      39 |       removalPolicy: cdk.RemovalPolicy.DESTROY,

      at warn (node_modules/aws-cdk-lib/.warnings.jsii.js:4:146)
      at print (node_modules/aws-cdk-lib/.warnings.jsii.js:1:1679214)
      at Object.aws_cdk_lib_aws_s3_BucketEncryption [as aws_cdk_lib_aws_s3_BucketProps] (node_modules/aws-cdk-lib/.warnings.jsii.js:1:1677692)
      at new aws_cdk_lib_aws_s3_BucketProps (node_modules/aws-cdk-lib/aws-s3/lib/bucket.js:1:18721)
      at new TapStack (lib/tap-stack.ts:36:32)
      at Object.<anonymous> (test/aspects.unit.test.ts:184:7)

  console.log
    
    ================================================================================

      at ValidationReporter.log [as generateReport] (lib/reporters/validation-reporter.ts:71:13)
          at Array.flatMap (<anonymous>)

  console.log
    INFRASTRUCTURE VALIDATION REPORT

      at ValidationReporter.log [as generateReport] (lib/reporters/validation-reporter.ts:72:13)
          at Array.flatMap (<anonymous>)

  console.log
    ================================================================================

      at ValidationReporter.log [as generateReport] (lib/reporters/validation-reporter.ts:73:13)
          at Array.flatMap (<anonymous>)

  console.log
    Environment: test

      at ValidationReporter.log [as generateReport] (lib/reporters/validation-reporter.ts:74:13)
          at Array.flatMap (<anonymous>)

  console.log
    Timestamp: 2025-12-05T11:23:03.810Z

      at ValidationReporter.log [as generateReport] (lib/reporters/validation-reporter.ts:75:13)
          at Array.flatMap (<anonymous>)

  console.log
    
    Summary:

      at ValidationReporter.log [as generateReport] (lib/reporters/validation-reporter.ts:76:13)
          at Array.flatMap (<anonymous>)

  console.log
      Total Findings: 6

      at ValidationReporter.log [as generateReport] (lib/reporters/validation-reporter.ts:77:13)
          at Array.flatMap (<anonymous>)

  console.warn
    [WARNING] aws-cdk-lib.aws_s3.BucketEncryption#UNENCRYPTED is deprecated.
      S3 applies server-side encryption with SSE-S3 for every bucket
    that default encryption is not configured.
      This API will be removed in the next major release.

      34 |
      35 |     // Example S3 bucket without encryption (non-compliant for testing)
    > 36 |     const nonCompliantBucket = new s3.Bucket(this, 'NonCompliantBucket', {
         |                                ^
      37 |       bucketName: `non-compliant-bucket-${environmentSuffix}`,
      38 |       encryption: s3.BucketEncryption.UNENCRYPTED,
      39 |       removalPolicy: cdk.RemovalPolicy.DESTROY,

      at warn (node_modules/aws-cdk-lib/.warnings.jsii.js:4:146)
      at print (node_modules/aws-cdk-lib/.warnings.jsii.js:1:1679214)
      at Object.aws_cdk_lib_aws_s3_BucketEncryption [as aws_cdk_lib_aws_s3_BucketProps] (node_modules/aws-cdk-lib/.warnings.jsii.js:1:1677692)
      at new aws_cdk_lib_aws_s3_BucketProps (node_modules/aws-cdk-lib/aws-s3/lib/bucket.js:1:18721)
      at new TapStack (lib/tap-stack.ts:36:32)
      at Object.<anonymous> (test/tap-stack.unit.test.ts:18:13)

  console.log
      Critical: 1

      at ValidationReporter.log [as generateReport] (lib/reporters/validation-reporter.ts:78:13)
          at Array.flatMap (<anonymous>)

  console.log
      Warning: 3

      at ValidationReporter.log [as generateReport] (lib/reporters/validation-reporter.ts:79:13)
          at Array.flatMap (<anonymous>)

  console.log
      Info: 2

      at ValidationReporter.log [as generateReport] (lib/reporters/validation-reporter.ts:80:13)
          at Array.flatMap (<anonymous>)

  console.log
    
    Categories:

      at ValidationReporter.log [as generateReport] (lib/reporters/validation-reporter.ts:81:13)
          at Array.flatMap (<anonymous>)

  console.log
      S3: 2

      at ValidationReporter.log [as generateReport] (lib/reporters/validation-reporter.ts:83:15)
          at Array.flatMap (<anonymous>)

  console.log
      Lambda: 4

      at ValidationReporter.log [as generateReport] (lib/reporters/validation-reporter.ts:83:15)
          at Array.flatMap (<anonymous>)

  console.log
    
    Execution Metrics:

      at ValidationReporter.log [as generateReport] (lib/reporters/validation-reporter.ts:85:13)
          at Array.flatMap (<anonymous>)

  console.log
      Total Time: 0.00ms

      at ValidationReporter.log [as generateReport] (lib/reporters/validation-reporter.ts:86:13)
          at Array.flatMap (<anonymous>)

  console.log
      Average Time: 0.00ms

      at ValidationReporter.log [as generateReport] (lib/reporters/validation-reporter.ts:87:13)
          at Array.flatMap (<anonymous>)

  console.log
    
    Detailed report written to: ./validation-report.json

      at ValidationReporter.log [as generateReport] (lib/reporters/validation-reporter.ts:88:13)
          at Array.flatMap (<anonymous>)

  console.log
    ================================================================================

      at ValidationReporter.log [as generateReport] (lib/reporters/validation-reporter.ts:89:13)
          at Array.flatMap (<anonymous>)

  console.error
    
    Validation failed with 1 critical finding(s)

      91 |     // Exit with error code if critical findings exist
      92 |     if (summary.critical > 0) {
    > 93 |       console.error(`\nValidation failed with ${summary.critical} critical finding(s)\n`);
         |               ^
      94 |       // Don't exit here to allow report generation, but log the issue
      95 |     }
      96 |   }

      at ValidationReporter.error [as generateReport] (lib/reporters/validation-reporter.ts:93:15)
      at Object.generateReport [as validate] (lib/reporters/validation-reporter.ts:38:14)
      at validate (node_modules/constructs/src/construct.ts:398:45)
          at Array.flatMap (<anonymous>)
      at Node.flatMap [as validate] (node_modules/constructs/src/construct.ts:398:30)
      at validate (node_modules/aws-cdk-lib/core/lib/private/synthesis.js:2:3722)
      at cb (node_modules/aws-cdk-lib/core/lib/private/synthesis.js:4:255)
      at visit (node_modules/aws-cdk-lib/core/lib/private/synthesis.js:2:3657)
      at validateTree (node_modules/aws-cdk-lib/core/lib/private/synthesis.js:1:1561)
      at App.synth (node_modules/aws-cdk-lib/core/lib/stage.js:1:2262)
      at Object.<anonymous> (test/aspects.unit.test.ts:186:11)

  console.log
    
    ================================================================================

      at ValidationReporter.log [as generateReport] (lib/reporters/validation-reporter.ts:71:13)
          at Array.flatMap (<anonymous>)

  console.log
    INFRASTRUCTURE VALIDATION REPORT

      at ValidationReporter.log [as generateReport] (lib/reporters/validation-reporter.ts:72:13)
          at Array.flatMap (<anonymous>)

  console.log
    ================================================================================

      at ValidationReporter.log [as generateReport] (lib/reporters/validation-reporter.ts:73:13)
          at Array.flatMap (<anonymous>)

  console.log
    Environment: test

      at ValidationReporter.log [as generateReport] (lib/reporters/validation-reporter.ts:74:13)
          at Array.flatMap (<anonymous>)

  console.log
    Timestamp: 2025-12-05T11:23:03.908Z

      at ValidationReporter.log [as generateReport] (lib/reporters/validation-reporter.ts:75:13)
          at Array.flatMap (<anonymous>)

  console.log
    
    Summary:

      at ValidationReporter.log [as generateReport] (lib/reporters/validation-reporter.ts:76:13)
          at Array.flatMap (<anonymous>)

  console.log
      Total Findings: 6

      at ValidationReporter.log [as generateReport] (lib/reporters/validation-reporter.ts:77:13)
          at Array.flatMap (<anonymous>)

  console.log
      Critical: 1

      at ValidationReporter.log [as generateReport] (lib/reporters/validation-reporter.ts:78:13)
          at Array.flatMap (<anonymous>)

  console.log
      Warning: 3

      at ValidationReporter.log [as generateReport] (lib/reporters/validation-reporter.ts:79:13)
          at Array.flatMap (<anonymous>)

  console.log
      Info: 2

      at ValidationReporter.log [as generateReport] (lib/reporters/validation-reporter.ts:80:13)
          at Array.flatMap (<anonymous>)

  console.log
    
    Categories:

      at ValidationReporter.log [as generateReport] (lib/reporters/validation-reporter.ts:81:13)
          at Array.flatMap (<anonymous>)

  console.log
      S3: 2

      at ValidationReporter.log [as generateReport] (lib/reporters/validation-reporter.ts:83:15)
          at Array.flatMap (<anonymous>)

  console.log
      Lambda: 4

      at ValidationReporter.log [as generateReport] (lib/reporters/validation-reporter.ts:83:15)
          at Array.flatMap (<anonymous>)

  console.log
    
    Execution Metrics:

      at ValidationReporter.log [as generateReport] (lib/reporters/validation-reporter.ts:85:13)
          at Array.flatMap (<anonymous>)

  console.log
      Total Time: 0.00ms

      at ValidationReporter.log [as generateReport] (lib/reporters/validation-reporter.ts:86:13)
          at Array.flatMap (<anonymous>)

  console.log
      Average Time: 0.00ms

      at ValidationReporter.log [as generateReport] (lib/reporters/validation-reporter.ts:87:13)
          at Array.flatMap (<anonymous>)

  console.log
    
    Detailed report written to: ./validation-report.json

      at ValidationReporter.log [as generateReport] (lib/reporters/validation-reporter.ts:88:13)
          at Array.flatMap (<anonymous>)

  console.log
    ================================================================================

      at ValidationReporter.log [as generateReport] (lib/reporters/validation-reporter.ts:89:13)
          at Array.flatMap (<anonymous>)

  console.error
    
    Validation failed with 1 critical finding(s)

      91 |     // Exit with error code if critical findings exist
      92 |     if (summary.critical > 0) {
    > 93 |       console.error(`\nValidation failed with ${summary.critical} critical finding(s)\n`);
         |               ^
      94 |       // Don't exit here to allow report generation, but log the issue
      95 |     }
      96 |   }

      at ValidationReporter.error [as generateReport] (lib/reporters/validation-reporter.ts:93:15)
      at Object.generateReport [as validate] (lib/reporters/validation-reporter.ts:38:14)
      at validate (node_modules/constructs/src/construct.ts:398:45)
          at Array.flatMap (<anonymous>)
      at Node.flatMap [as validate] (node_modules/constructs/src/construct.ts:398:30)
      at validate (node_modules/aws-cdk-lib/core/lib/private/synthesis.js:2:3722)
      at cb (node_modules/aws-cdk-lib/core/lib/private/synthesis.js:4:255)
      at visit (node_modules/aws-cdk-lib/core/lib/private/synthesis.js:2:3657)
      at validateTree (node_modules/aws-cdk-lib/core/lib/private/synthesis.js:1:1561)
      at App.synth (node_modules/aws-cdk-lib/core/lib/stage.js:1:2262)
      at synth (node_modules/aws-cdk-lib/assertions/lib/template.js:2:320)
      at Function.toTemplate [as fromStack] (node_modules/aws-cdk-lib/assertions/lib/template.js:1:1485)
      at Object.<anonymous> (test/tap-stack.unit.test.ts:19:25)

  console.warn
    [WARNING] aws-cdk-lib.aws_s3.BucketEncryption#UNENCRYPTED is deprecated.
      S3 applies server-side encryption with SSE-S3 for every bucket
    that default encryption is not configured.
      This API will be removed in the next major release.

      34 |
      35 |     // Example S3 bucket without encryption (non-compliant for testing)
    > 36 |     const nonCompliantBucket = new s3.Bucket(this, 'NonCompliantBucket', {
         |                                ^
      37 |       bucketName: `non-compliant-bucket-${environmentSuffix}`,
      38 |       encryption: s3.BucketEncryption.UNENCRYPTED,
      39 |       removalPolicy: cdk.RemovalPolicy.DESTROY,

      at warn (node_modules/aws-cdk-lib/.warnings.jsii.js:4:146)
      at print (node_modules/aws-cdk-lib/.warnings.jsii.js:1:1679214)
      at Object.aws_cdk_lib_aws_s3_BucketEncryption [as aws_cdk_lib_aws_s3_BucketProps] (node_modules/aws-cdk-lib/.warnings.jsii.js:1:1677692)
      at new aws_cdk_lib_aws_s3_BucketProps (node_modules/aws-cdk-lib/aws-s3/lib/bucket.js:1:18721)
      at new TapStack (lib/tap-stack.ts:36:32)
      at Object.<anonymous> (test/aspects.unit.test.ts:203:7)

  console.log
    
    ================================================================================

      at ValidationReporter.log [as generateReport] (lib/reporters/validation-reporter.ts:71:13)
          at Array.flatMap (<anonymous>)

  console.log
    INFRASTRUCTURE VALIDATION REPORT

      at ValidationReporter.log [as generateReport] (lib/reporters/validation-reporter.ts:72:13)
          at Array.flatMap (<anonymous>)

  console.log
    ================================================================================

      at ValidationReporter.log [as generateReport] (lib/reporters/validation-reporter.ts:73:13)
          at Array.flatMap (<anonymous>)

  console.log
    Environment: test

      at ValidationReporter.log [as generateReport] (lib/reporters/validation-reporter.ts:74:13)
          at Array.flatMap (<anonymous>)

  console.log
    Timestamp: 2025-12-05T11:23:04.074Z

      at ValidationReporter.log [as generateReport] (lib/reporters/validation-reporter.ts:75:13)
          at Array.flatMap (<anonymous>)

  console.log
    
    Summary:

      at ValidationReporter.log [as generateReport] (lib/reporters/validation-reporter.ts:76:13)
          at Array.flatMap (<anonymous>)

  console.log
      Total Findings: 6

      at ValidationReporter.log [as generateReport] (lib/reporters/validation-reporter.ts:77:13)
          at Array.flatMap (<anonymous>)

  console.warn
    [WARNING] aws-cdk-lib.aws_s3.BucketEncryption#UNENCRYPTED is deprecated.
      S3 applies server-side encryption with SSE-S3 for every bucket
    that default encryption is not configured.
      This API will be removed in the next major release.

      34 |
      35 |     // Example S3 bucket without encryption (non-compliant for testing)
    > 36 |     const nonCompliantBucket = new s3.Bucket(this, 'NonCompliantBucket', {
         |                                ^
      37 |       bucketName: `non-compliant-bucket-${environmentSuffix}`,
      38 |       encryption: s3.BucketEncryption.UNENCRYPTED,
      39 |       removalPolicy: cdk.RemovalPolicy.DESTROY,

      at warn (node_modules/aws-cdk-lib/.warnings.jsii.js:4:146)
      at print (node_modules/aws-cdk-lib/.warnings.jsii.js:1:1679214)
      at Object.aws_cdk_lib_aws_s3_BucketEncryption [as aws_cdk_lib_aws_s3_BucketProps] (node_modules/aws-cdk-lib/.warnings.jsii.js:1:1677692)
      at new aws_cdk_lib_aws_s3_BucketProps (node_modules/aws-cdk-lib/aws-s3/lib/bucket.js:1:18721)
      at new TapStack (lib/tap-stack.ts:36:32)
      at Object.<anonymous> (test/tap-stack.unit.test.ts:18:13)

  console.log
      Critical: 1

      at ValidationReporter.log [as generateReport] (lib/reporters/validation-reporter.ts:78:13)
          at Array.flatMap (<anonymous>)

  console.log
      Warning: 3

      at ValidationReporter.log [as generateReport] (lib/reporters/validation-reporter.ts:79:13)
          at Array.flatMap (<anonymous>)

  console.log
      Info: 2

      at ValidationReporter.log [as generateReport] (lib/reporters/validation-reporter.ts:80:13)
          at Array.flatMap (<anonymous>)

  console.log
    
    Categories:

      at ValidationReporter.log [as generateReport] (lib/reporters/validation-reporter.ts:81:13)
          at Array.flatMap (<anonymous>)

  console.log
      S3: 2

      at ValidationReporter.log [as generateReport] (lib/reporters/validation-reporter.ts:83:15)
          at Array.flatMap (<anonymous>)

  console.log
      Lambda: 4

      at ValidationReporter.log [as generateReport] (lib/reporters/validation-reporter.ts:83:15)
          at Array.flatMap (<anonymous>)

  console.log
    
    Execution Metrics:

      at ValidationReporter.log [as generateReport] (lib/reporters/validation-reporter.ts:85:13)
          at Array.flatMap (<anonymous>)

  console.log
      Total Time: 0.00ms

      at ValidationReporter.log [as generateReport] (lib/reporters/validation-reporter.ts:86:13)
          at Array.flatMap (<anonymous>)

  console.log
      Average Time: 0.00ms

      at ValidationReporter.log [as generateReport] (lib/reporters/validation-reporter.ts:87:13)
          at Array.flatMap (<anonymous>)

  console.log
    
    Detailed report written to: ./validation-report.json

      at ValidationReporter.log [as generateReport] (lib/reporters/validation-reporter.ts:88:13)
          at Array.flatMap (<anonymous>)

  console.log
    ================================================================================

      at ValidationReporter.log [as generateReport] (lib/reporters/validation-reporter.ts:89:13)
          at Array.flatMap (<anonymous>)

  console.error
    
    Validation failed with 1 critical finding(s)

      91 |     // Exit with error code if critical findings exist
      92 |     if (summary.critical > 0) {
    > 93 |       console.error(`\nValidation failed with ${summary.critical} critical finding(s)\n`);
         |               ^
      94 |       // Don't exit here to allow report generation, but log the issue
      95 |     }
      96 |   }

      at ValidationReporter.error [as generateReport] (lib/reporters/validation-reporter.ts:93:15)
      at Object.generateReport [as validate] (lib/reporters/validation-reporter.ts:38:14)
      at validate (node_modules/constructs/src/construct.ts:398:45)
          at Array.flatMap (<anonymous>)
      at Node.flatMap [as validate] (node_modules/constructs/src/construct.ts:398:30)
      at validate (node_modules/aws-cdk-lib/core/lib/private/synthesis.js:2:3722)
      at cb (node_modules/aws-cdk-lib/core/lib/private/synthesis.js:4:255)
      at visit (node_modules/aws-cdk-lib/core/lib/private/synthesis.js:2:3657)
      at validateTree (node_modules/aws-cdk-lib/core/lib/private/synthesis.js:1:1561)
      at App.synth (node_modules/aws-cdk-lib/core/lib/stage.js:1:2262)
      at Object.<anonymous> (test/aspects.unit.test.ts:205:11)

  console.log
    
    ================================================================================

      at ValidationReporter.log [as generateReport] (lib/reporters/validation-reporter.ts:71:13)
          at Array.flatMap (<anonymous>)

  console.log
    INFRASTRUCTURE VALIDATION REPORT

      at ValidationReporter.log [as generateReport] (lib/reporters/validation-reporter.ts:72:13)
          at Array.flatMap (<anonymous>)

  console.log
    ================================================================================

      at ValidationReporter.log [as generateReport] (lib/reporters/validation-reporter.ts:73:13)
          at Array.flatMap (<anonymous>)

  console.log
    Environment: test

      at ValidationReporter.log [as generateReport] (lib/reporters/validation-reporter.ts:74:13)
          at Array.flatMap (<anonymous>)

  console.log
    Timestamp: 2025-12-05T11:23:04.177Z

      at ValidationReporter.log [as generateReport] (lib/reporters/validation-reporter.ts:75:13)
          at Array.flatMap (<anonymous>)

  console.log
    
    Summary:

      at ValidationReporter.log [as generateReport] (lib/reporters/validation-reporter.ts:76:13)
          at Array.flatMap (<anonymous>)

  console.log
      Total Findings: 6

      at ValidationReporter.log [as generateReport] (lib/reporters/validation-reporter.ts:77:13)
          at Array.flatMap (<anonymous>)

  console.log
      Critical: 1

      at ValidationReporter.log [as generateReport] (lib/reporters/validation-reporter.ts:78:13)
          at Array.flatMap (<anonymous>)

  console.log
      Warning: 3

      at ValidationReporter.log [as generateReport] (lib/reporters/validation-reporter.ts:79:13)
          at Array.flatMap (<anonymous>)

  console.log
      Info: 2

      at ValidationReporter.log [as generateReport] (lib/reporters/validation-reporter.ts:80:13)
          at Array.flatMap (<anonymous>)

  console.log
    
    Categories:

      at ValidationReporter.log [as generateReport] (lib/reporters/validation-reporter.ts:81:13)
          at Array.flatMap (<anonymous>)

  console.log
      S3: 2

      at ValidationReporter.log [as generateReport] (lib/reporters/validation-reporter.ts:83:15)
          at Array.flatMap (<anonymous>)

  console.log
      Lambda: 4

      at ValidationReporter.log [as generateReport] (lib/reporters/validation-reporter.ts:83:15)
          at Array.flatMap (<anonymous>)

  console.log
    
    Execution Metrics:

      at ValidationReporter.log [as generateReport] (lib/reporters/validation-reporter.ts:85:13)
          at Array.flatMap (<anonymous>)

  console.log
      Total Time: 0.00ms

      at ValidationReporter.log [as generateReport] (lib/reporters/validation-reporter.ts:86:13)
          at Array.flatMap (<anonymous>)

  console.log
      Average Time: 0.00ms

      at ValidationReporter.log [as generateReport] (lib/reporters/validation-reporter.ts:87:13)
          at Array.flatMap (<anonymous>)

  console.log
    
    Detailed report written to: ./validation-report.json

      at ValidationReporter.log [as generateReport] (lib/reporters/validation-reporter.ts:88:13)
          at Array.flatMap (<anonymous>)

  console.warn
    [WARNING] aws-cdk-lib.aws_s3.BucketEncryption#UNENCRYPTED is deprecated.
      S3 applies server-side encryption with SSE-S3 for every bucket
    that default encryption is not configured.
      This API will be removed in the next major release.

      34 |
      35 |     // Example S3 bucket without encryption (non-compliant for testing)
    > 36 |     const nonCompliantBucket = new s3.Bucket(this, 'NonCompliantBucket', {
         |                                ^
      37 |       bucketName: `non-compliant-bucket-${environmentSuffix}`,
      38 |       encryption: s3.BucketEncryption.UNENCRYPTED,
      39 |       removalPolicy: cdk.RemovalPolicy.DESTROY,

      at warn (node_modules/aws-cdk-lib/.warnings.jsii.js:4:146)
      at print (node_modules/aws-cdk-lib/.warnings.jsii.js:1:1679214)
      at Object.aws_cdk_lib_aws_s3_BucketEncryption [as aws_cdk_lib_aws_s3_BucketProps] (node_modules/aws-cdk-lib/.warnings.jsii.js:1:1677692)
      at new aws_cdk_lib_aws_s3_BucketProps (node_modules/aws-cdk-lib/aws-s3/lib/bucket.js:1:18721)
      at new TapStack (lib/tap-stack.ts:36:32)
      at Object.<anonymous> (test/aspects.unit.test.ts:222:7)

  console.log
    ================================================================================

      at ValidationReporter.log [as generateReport] (lib/reporters/validation-reporter.ts:89:13)
          at Array.flatMap (<anonymous>)

  console.error
    
    Validation failed with 1 critical finding(s)

      91 |     // Exit with error code if critical findings exist
      92 |     if (summary.critical > 0) {
    > 93 |       console.error(`\nValidation failed with ${summary.critical} critical finding(s)\n`);
         |               ^
      94 |       // Don't exit here to allow report generation, but log the issue
      95 |     }
      96 |   }

      at ValidationReporter.error [as generateReport] (lib/reporters/validation-reporter.ts:93:15)
      at Object.generateReport [as validate] (lib/reporters/validation-reporter.ts:38:14)
      at validate (node_modules/constructs/src/construct.ts:398:45)
          at Array.flatMap (<anonymous>)
      at Node.flatMap [as validate] (node_modules/constructs/src/construct.ts:398:30)
      at validate (node_modules/aws-cdk-lib/core/lib/private/synthesis.js:2:3722)
      at cb (node_modules/aws-cdk-lib/core/lib/private/synthesis.js:4:255)
      at visit (node_modules/aws-cdk-lib/core/lib/private/synthesis.js:2:3657)
      at validateTree (node_modules/aws-cdk-lib/core/lib/private/synthesis.js:1:1561)
      at App.synth (node_modules/aws-cdk-lib/core/lib/stage.js:1:2262)
      at synth (node_modules/aws-cdk-lib/assertions/lib/template.js:2:320)
      at Function.toTemplate [as fromStack] (node_modules/aws-cdk-lib/assertions/lib/template.js:1:1485)
      at Object.<anonymous> (test/tap-stack.unit.test.ts:19:25)

  console.log
    
    ================================================================================

      at ValidationReporter.log [as generateReport] (lib/reporters/validation-reporter.ts:71:13)
          at Array.flatMap (<anonymous>)

  console.log
    INFRASTRUCTURE VALIDATION REPORT

      at ValidationReporter.log [as generateReport] (lib/reporters/validation-reporter.ts:72:13)
          at Array.flatMap (<anonymous>)

  console.log
    ================================================================================

      at ValidationReporter.log [as generateReport] (lib/reporters/validation-reporter.ts:73:13)
          at Array.flatMap (<anonymous>)

  console.log
    Environment: test

      at ValidationReporter.log [as generateReport] (lib/reporters/validation-reporter.ts:74:13)
          at Array.flatMap (<anonymous>)

  console.log
    Timestamp: 2025-12-05T11:23:04.292Z

      at ValidationReporter.log [as generateReport] (lib/reporters/validation-reporter.ts:75:13)
          at Array.flatMap (<anonymous>)

  console.log
    
    Summary:

      at ValidationReporter.log [as generateReport] (lib/reporters/validation-reporter.ts:76:13)
          at Array.flatMap (<anonymous>)

  console.log
      Total Findings: 6

      at ValidationReporter.log [as generateReport] (lib/reporters/validation-reporter.ts:77:13)
          at Array.flatMap (<anonymous>)

  console.log
      Critical: 1

      at ValidationReporter.log [as generateReport] (lib/reporters/validation-reporter.ts:78:13)
          at Array.flatMap (<anonymous>)

  console.log
      Warning: 3

      at ValidationReporter.log [as generateReport] (lib/reporters/validation-reporter.ts:79:13)
          at Array.flatMap (<anonymous>)

  console.log
      Info: 2

      at ValidationReporter.log [as generateReport] (lib/reporters/validation-reporter.ts:80:13)
          at Array.flatMap (<anonymous>)

  console.log
    
    Categories:

      at ValidationReporter.log [as generateReport] (lib/reporters/validation-reporter.ts:81:13)
          at Array.flatMap (<anonymous>)

  console.log
      S3: 2

      at ValidationReporter.log [as generateReport] (lib/reporters/validation-reporter.ts:83:15)
          at Array.flatMap (<anonymous>)

  console.log
      Lambda: 4

      at ValidationReporter.log [as generateReport] (lib/reporters/validation-reporter.ts:83:15)
          at Array.flatMap (<anonymous>)

  console.log
    
    Execution Metrics:

      at ValidationReporter.log [as generateReport] (lib/reporters/validation-reporter.ts:85:13)
          at Array.flatMap (<anonymous>)

  console.log
      Total Time: 0.00ms

      at ValidationReporter.log [as generateReport] (lib/reporters/validation-reporter.ts:86:13)
          at Array.flatMap (<anonymous>)

  console.warn
    [WARNING] aws-cdk-lib.aws_s3.BucketEncryption#UNENCRYPTED is deprecated.
      S3 applies server-side encryption with SSE-S3 for every bucket
    that default encryption is not configured.
      This API will be removed in the next major release.

      34 |
      35 |     // Example S3 bucket without encryption (non-compliant for testing)
    > 36 |     const nonCompliantBucket = new s3.Bucket(this, 'NonCompliantBucket', {
         |                                ^
      37 |       bucketName: `non-compliant-bucket-${environmentSuffix}`,
      38 |       encryption: s3.BucketEncryption.UNENCRYPTED,
      39 |       removalPolicy: cdk.RemovalPolicy.DESTROY,

      at warn (node_modules/aws-cdk-lib/.warnings.jsii.js:4:146)
      at print (node_modules/aws-cdk-lib/.warnings.jsii.js:1:1679214)
      at Object.aws_cdk_lib_aws_s3_BucketEncryption [as aws_cdk_lib_aws_s3_BucketProps] (node_modules/aws-cdk-lib/.warnings.jsii.js:1:1677692)
      at new aws_cdk_lib_aws_s3_BucketProps (node_modules/aws-cdk-lib/aws-s3/lib/bucket.js:1:18721)
      at new TapStack (lib/tap-stack.ts:36:32)
      at Object.<anonymous> (test/tap-stack.unit.test.ts:18:13)

  console.log
      Average Time: 0.00ms

      at ValidationReporter.log [as generateReport] (lib/reporters/validation-reporter.ts:87:13)
          at Array.flatMap (<anonymous>)

  console.log
    
    Detailed report written to: ./validation-report.json

      at ValidationReporter.log [as generateReport] (lib/reporters/validation-reporter.ts:88:13)
          at Array.flatMap (<anonymous>)

  console.log
    ================================================================================

      at ValidationReporter.log [as generateReport] (lib/reporters/validation-reporter.ts:89:13)
          at Array.flatMap (<anonymous>)

  console.error
    
    Validation failed with 1 critical finding(s)

      91 |     // Exit with error code if critical findings exist
      92 |     if (summary.critical > 0) {
    > 93 |       console.error(`\nValidation failed with ${summary.critical} critical finding(s)\n`);
         |               ^
      94 |       // Don't exit here to allow report generation, but log the issue
      95 |     }
      96 |   }

      at ValidationReporter.error [as generateReport] (lib/reporters/validation-reporter.ts:93:15)
      at Object.generateReport [as validate] (lib/reporters/validation-reporter.ts:38:14)
      at validate (node_modules/constructs/src/construct.ts:398:45)
          at Array.flatMap (<anonymous>)
      at Node.flatMap [as validate] (node_modules/constructs/src/construct.ts:398:30)
      at validate (node_modules/aws-cdk-lib/core/lib/private/synthesis.js:2:3722)
      at cb (node_modules/aws-cdk-lib/core/lib/private/synthesis.js:4:255)
      at visit (node_modules/aws-cdk-lib/core/lib/private/synthesis.js:2:3657)
      at validateTree (node_modules/aws-cdk-lib/core/lib/private/synthesis.js:1:1561)
      at App.synth (node_modules/aws-cdk-lib/core/lib/stage.js:1:2262)
      at Object.<anonymous> (test/aspects.unit.test.ts:224:11)

  console.log
    
    ================================================================================

      at ValidationReporter.log [as generateReport] (lib/reporters/validation-reporter.ts:71:13)
          at Array.flatMap (<anonymous>)

  console.log
    INFRASTRUCTURE VALIDATION REPORT

      at ValidationReporter.log [as generateReport] (lib/reporters/validation-reporter.ts:72:13)
          at Array.flatMap (<anonymous>)

  console.log
    ================================================================================

      at ValidationReporter.log [as generateReport] (lib/reporters/validation-reporter.ts:73:13)
          at Array.flatMap (<anonymous>)

  console.log
    Environment: test

      at ValidationReporter.log [as generateReport] (lib/reporters/validation-reporter.ts:74:13)
          at Array.flatMap (<anonymous>)

  console.log
    Timestamp: 2025-12-05T11:23:04.377Z

      at ValidationReporter.log [as generateReport] (lib/reporters/validation-reporter.ts:75:13)
          at Array.flatMap (<anonymous>)

  console.log
    
    Summary:

      at ValidationReporter.log [as generateReport] (lib/reporters/validation-reporter.ts:76:13)
          at Array.flatMap (<anonymous>)

  console.log
      Total Findings: 6

      at ValidationReporter.log [as generateReport] (lib/reporters/validation-reporter.ts:77:13)
          at Array.flatMap (<anonymous>)

  console.log
      Critical: 1

      at ValidationReporter.log [as generateReport] (lib/reporters/validation-reporter.ts:78:13)
          at Array.flatMap (<anonymous>)

  console.log
      Warning: 3

      at ValidationReporter.log [as generateReport] (lib/reporters/validation-reporter.ts:79:13)
          at Array.flatMap (<anonymous>)

  console.log
      Info: 2

      at ValidationReporter.log [as generateReport] (lib/reporters/validation-reporter.ts:80:13)
          at Array.flatMap (<anonymous>)

  console.log
    
    Categories:

      at ValidationReporter.log [as generateReport] (lib/reporters/validation-reporter.ts:81:13)
          at Array.flatMap (<anonymous>)

  console.log
      S3: 2

      at ValidationReporter.log [as generateReport] (lib/reporters/validation-reporter.ts:83:15)
          at Array.flatMap (<anonymous>)

  console.log
      Lambda: 4

      at ValidationReporter.log [as generateReport] (lib/reporters/validation-reporter.ts:83:15)
          at Array.flatMap (<anonymous>)

  console.log
    
    Execution Metrics:

      at ValidationReporter.log [as generateReport] (lib/reporters/validation-reporter.ts:85:13)
          at Array.flatMap (<anonymous>)

  console.warn
    [WARNING] aws-cdk-lib.aws_s3.BucketEncryption#UNENCRYPTED is deprecated.
      S3 applies server-side encryption with SSE-S3 for every bucket
    that default encryption is not configured.
      This API will be removed in the next major release.

      34 |
      35 |     // Example S3 bucket without encryption (non-compliant for testing)
    > 36 |     const nonCompliantBucket = new s3.Bucket(this, 'NonCompliantBucket', {
         |                                ^
      37 |       bucketName: `non-compliant-bucket-${environmentSuffix}`,
      38 |       encryption: s3.BucketEncryption.UNENCRYPTED,
      39 |       removalPolicy: cdk.RemovalPolicy.DESTROY,

      at warn (node_modules/aws-cdk-lib/.warnings.jsii.js:4:146)
      at print (node_modules/aws-cdk-lib/.warnings.jsii.js:1:1679214)
      at Object.aws_cdk_lib_aws_s3_BucketEncryption [as aws_cdk_lib_aws_s3_BucketProps] (node_modules/aws-cdk-lib/.warnings.jsii.js:1:1677692)
      at new aws_cdk_lib_aws_s3_BucketProps (node_modules/aws-cdk-lib/aws-s3/lib/bucket.js:1:18721)
      at new TapStack (lib/tap-stack.ts:36:32)
      at Object.<anonymous> (test/aspects.unit.test.ts:246:7)

  console.log
      Total Time: 0.00ms

      at ValidationReporter.log [as generateReport] (lib/reporters/validation-reporter.ts:86:13)
          at Array.flatMap (<anonymous>)

  console.log
      Average Time: 0.00ms

      at ValidationReporter.log [as generateReport] (lib/reporters/validation-reporter.ts:87:13)
          at Array.flatMap (<anonymous>)

  console.log
    
    Detailed report written to: ./validation-report.json

      at ValidationReporter.log [as generateReport] (lib/reporters/validation-reporter.ts:88:13)
          at Array.flatMap (<anonymous>)

  console.log
    ================================================================================

      at ValidationReporter.log [as generateReport] (lib/reporters/validation-reporter.ts:89:13)
          at Array.flatMap (<anonymous>)

  console.error
    
    Validation failed with 1 critical finding(s)

      91 |     // Exit with error code if critical findings exist
      92 |     if (summary.critical > 0) {
    > 93 |       console.error(`\nValidation failed with ${summary.critical} critical finding(s)\n`);
         |               ^
      94 |       // Don't exit here to allow report generation, but log the issue
      95 |     }
      96 |   }

      at ValidationReporter.error [as generateReport] (lib/reporters/validation-reporter.ts:93:15)
      at Object.generateReport [as validate] (lib/reporters/validation-reporter.ts:38:14)
      at validate (node_modules/constructs/src/construct.ts:398:45)
          at Array.flatMap (<anonymous>)
      at Node.flatMap [as validate] (node_modules/constructs/src/construct.ts:398:30)
      at validate (node_modules/aws-cdk-lib/core/lib/private/synthesis.js:2:3722)
      at cb (node_modules/aws-cdk-lib/core/lib/private/synthesis.js:4:255)
      at visit (node_modules/aws-cdk-lib/core/lib/private/synthesis.js:2:3657)
      at validateTree (node_modules/aws-cdk-lib/core/lib/private/synthesis.js:1:1561)
      at App.synth (node_modules/aws-cdk-lib/core/lib/stage.js:1:2262)
      at synth (node_modules/aws-cdk-lib/assertions/lib/template.js:2:320)
      at Function.toTemplate [as fromStack] (node_modules/aws-cdk-lib/assertions/lib/template.js:1:1485)
      at Object.<anonymous> (test/tap-stack.unit.test.ts:19:25)

  console.log
    
    ================================================================================

      at ValidationReporter.log [as generateReport] (lib/reporters/validation-reporter.ts:71:13)
          at Array.flatMap (<anonymous>)

  console.log
    INFRASTRUCTURE VALIDATION REPORT

      at ValidationReporter.log [as generateReport] (lib/reporters/validation-reporter.ts:72:13)
          at Array.flatMap (<anonymous>)

  console.log
    ================================================================================

      at ValidationReporter.log [as generateReport] (lib/reporters/validation-reporter.ts:73:13)
          at Array.flatMap (<anonymous>)

  console.log
    Environment: test

      at ValidationReporter.log [as generateReport] (lib/reporters/validation-reporter.ts:74:13)
          at Array.flatMap (<anonymous>)

  console.log
    Timestamp: 2025-12-05T11:23:04.481Z

      at ValidationReporter.log [as generateReport] (lib/reporters/validation-reporter.ts:75:13)
          at Array.flatMap (<anonymous>)

  console.log
    
    Summary:

      at ValidationReporter.log [as generateReport] (lib/reporters/validation-reporter.ts:76:13)
          at Array.flatMap (<anonymous>)

  console.log
      Total Findings: 6

      at ValidationReporter.log [as generateReport] (lib/reporters/validation-reporter.ts:77:13)
          at Array.flatMap (<anonymous>)

  console.log
      Critical: 1

      at ValidationReporter.log [as generateReport] (lib/reporters/validation-reporter.ts:78:13)
          at Array.flatMap (<anonymous>)

  console.log
      Warning: 3

      at ValidationReporter.log [as generateReport] (lib/reporters/validation-reporter.ts:79:13)
          at Array.flatMap (<anonymous>)

  console.log
      Info: 2

      at ValidationReporter.log [as generateReport] (lib/reporters/validation-reporter.ts:80:13)
          at Array.flatMap (<anonymous>)

  console.log
    
    Categories:

      at ValidationReporter.log [as generateReport] (lib/reporters/validation-reporter.ts:81:13)
          at Array.flatMap (<anonymous>)

  console.log
      S3: 2

      at ValidationReporter.log [as generateReport] (lib/reporters/validation-reporter.ts:83:15)
          at Array.flatMap (<anonymous>)

  console.log
      Lambda: 4

      at ValidationReporter.log [as generateReport] (lib/reporters/validation-reporter.ts:83:15)
          at Array.flatMap (<anonymous>)

  console.log
    
    Execution Metrics:

      at ValidationReporter.log [as generateReport] (lib/reporters/validation-reporter.ts:85:13)
          at Array.flatMap (<anonymous>)

  console.log
      Total Time: 0.00ms

      at ValidationReporter.log [as generateReport] (lib/reporters/validation-reporter.ts:86:13)
          at Array.flatMap (<anonymous>)

  console.warn
    [WARNING] aws-cdk-lib.aws_s3.BucketEncryption#UNENCRYPTED is deprecated.
      S3 applies server-side encryption with SSE-S3 for every bucket
    that default encryption is not configured.
      This API will be removed in the next major release.

      34 |
      35 |     // Example S3 bucket without encryption (non-compliant for testing)
    > 36 |     const nonCompliantBucket = new s3.Bucket(this, 'NonCompliantBucket', {
         |                                ^
      37 |       bucketName: `non-compliant-bucket-${environmentSuffix}`,
      38 |       encryption: s3.BucketEncryption.UNENCRYPTED,
      39 |       removalPolicy: cdk.RemovalPolicy.DESTROY,

      at warn (node_modules/aws-cdk-lib/.warnings.jsii.js:4:146)
      at print (node_modules/aws-cdk-lib/.warnings.jsii.js:1:1679214)
      at Object.aws_cdk_lib_aws_s3_BucketEncryption [as aws_cdk_lib_aws_s3_BucketProps] (node_modules/aws-cdk-lib/.warnings.jsii.js:1:1677692)
      at new aws_cdk_lib_aws_s3_BucketProps (node_modules/aws-cdk-lib/aws-s3/lib/bucket.js:1:18721)
      at new TapStack (lib/tap-stack.ts:36:32)
      at Object.<anonymous> (test/tap-stack.unit.test.ts:18:13)

  console.log
      Average Time: 0.00ms

      at ValidationReporter.log [as generateReport] (lib/reporters/validation-reporter.ts:87:13)
          at Array.flatMap (<anonymous>)

  console.log
    
    Detailed report written to: ./validation-report.json

      at ValidationReporter.log [as generateReport] (lib/reporters/validation-reporter.ts:88:13)
          at Array.flatMap (<anonymous>)

  console.log
    ================================================================================

      at ValidationReporter.log [as generateReport] (lib/reporters/validation-reporter.ts:89:13)
          at Array.flatMap (<anonymous>)

  console.error
    
    Validation failed with 1 critical finding(s)

      91 |     // Exit with error code if critical findings exist
      92 |     if (summary.critical > 0) {
    > 93 |       console.error(`\nValidation failed with ${summary.critical} critical finding(s)\n`);
         |               ^
      94 |       // Don't exit here to allow report generation, but log the issue
      95 |     }
      96 |   }

      at ValidationReporter.error [as generateReport] (lib/reporters/validation-reporter.ts:93:15)
      at Object.generateReport [as validate] (lib/reporters/validation-reporter.ts:38:14)
      at validate (node_modules/constructs/src/construct.ts:398:45)
          at Array.flatMap (<anonymous>)
      at Node.flatMap [as validate] (node_modules/constructs/src/construct.ts:398:30)
      at validate (node_modules/aws-cdk-lib/core/lib/private/synthesis.js:2:3722)
      at cb (node_modules/aws-cdk-lib/core/lib/private/synthesis.js:4:255)
      at visit (node_modules/aws-cdk-lib/core/lib/private/synthesis.js:2:3657)
      at validateTree (node_modules/aws-cdk-lib/core/lib/private/synthesis.js:1:1561)
      at App.synth (node_modules/aws-cdk-lib/core/lib/stage.js:1:2262)
      at Object.<anonymous> (test/aspects.unit.test.ts:248:11)

  console.log
    
    ================================================================================

      at ValidationReporter.log [as generateReport] (lib/reporters/validation-reporter.ts:71:13)
          at Array.flatMap (<anonymous>)

  console.log
    INFRASTRUCTURE VALIDATION REPORT

      at ValidationReporter.log [as generateReport] (lib/reporters/validation-reporter.ts:72:13)
          at Array.flatMap (<anonymous>)

  console.log
    ================================================================================

      at ValidationReporter.log [as generateReport] (lib/reporters/validation-reporter.ts:73:13)
          at Array.flatMap (<anonymous>)

  console.log
    Environment: test

      at ValidationReporter.log [as generateReport] (lib/reporters/validation-reporter.ts:74:13)
          at Array.flatMap (<anonymous>)

  console.log
    Timestamp: 2025-12-05T11:23:04.593Z

      at ValidationReporter.log [as generateReport] (lib/reporters/validation-reporter.ts:75:13)
          at Array.flatMap (<anonymous>)

  console.log
    
    Summary:

      at ValidationReporter.log [as generateReport] (lib/reporters/validation-reporter.ts:76:13)
          at Array.flatMap (<anonymous>)

  console.log
      Total Findings: 6

      at ValidationReporter.log [as generateReport] (lib/reporters/validation-reporter.ts:77:13)
          at Array.flatMap (<anonymous>)

  console.log
      Critical: 1

      at ValidationReporter.log [as generateReport] (lib/reporters/validation-reporter.ts:78:13)
          at Array.flatMap (<anonymous>)

  console.log
      Warning: 3

      at ValidationReporter.log [as generateReport] (lib/reporters/validation-reporter.ts:79:13)
          at Array.flatMap (<anonymous>)

  console.log
      Info: 2

      at ValidationReporter.log [as generateReport] (lib/reporters/validation-reporter.ts:80:13)
          at Array.flatMap (<anonymous>)

  console.log
    
    Categories:

      at ValidationReporter.log [as generateReport] (lib/reporters/validation-reporter.ts:81:13)
          at Array.flatMap (<anonymous>)

  console.log
      S3: 2

      at ValidationReporter.log [as generateReport] (lib/reporters/validation-reporter.ts:83:15)
          at Array.flatMap (<anonymous>)

  console.log
      Lambda: 4

      at ValidationReporter.log [as generateReport] (lib/reporters/validation-reporter.ts:83:15)
          at Array.flatMap (<anonymous>)

  console.warn
    [WARNING] aws-cdk-lib.aws_s3.BucketEncryption#UNENCRYPTED is deprecated.
      S3 applies server-side encryption with SSE-S3 for every bucket
    that default encryption is not configured.
      This API will be removed in the next major release.

      34 |
      35 |     // Example S3 bucket without encryption (non-compliant for testing)
    > 36 |     const nonCompliantBucket = new s3.Bucket(this, 'NonCompliantBucket', {
         |                                ^
      37 |       bucketName: `non-compliant-bucket-${environmentSuffix}`,
      38 |       encryption: s3.BucketEncryption.UNENCRYPTED,
      39 |       removalPolicy: cdk.RemovalPolicy.DESTROY,

      at warn (node_modules/aws-cdk-lib/.warnings.jsii.js:4:146)
      at print (node_modules/aws-cdk-lib/.warnings.jsii.js:1:1679214)
      at Object.aws_cdk_lib_aws_s3_BucketEncryption [as aws_cdk_lib_aws_s3_BucketProps] (node_modules/aws-cdk-lib/.warnings.jsii.js:1:1677692)
      at new aws_cdk_lib_aws_s3_BucketProps (node_modules/aws-cdk-lib/aws-s3/lib/bucket.js:1:18721)
      at new TapStack (lib/tap-stack.ts:36:32)
      at Object.<anonymous> (test/aspects.unit.test.ts:263:7)

  console.log
    
    Execution Metrics:

      at ValidationReporter.log [as generateReport] (lib/reporters/validation-reporter.ts:85:13)
          at Array.flatMap (<anonymous>)

  console.log
      Total Time: 0.00ms

      at ValidationReporter.log [as generateReport] (lib/reporters/validation-reporter.ts:86:13)
          at Array.flatMap (<anonymous>)

  console.log
      Average Time: 0.00ms

      at ValidationReporter.log [as generateReport] (lib/reporters/validation-reporter.ts:87:13)
          at Array.flatMap (<anonymous>)

  console.log
    
    Detailed report written to: ./validation-report.json

      at ValidationReporter.log [as generateReport] (lib/reporters/validation-reporter.ts:88:13)
          at Array.flatMap (<anonymous>)

  console.log
    ================================================================================

      at ValidationReporter.log [as generateReport] (lib/reporters/validation-reporter.ts:89:13)
          at Array.flatMap (<anonymous>)

  console.error
    
    Validation failed with 1 critical finding(s)

      91 |     // Exit with error code if critical findings exist
      92 |     if (summary.critical > 0) {
    > 93 |       console.error(`\nValidation failed with ${summary.critical} critical finding(s)\n`);
         |               ^
      94 |       // Don't exit here to allow report generation, but log the issue
      95 |     }
      96 |   }

      at ValidationReporter.error [as generateReport] (lib/reporters/validation-reporter.ts:93:15)
      at Object.generateReport [as validate] (lib/reporters/validation-reporter.ts:38:14)
      at validate (node_modules/constructs/src/construct.ts:398:45)
          at Array.flatMap (<anonymous>)
      at Node.flatMap [as validate] (node_modules/constructs/src/construct.ts:398:30)
      at validate (node_modules/aws-cdk-lib/core/lib/private/synthesis.js:2:3722)
      at cb (node_modules/aws-cdk-lib/core/lib/private/synthesis.js:4:255)
      at visit (node_modules/aws-cdk-lib/core/lib/private/synthesis.js:2:3657)
      at validateTree (node_modules/aws-cdk-lib/core/lib/private/synthesis.js:1:1561)
      at App.synth (node_modules/aws-cdk-lib/core/lib/stage.js:1:2262)
      at synth (node_modules/aws-cdk-lib/assertions/lib/template.js:2:320)
      at Function.toTemplate [as fromStack] (node_modules/aws-cdk-lib/assertions/lib/template.js:1:1485)
      at Object.<anonymous> (test/tap-stack.unit.test.ts:19:25)

  console.log
    
    ================================================================================

      at ValidationReporter.log [as generateReport] (lib/reporters/validation-reporter.ts:71:13)
          at Array.flatMap (<anonymous>)

  console.log
    INFRASTRUCTURE VALIDATION REPORT

      at ValidationReporter.log [as generateReport] (lib/reporters/validation-reporter.ts:72:13)
          at Array.flatMap (<anonymous>)

  console.log
    ================================================================================

      at ValidationReporter.log [as generateReport] (lib/reporters/validation-reporter.ts:73:13)
          at Array.flatMap (<anonymous>)

  console.log
    Environment: test

      at ValidationReporter.log [as generateReport] (lib/reporters/validation-reporter.ts:74:13)
          at Array.flatMap (<anonymous>)

  console.log
    Timestamp: 2025-12-05T11:23:04.686Z

      at ValidationReporter.log [as generateReport] (lib/reporters/validation-reporter.ts:75:13)
          at Array.flatMap (<anonymous>)

  console.log
    
    Summary:

      at ValidationReporter.log [as generateReport] (lib/reporters/validation-reporter.ts:76:13)
          at Array.flatMap (<anonymous>)

  console.log
      Total Findings: 6

      at ValidationReporter.log [as generateReport] (lib/reporters/validation-reporter.ts:77:13)
          at Array.flatMap (<anonymous>)

  console.log
      Critical: 1

      at ValidationReporter.log [as generateReport] (lib/reporters/validation-reporter.ts:78:13)
          at Array.flatMap (<anonymous>)

  console.log
      Warning: 3

      at ValidationReporter.log [as generateReport] (lib/reporters/validation-reporter.ts:79:13)
          at Array.flatMap (<anonymous>)

  console.log
      Info: 2

      at ValidationReporter.log [as generateReport] (lib/reporters/validation-reporter.ts:80:13)
          at Array.flatMap (<anonymous>)

  console.log
    
    Categories:

      at ValidationReporter.log [as generateReport] (lib/reporters/validation-reporter.ts:81:13)
          at Array.flatMap (<anonymous>)

  console.log
      S3: 2

      at ValidationReporter.log [as generateReport] (lib/reporters/validation-reporter.ts:83:15)
          at Array.flatMap (<anonymous>)

  console.log
      Lambda: 4

      at ValidationReporter.log [as generateReport] (lib/reporters/validation-reporter.ts:83:15)
          at Array.flatMap (<anonymous>)

  console.log
    
    Execution Metrics:

      at ValidationReporter.log [as generateReport] (lib/reporters/validation-reporter.ts:85:13)
          at Array.flatMap (<anonymous>)

  console.log
      Total Time: 0.00ms

      at ValidationReporter.log [as generateReport] (lib/reporters/validation-reporter.ts:86:13)
          at Array.flatMap (<anonymous>)

  console.log
      Average Time: 0.00ms

      at ValidationReporter.log [as generateReport] (lib/reporters/validation-reporter.ts:87:13)
          at Array.flatMap (<anonymous>)

  console.warn
    [WARNING] aws-cdk-lib.aws_s3.BucketEncryption#UNENCRYPTED is deprecated.
      S3 applies server-side encryption with SSE-S3 for every bucket
    that default encryption is not configured.
      This API will be removed in the next major release.

      34 |
      35 |     // Example S3 bucket without encryption (non-compliant for testing)
    > 36 |     const nonCompliantBucket = new s3.Bucket(this, 'NonCompliantBucket', {
         |                                ^
      37 |       bucketName: `non-compliant-bucket-${environmentSuffix}`,
      38 |       encryption: s3.BucketEncryption.UNENCRYPTED,
      39 |       removalPolicy: cdk.RemovalPolicy.DESTROY,

      at warn (node_modules/aws-cdk-lib/.warnings.jsii.js:4:146)
      at print (node_modules/aws-cdk-lib/.warnings.jsii.js:1:1679214)
      at Object.aws_cdk_lib_aws_s3_BucketEncryption [as aws_cdk_lib_aws_s3_BucketProps] (node_modules/aws-cdk-lib/.warnings.jsii.js:1:1677692)
      at new aws_cdk_lib_aws_s3_BucketProps (node_modules/aws-cdk-lib/aws-s3/lib/bucket.js:1:18721)
      at new TapStack (lib/tap-stack.ts:36:32)
      at Object.<anonymous> (test/tap-stack.unit.test.ts:18:13)

  console.log
    
    Detailed report written to: ./validation-report.json

      at ValidationReporter.log [as generateReport] (lib/reporters/validation-reporter.ts:88:13)
          at Array.flatMap (<anonymous>)

  console.log
    ================================================================================

      at ValidationReporter.log [as generateReport] (lib/reporters/validation-reporter.ts:89:13)
          at Array.flatMap (<anonymous>)

  console.error
    
    Validation failed with 1 critical finding(s)

      91 |     // Exit with error code if critical findings exist
      92 |     if (summary.critical > 0) {
    > 93 |       console.error(`\nValidation failed with ${summary.crit  console.log
    Timestamp: 2025-12-05T11:23:04.732Z

      at ValidationReporter.generateReport (lib/reporters/validation-reporter.ts:75:13)
          at Array.flatMap (<anonymous>)

  console.log
    
    Summary:

      at ValidationReporter.generateReport (lib/reporters/validation-reporter.ts:76:13)
          at Array.flatMap (<anonymous>)

  console.log
      Total Findings: 6

      at ValidationReporter.generateReport (lib/reporters/validation-reporter.ts:77:13)
          at Array.flatMap (<anonymous>)

  console.log
      Critical: 1

      at ValidationReporter.generateReport (lib/reporters/validation-reporter.ts:78:13)
          at Array.flatMap (<anonymous>)

  console.log
      Warning: 3

      at ValidationReporter.generateReport (lib/reporters/validation-reporter.ts:79:13)
          at Array.flatMap (<anonymous>)

  console.log
      Info: 2

      at ValidationReporter.generateReport (lib/reporters/validation-reporter.ts:80:13)
          at Array.flatMap (<anonymous>)

  console.log  console.log
    
    ================================================================================

      at ValidationReporter.log [as generateReport] (lib/reporters/validation-reporter.ts:71:13)
          at Array.flatMap (<anonymous>)

  console.log
    INFRASTRUCTURE VALIDATION REPORT

      at ValidationReporter.log [as generateReport] (lib/reporters/validation-reporter.ts:72:13)
          at Array.flatMap (<anonymous>)

  console.log
    ================================================================================

      at ValidationReporter.log [as generateReport] (lib/reporters/validation-reporter.ts:73:13)
          at Array.flatMap (<anonymous>)

  console.log
    Environment: test

      at ValidationReporter.log [as generateReport] (lib/reporters/validation-reporter.ts:74:13)
          at Array.flatMap (<anonymous>)

  console.log
    Timestamp: 2025-12-05T11:23:04.803Z

      at ValidationReporter.log [as generateReport] (lib/reporters/validation-reporter.ts:75:13)
          at Array.flatMap (<anonymous>)

  console.log
    
    Summary:

      at ValidationReporter.log [as generateReport] (lib/reporters/validation-reporter.ts:76:13)
          at Array.flatMap (<anonymous>)

  console.log
      Total Findings: 6

      at ValidationReporter.log [as generateReport] (lib/reporters/validation-reporter.ts:77:13)
          at Array.flatMap (<anonymous>)

  console.log
      Critical: 1

      at ValidationReporter.log [as generateReport] (lib/reporters/validation-reporter.ts:78:13)
          at Array.flatMap (<anonymous>)

  console.log
      Warning: 3

      at ValidationReporter.log [as generateReport] (lib/reporters/validation-reporter.ts:79:13)
          at Array.flatMap (<anonymous>)

  console.log
      Info: 2

      at ValidationReporter.log [as generateReport] (lib/reporters/validation-reporter.ts:80:13)
          at Array.flatMap (<anonymous>)

  console.log
    
    Categories:

      at ValidationReporter.log [as generateReport] (lib/reporters/validation-reporter.ts:81:13)
          at Array.flatMap (<anonymous>)

  console.log
      S3: 2

      at ValidationReporter.log [as generateReport] (lib/reporters/validation-reporter.ts:83:15)
          at Array.flatMap (<anonymous>)

  console.log
      Lambda: 4

      at ValidationReporter.log [as generateReport] (lib/reporters/validation-reporter.ts:83:15)
          at Array.flatMap (<anonymous>)

  console.log
    
    Execution Metrics:

      at ValidationReporter.log [as generateReport] (lib/reporters/validation-reporter.ts:85:13)
          at Array.flatMap (<anonymous>)

  console.warn
    [WARNING] aws-cdk-lib.aws_s3.BucketEncryption#UNENCRYPTED is deprecated.
      S3 applies server-side encryption with SSE-S3 for every bucket
    that default encryption is not configured.
      This API will be removed i  console.warn
    [WARNING] aws-cdk-lib.aws_s3.BucketEncryption#UNENCRYPTED is deprecated.
      S3 applies server-side encryption with SSE-S3 for every bucket
    that default encryption is not configured.
      This API will be removed in the next major release.

      34 |
      35 |     // Example S3 bucket without encryption (non-compliant for testing)
    > 36 |     const nonCompliantBucket = new s3.Bucket(this, 'NonCompliantBucket', {
         |                                ^
      37 |       bucketName: `non-compliant-bucket-${environmentSuffix}`,
      38 |       encryption: s3.BucketEncryption.UNENCRYPTED,
      39 |       removalPolicy: cdk.RemovalPolicy.DESTROY,

      at warn (node_modules/aws-cdk-lib/.warnings.jsii.js:4:146)
      at print (node_modules/aws-cdk-lib/.warnings.jsii.js:1:1679214)
      at Object.aws_cdk_lib_aws_s3_BucketEncryption [as aws_cdk_lib_aws_s3_BucketProps] (node_modules/aws-cdk-lib/.warnings.jsii.js:1:1677692)
      at new aws_cdk_lib_aws_s3_BucketProps (node_modules/aws-cdk-lib/aws-s3/lib/bucket.js:1:18721)
      at new TapStack (lib/tap-stack.ts:36:32)
      at Object.<anonymous> (test/tap-stack.unit.test.ts:18:13)

  console.log
    
    ================================================================================

      at ValidationReporter.generateReport (lib/reporters/validation-reporter.ts:71:13)
          at Array.flatMap (<anonymous>)

  console.log
    INFRASTRUCTURE VALIDATION REPORT

      at ValidationReporter.generateReport (lib/reporters/validation-reporter.ts:72:13)
          at Array.flatMap (<anonymous>)

  console.log
    ================================================================================

      at ValidationReporter.generateReport (lib/reporters/validation-reporter.ts:73:13)
          at Array.flatMap (<anonymous>)

  console.log
    Environment: test

      at ValidationReporter.generateReport (lib/reporters/validation-reporter.ts:74:13)
          at Array.flatMap (<anonymous>)

  console.log
    Timestamp: 2025-12-05T11:23:04.919Z

      at ValidationReporter.generateReport (lib/reporters/validation-reporter.ts:75:13)
          at Array.flatMap (<anonymous>)

  console.log
    
    Summary:

      at ValidationReporter.generateReport (lib/reporters/validation-reporter.ts:76:13)
          at Array.flatMap (<anonymous>)

  console.log
      Total Findings: 6

      at ValidationReporter.generateReport (lib/reporters/validation-reporter.ts:77:13)
          at Array.flatMap (<anonymous>)

  console.log
      Critical: 1

      at ValidationReporter.generateReport (lib/reporters/validation-reporter.ts:78:13)
          at Array.flatMap (<anonymous>)

  console.log
      Warning: 3

      at ValidationReporter.generateReport (lib/reporters/validation-reporter.ts:79:13)
          at Array.flatMap (<anonymous>)

  console.log
      Info: 2

      at ValidationReporter.generateReport (lib/reporters/validation-reporter.ts:80:13)
          at Array.flatMap (<anonymous>)

  console.log
    
    Categories:

      at ValidationReporter.generateReport (lib/reporters/validation-reporter.ts:81:13)
          at Array.flatMap (<anonymous>)

  console.log
      S3: 2

      at ValidationReporter.generateReport (lib/reporters/validation-reporter.ts:83:15)
          at Array.flatMap (<anonymous>)

  console.log
      Lambda: 4

      at ValidationReporter.generateReport (lib/reporters/validation-reporter.ts:83:15)
          at Array.flatMap (<anonymous>)

  console.log
    
    Execution Metrics:

      at ValidationReporter.generateReport (lib/reporters/validation-reporter.ts:85:13)
          at Array.flatMap (<anonymous>)

  console.log
      Total Time: 0.00ms

      at ValidationReporter.generateReport (lib/reporters/validation-reporter.ts:86:13)
          at Array.flatMap (<anonymous>)

  console.log
      Average Time: 0.00ms

      at ValidationReporter.generateReport (lib/reporters/validation-reporter.ts:87:13)
          at Array.flatMap (<anonymous>)

  console.log
    
    Detailed report written to: ./validation-report.json

      at ValidationReporter.generateReport (lib/reporters/validation-reporter.ts:88:13)
          at Array.flatMap (<anonymous>)

  console.log
    ================================================================================

      at ValidationReporter.generateReport (lib/reporters/validation-reporter.ts:89:13)
          at Array.flatMap (<anonymous>)

  console.error
    
    Validation failed with 1 critical finding(s)

      91 |     // Exit with error code if critical findings exist
      92 |     if (summary.critical > 0) {
    > 93 |       console.error(`\nValidation failed with ${summary.critical} critical finding(s)\n`);
         |               ^
      94 |       // Don't exit here to allow report generation, but log the issue
      95 |     }
      96 |   }

      at ValidationReporter.generateReport (lib/reporters/validation-reporter.ts:93:15)
      at Object.validate (lib/reporters/validation-reporter.ts:38:14)
      at validate (node_modules/constructs/src/construct.ts:398:45)
          at Array.flatMap (<anonymous>)
      at Node.flatMap [as validate] (node_modules/constructs/src/construct.ts:398:30)
      at validate (node_modules/aws-cdk-lib/core/lib/private/synthesis.js:2:3722)
      at cb (node_modules/aws-cdk-lib/core/lib/private/synthesis.js:4:255)
      at visit (node_modules/aws-cdk-lib/core/lib/private/synthesis.js:2:3657)
      at validateTree (node_modules/aws-cdk-lib/core/lib/private/synthesis.js:1:1561)
      at App.synth (node_modules/aws-cdk-lib/core/lib/stage.js:1:2262)
      at synth (node_modules/aws-cdk-lib/assertions/lib/template.js:2:320)
      at Function.toTemplate [as fromStack] (node_modules/aws-cdk-lib/assertions/lib/template.js:1:1485)
      at Object.<anonymous> (test/tap-stack.unit.test.ts:19:25)

  console.warn
    [WARNING] aws-cdk-lib.aws_s3.BucketEncryption#UNENCRYPTED is deprecated.
      S3 applies server-side encryption with SSE-S3 for every bucket
    that default encryption is not configured.
      This API will be removed in the next major release.

      34 |
      35 |     // Example S3 bucket without encryption (non-compliant for testing)
    > 36 |     const nonCompliantBucket = new s3.Bucket(this, 'NonCompliantBucket', {
         |                                ^
      37 |       bucketName: `non-compliant-bucket-${environmentSuffix}`,
      38 |       encryption: s3.BucketEncryption.UNENCRYPTED,
      39 |       removalPolicy: cdk.RemovalPolicy.DESTROY,

      at warn (node_modules/aws-cdk-lib/.warnings.jsii.js:4:146)
      at print (node_modules/aws-cdk-lib/.warnings.jsii.js:1:1679214)
      at Object.aws_cdk_lib_aws_s3_BucketEncryption [as aws_cdk_lib_aws_s3_BucketProps] (node_modules/aws-cdk-lib/.warnings.jsii.js:1:1677692)
      at new aws_cdk_lib_aws_s3_BucketProps (node_modules/aws-cdk-lib/aws-s3/lib/bucket.js:1:18721)
      at new TapStack (lib/tap-stack.ts:36:32)
      at Object.<anonymous> (test/tap-stack.unit.test.ts:18:13)

  console.log
    
    ================================================================================

      at ValidationReporter.generateReport (lib/reporters/validation-reporter.ts:71:13)
          at Array.flatMap (<anonymous>)

  console.log
    INFRASTRUCTURE VALIDATION REPORT

      at ValidationReporter.generateReport (lib/reporters/validation-reporter.ts:72:13)
          at Array.flatMap (<anonymous>)

  console.log
    ================================================================================

      at ValidationReporter.generateReport (lib/reporters/validation-reporter.ts:73:13)
          at Array.flatMap (<anonymous>)

  console.log
    Environment: test

      at ValidationReporter.generateReport (lib/reporters/validation-reporter.ts:74:13)
          at Array.flatMap (<anonymous>)

  console.log
    Timestamp: 2025-12-05T11:23:05.077Z

      at ValidationReporter.generateReport (lib/reporters/validation-reporter.ts:75:13)
          at Array.flatMap (<anonymous>)

  console.log
    
    Summary:

      at ValidationReporter.generateReport (lib/reporters/validation-reporter.ts:76:13)
          at Array.flatMap (<anonymous>)

  console.log
      Total Findings: 6

      at ValidationReporter.generateReport (lib/reporters/validation-reporter.ts:77:13)
          at Array.flatMap (<anonymous>)

  console.log
      Critical: 1

      at ValidationReporter.generateReport (lib/reporters/validation-reporter.ts:78:13)
          at Array.flatMap (<anonymous>)

  console.log
      Warning: 3

      at ValidationReporter.generateReport (lib/reporters/validation-reporter.ts:79:13)
          at Array.flatMap (<anonymous>)

  console.log
      Info: 2

      at ValidationReporter.generateReport (lib/reporters/validation-reporter.ts:80:13)
          at Array.flatMap (<anonymous>)

  console.log
    
    Categories:

      at ValidationReporter.generateReport (lib/reporters/validation-reporter.ts:81:13)
          at Array.flatMap (<anonymous>)

  console.log
      S3: 2

      at ValidationReporter.generateReport (lib/reporters/validation-reporter.ts:83:15)
          at Array.flatMap (<anonymous>)

  console.log
      Lambda: 4

      at ValidationReporter.generateReport (lib/reporters/validation-reporter.ts:83:15)
          at Array.flatMap (<anonymous>)

  console.log
    
    Execution Metrics:

      at ValidationReporter.generateReport (lib/reporters/validation-reporter.ts:85:13)
          at Array.flatMap (<anonymous>)

  console.log
      Total Time: 0.00ms

      at ValidationReporter.generateReport (lib/reporters/validation-reporter.ts:86:13)
          at Array.flatMap (<anonymous>)

  console.log
      Average Time: 0.00ms

      at ValidationReporter.generateReport (lib/reporters/validation-reporter.ts:87:13)
          at Array.flatMap (<anonymous>)

  console.log
    
    Detailed report written to: ./validation-report.json

      at ValidationReporter.generateReport (lib/reporters/validation-reporter.ts:88:13)
          at Array.flatMap (<anonymous>)

  console.log
    ================================================================================

      at ValidationReporter.generateReport (lib/reporters/validation-reporter.ts:89:13)
          at Array.flatMap (<anonymous>)

  console.error
    
    Validation failed with 1 critical finding(s)

      91 |     // Exit with error code if critical findings exist
      92 |     if (summary.critical > 0) {
    > 93 |       console.error(`\nValidation failed with ${summary.critical} critical finding(s)\n`);
         |               ^
      94 |       // Don't exit here to allow report generation, but log the issue
      95 |     }
      96 |   }

      at ValidationReporter.generateReport (lib/reporters/validation-reporter.ts:93:15)
      at Object.validate (lib/reporters/validation-reporter.ts:38:14)
      at validate (node_modules/constructs/src/construct.ts:398:45)
          at Array.flatMap (<anonymous>)
      at Node.flatMap [as validate] (node_modules/constructs/src/construct.ts:398:30)
      at validate (node_modules/aws-cdk-lib/core/lib/private/synthesis.js:2:3722)
      at cb (node_modules/aws-cdk-lib/core/lib/private/synthesis.js:4:255)
      at visit (node_modules/aws-cdk-lib/core/lib/private/synthesis.js:2:3657)
      at validateTree (node_modules/aws-cdk-lib/core/lib/private/synthesis.js:1:1561)
      at App.synth (node_modules/aws-cdk-lib/core/lib/stage.js:1:2262)
      at synth (node_modules/aws-cdk-lib/assertions/lib/template.js:2:320)
      at Function.toTemplate [as fromStack] (node_modules/aws-cdk-lib/assertions/lib/template.js:1:1485)
      at Object.<anonymous> (test/tap-stack.unit.test.ts:19:25)

  console.warn
    [WARNING] aws-cdk-lib.aws_s3.BucketEncryption#UNENCRYPTED is deprecated.
      S3 applies server-side encryption with SSE-S3 for every bucket
    that default encryption is not configured.
      This API will be removed in the next major release.

      34 |
      35 |     // Example S3 bucket without encryption (non-compliant for testing)
    > 36 |     const nonCompliantBucket = new s3.Bucket(this, 'NonCompliantBucket', {
         |                                ^
      37 |       bucketName: `non-compliant-bucket-${environmentSuffix}`,
      38 |       encryption: s3.BucketEncryption.UNENCRYPTED,
      39 |       removalPolicy: cdk.RemovalPolicy.DESTROY,

      at warn (node_modules/aws-cdk-lib/.warnings.jsii.js:4:146)
      at print (node_modules/aws-cdk-lib/.warnings.jsii.js:1:1679214)
      at Object.aws_cdk_lib_aws_s3_BucketEncryption [as aws_cdk_lib_aws_s3_BucketProps] (node_modules/aws-cdk-lib/.warnings.jsii.js:1:1677692)
      at new aws_cdk_lib_aws_s3_BucketProps (node_modules/aws-cdk-lib/aws-s3/lib/bucket.js:1:18721)
      at new TapStack (lib/tap-stack.ts:36:32)
      at Object.<anonymous> (test/tap-stack.unit.test.ts:18:13)

  console.log
    
    ================================================================================

      at ValidationReporter.generateReport (lib/reporters/validation-reporter.ts:71:13)
          at Array.flatMap (<anonymous>)

  console.log
    INFRASTRUCTURE VALIDATION REPORT

      at ValidationReporter.generateReport (lib/reporters/validation-reporter.ts:72:13)
          at Array.flatMap (<anonymous>)

  console.log
    ================================================================================

      at ValidationReporter.generateReport (lib/reporters/validation-reporter.ts:73:13)
          at Array.flatMap (<anonymous>)

  console.log
    Environment: test

      at ValidationReporter.generateReport (lib/reporters/validation-reporter.ts:74:13)
          at Array.flatMap (<anonymous>)

  console.log
    Timestamp: 2025-12-05T11:23:05.234Z

      at ValidationReporter.generateReport (lib/reporters/validation-reporter.ts:75:13)
          at Array.flatMap (<anonymous>)

  console.log
    
    Summary:

      at ValidationReporter.generateReport (lib/reporters/validation-reporter.ts:76:13)
          at Array.flatMap (<anonymous>)

  console.log
      Total Findings: 6

      at ValidationReporter.generateReport (lib/reporters/validation-reporter.ts:77:13)
          at Array.flatMap (<anonymous>)

  console.log
      Critical: 1

      at ValidationReporter.generateReport (lib/reporters/validation-reporter.ts:78:13)
          at Array.flatMap (<anonymous>)

  console.log
      Warning: 3

      at ValidationReporter.generateReport (lib/reporters/validation-reporter.ts:79:13)
          at Array.flatMap (<anonymous>)

  console.log
      Info: 2

      at ValidationReporter.generateReport (lib/reporters/validation-reporter.ts:80:13)
          at Array.flatMap (<anonymous>)

  console.log
    
    Categories:

      at ValidationReporter.generateReport (lib/reporters/validation-reporter.ts:81:13)
          at Array.flatMap (<anonymous>)

  console.log
      S3: 2

      at ValidationReporter.generateReport (lib/reporters/validation-reporter.ts:83:15)
          at Array.flatMap (<anonymous>)

  console.log
      Lambda: 4

      at ValidationReporter.generateReport (lib/reporters/validation-reporter.ts:83:15)
          at Array.flatMap (<anonymous>)

  console.log
    
    Execution Metrics:

      at ValidationReporter.generateReport (lib/reporters/validation-reporter.ts:85:13)
          at Array.flatMap (<anonymous>)

  console.log
      Total Time: 0.00ms

      at ValidationReporter.generateReport (lib/reporters/validation-reporter.ts:86:13)
          at Array.flatMap (<anonymous>)

  console.log
      Average Time: 0.00ms

      at ValidationReporter.generateReport (lib/reporters/validation-reporter.ts:87:13)
          at Array.flatMap (<anonymous>)

  console.log
    
    Detailed report written to: ./validation-report.json

      at ValidationReporter.generateReport (lib/reporters/validation-reporter.ts:88:13)
          at Array.flatMap (<anonymous>)

  console.log
    ================================================================================

      at ValidationReporter.generateReport (lib/reporters/validation-reporter.ts:89:13)
          at Array.flatMap (<anonymous>)

  console.error
    
    Validation failed with 1 critical finding(s)

      91 |     // Exit with error code if critical findings exist
      92 |     if (summary.critical > 0) {
    > 93 |       console.error(`\nValidation failed with ${summary.critical} critical finding(s)\n`);
         |               ^
      94 |       // Don't exit here to allow report generation, but log the issue
      95 |     }
      96 |   }

      at ValidationReporter.generateReport (lib/reporters/validation-reporter.ts:93:15)
      at Object.validate (lib/reporters/validation-reporter.ts:38:14)
      at validate (node_modules/constructs/src/construct.ts:398:45)
          at Array.flatMap (<anonymous>)
      at Node.flatMap [as validate] (node_modules/constructs/src/construct.ts:398:30)
      at validate (node_modules/aws-cdk-lib/core/lib/private/synthesis.js:2:3722)
      at cb (node_modules/aws-cdk-lib/core/lib/private/synthesis.js:4:255)
      at visit (node_modules/aws-cdk-lib/core/lib/private/synthesis.js:2:3657)
      at validateTree (node_modules/aws-cdk-lib/core/lib/private/synthesis.js:1:1561)
      at App.synth (node_modules/aws-cdk-lib/core/lib/stage.js:1:2262)
      at synth (node_modules/aws-cdk-lib/assertions/lib/template.js:2:320)
      at Function.toTemplate [as fromStack] (node_modules/aws-cdk-lib/assertions/lib/template.js:1:1485)
      at Object.<anonymous> (test/tap-stack.unit.test.ts:19:25)

  console.warn
    [WARNING] aws-cdk-lib.aws_s3.BucketEncryption#UNENCRYPTED is deprecated.
      S3 applies server-side encryption with SSE-S3 for every bucket
    that default encryption is not configured.
      This API will be removed in the next major release.

      34 |
      35 |     // Example S3 bucket without encryption (non-compliant for testing)
    > 36 |     const nonCompliantBucket = new s3.Bucket(this, 'NonCompliantBucket', {
         |                                ^
      37 |       bucketName: `non-compliant-bucket-${environmentSuffix}`,
      38 |       encryption: s3.BucketEncryption.UNENCRYPTED,
      39 |       removalPolicy: cdk.RemovalPolicy.DESTROY,

      at warn (node_modules/aws-cdk-lib/.warnings.jsii.js:4:146)
      at print (node_modules/aws-cdk-lib/.warnings.jsii.js:1:1679214)
      at Object.aws_cdk_lib_aws_s3_BucketEncryption [as aws_cdk_lib_aws_s3_BucketProps] (node_modules/aws-cdk-lib/.warnings.jsii.js:1:1677692)
      at new aws_cdk_lib_aws_s3_BucketProps (node_modules/aws-cdk-lib/aws-s3/lib/bucket.js:1:18721)
      at new TapStack (lib/tap-stack.ts:36:32)
      at Object.<anonymous> (test/tap-stack.unit.test.ts:18:13)

  console.log
    
    ================================================================================

      at ValidationReporter.generateReport (lib/reporters/validation-reporter.ts:71:13)
          at Array.flatMap (<anonymous>)

  console.log
    INFRASTRUCTURE VALIDATION REPORT

      at ValidationReporter.generateReport (lib/reporters/validation-reporter.ts:72:13)
          at Array.flatMap (<anonymous>)

  console.log
    ================================================================================

      at ValidationReporter.generateReport (lib/reporters/validation-reporter.ts:73:13)
          at Array.flatMap (<anonymous>)

  console.log
    Environment: test

      at ValidationReporter.generateReport (lib/reporters/validation-reporter.ts:74:13)
          at Array.flatMap (<anonymous>)

  console.log
    Timestamp: 2025-12-05T11:23:05.398Z

      at ValidationReporter.generateReport (lib/reporters/validation-reporter.ts:75:13)
          at Array.flatMap (<anonymous>)

  console.log
    
    Summary:

      at ValidationReporter.generateReport (lib/reporters/validation-reporter.ts:76:13)
          at Array.flatMap (<anonymous>)

  console.log
      Total Findings: 6

      at ValidationReporter.generateReport (lib/reporters/validation-reporter.ts:77:13)
          at Array.flatMap (<anonymous>)

  console.log
      Critical: 1

      at ValidationReporter.generateReport (lib/reporters/validation-reporter.ts:78:13)
          at Array.flatMap (<anonymous>)

  console.log
      Warning: 3

      at ValidationReporter.generateReport (lib/reporters/validation-reporter.ts:79:13)
          at Array.flatMap (<anonymous>)

  console.log
      Info: 2

      at ValidationReporter.generateReport (lib/reporters/validation-reporter.ts:80:13)
          at Array.flatMap (<anonymous>)

  console.log
    
    Categories:

      at ValidationReporter.generateReport (lib/reporters/validation-reporter.ts:81:13)
          at Array.flatMap (<anonymous>)

  console.log
      S3: 2

      at ValidationReporter.generateReport (lib/reporters/validation-reporter.ts:83:15)
          at Array.flatMap (<anonymous>)

  console.log
      Lambda: 4

      at ValidationReporter.generateReport (lib/reporters/validation-reporter.ts:83:15)
          at Array.flatMap (<anonymous>)

  console.log
    
    Execution Metrics:

      at ValidationReporter.generateReport (lib/reporters/validation-reporter.ts:85:13)
          at Array.flatMap (<anonymous>)

  console.log
      Total Time: 0.00ms

      at ValidationReporter.generateReport (lib/reporters/validation-reporter.ts:86:13)
          at Array.flatMap (<anonymous>)

  console.log
      Average Time: 0.00ms

      at ValidationReporter.generateReport (lib/reporters/validation-reporter.ts:87:13)
          at Array.flatMap (<anonymous>)

  console.log
    
    Detailed report written to: ./validation-report.json

      at ValidationReporter.generateReport (lib/reporters/validation-reporter.ts:88:13)
          at Array.flatMap (<anonymous>)

  console.log
    ================================================================================

      at ValidationReporter.generateReport (lib/reporters/validation-reporter.ts:89:13)
          at Array.flatMap (<anonymous>)

  console.error
    
    Validation failed with 1 critical finding(s)

      91 |     // Exit with error code if critical findings exist
      92 |     if (summary.critical > 0) {
    > 93 |       console.error(`\nValidation failed with ${summary.critical} critical finding(s)\n`);
         |               ^
      94 |       // Don't exit here to allow report generation, but log the issue
      95 |     }
      96 |   }

      at ValidationReporter.generateReport (lib/reporters/validation-reporter.ts:93:15)
      at Object.validate (lib/reporters/validation-reporter.ts:38:14)
      at validate (node_modules/constructs/src/construct.ts:398:45)
          at Array.flatMap (<anonymous>)
      at Node.flatMap [as validate] (node_modules/constructs/src/construct.ts:398:30)
      at validate (node_modules/aws-cdk-lib/core/lib/private/synthesis.js:2:3722)
      at cb (node_modules/aws-cdk-lib/core/lib/private/synthesis.js:4:255)
      at visit (node_modules/aws-cdk-lib/core/lib/private/synthesis.js:2:3657)
      at validateTree (node_modules/aws-cdk-lib/core/lib/private/synthesis.js:1:1561)
      at App.synth (node_modules/aws-cdk-lib/core/lib/stage.js:1:2262)
      at synth (node_modules/aws-cdk-lib/assertions/lib/template.js:2:320)
      at Function.toTemplate [as fromStack] (node_modules/aws-cdk-lib/assertions/lib/template.js:1:1485)
      at Object.<anonymous> (test/tap-stack.unit.test.ts:19:25)

  console.warn
    [WARNING] aws-cdk-lib.aws_s3.BucketEncryption#UNENCRYPTED is deprecated.
      S3 applies server-side encryption with SSE-S3 for every bucket
    that default encryption is not configured.
      This API will be removed in the next major release.

      34 |
      35 |     // Example S3 bucket without encryption (non-compliant for testing)
    > 36 |     const nonCompliantBucket = new s3.Bucket(this, 'NonCompliantBucket', {
         |                                ^
      37 |       bucketName: `non-compliant-bucket-${environmentSuffix}`,
      38 |       encryption: s3.BucketEncryption.UNENCRYPTED,
      39 |       removalPolicy: cdk.RemovalPolicy.DESTROY,

      at warn (node_modules/aws-cdk-lib/.warnings.jsii.js:4:146)
      at print (node_modules/aws-cdk-lib/.warnings.jsii.js:1:1679214)
      at Object.aws_cdk_lib_aws_s3_BucketEncryption [as aws_cdk_lib_aws_s3_BucketProps] (node_modules/aws-cdk-lib/.warnings.jsii.js:1:1677692)
      at new aws_cdk_lib_aws_s3_BucketProps (node_modules/aws-cdk-lib/aws-s3/lib/bucket.js:1:18721)
      at new TapStack (lib/tap-stack.ts:36:32)
      at Object.<anonymous> (test/tap-stack.unit.test.ts:18:13)

  console.log
    
    ================================================================================

      at ValidationReporter.generateReport (lib/reporters/validation-reporter.ts:71:13)
          at Array.flatMap (<anonymous>)

  console.log
    INFRASTRUCTURE VALIDATION REPORT

      at ValidationReporter.generateReport (lib/reporters/validation-reporter.ts:72:13)
          at Array.flatMap (<anonymous>)

  console.log
    ================================================================================

      at ValidationReporter.generateReport (lib/reporters/validation-reporter.ts:73:13)
          at Array.flatMap (<anonymous>)

  console.log
    Environment: test

      at ValidationReporter.generateReport (lib/reporters/validation-reporter.ts:74:13)
          at Array.flatMap (<anonymous>)

  console.log
    Timestamp: 2025-12-05T11:23:05.565Z

      at ValidationReporter.generateReport (lib/reporters/validation-reporter.ts:75:13)
          at Array.flatMap (<anonymous>)

  console.log
    
    Summary:

      at ValidationReporter.generateReport (lib/reporters/validation-reporter.ts:76:13)
          at Array.flatMap (<anonymous>)

  console.log
      Total Findings: 6

      at ValidationReporter.generateReport (lib/reporters/validation-reporter.ts:77:13)
          at Array.flatMap (<anonymous>)

  console.log
      Critical: 1

      at ValidationReporter.generateReport (lib/reporters/validation-reporter.ts:78:13)
          at Array.flatMap (<anonymous>)

  console.log
      Warning: 3

      at ValidationReporter.generateReport (lib/reporters/validation-reporter.ts:79:13)
          at Array.flatMap (<anonymous>)

  console.log
      Info: 2

      at ValidationReporter.generateReport (lib/reporters/validation-reporter.ts:80:13)
          at Array.flatMap (<anonymous>)

  console.log
    
    Categories:

      at ValidationReporter.generateReport (lib/reporters/validation-reporter.ts:81:13)
          at Array.flatMap (<anonymous>)

  console.log
      S3: 2

      at ValidationReporter.generateReport (lib/reporters/validation-reporter.ts:83:15)
          at Array.flatMap (<anonymous>)

  console.log
      Lambda: 4

      at ValidationReporter.generateReport (lib/reporters/validation-reporter.ts:83:15)
          at Array.flatMap (<anonymous>)

  console.log
    
    Execution Metrics:

      at ValidationReporter.generateReport (lib/reporters/validation-reporter.ts:85:13)
          at Array.flatMap (<anonymous>)

  console.log
      Total Time: 0.00ms

      at ValidationReporter.generateReport (lib/reporters/validation-reporter.ts:86:13)
          at Array.flatMap (<anonymous>)

  console.log
      Average Time: 0.00ms

      at ValidationReporter.generateReport (lib/reporters/validation-reporter.ts:87:13)
          at Array.flatMap (<anonymous>)

  console.log
    
    Detailed report written to: ./validation-report.json

      at ValidationReporter.generateReport (lib/reporters/validation-reporter.ts:88:13)
          at Array.flatMap (<anonymous>)

  console.log
    ================================================================================

      at ValidationReporter.generateReport (lib/reporters/validation-reporter.ts:89:13)
          at Array.flatMap (<anonymous>)

  console.error
    
    Validation failed with 1 critical finding(s)

      91 |     // Exit with error code if critical findings exist
      92 |     if (summary.critical > 0) {
    > 93 |       console.error(`\nValidation failed with ${summary.critical} critical finding(s)\n`);
         |               ^
      94 |       // Don't exit here to allow report generation, but log the issue
      95 |     }
      96 |   }

      at ValidationReporter.generateReport (lib/reporters/validation-reporter.ts:93:15)
      at Object.validate (lib/reporters/validation-reporter.ts:38:14)
      at validate (node_modules/constructs/src/construct.ts:398:45)
          at Array.flatMap (<anonymous>)
      at Node.flatMap [as validate] (node_modules/constructs/src/construct.ts:398:30)
      at validate (node_modules/aws-cdk-lib/core/lib/private/synthesis.js:2:3722)
      at cb (node_modules/aws-cdk-lib/core/lib/private/synthesis.js:4:255)
      at visit (node_modules/aws-cdk-lib/core/lib/private/synthesis.js:2:3657)
      at validateTree (node_modules/aws-cdk-lib/core/lib/private/synthesis.js:1:1561)
      at App.synth (node_modules/aws-cdk-lib/core/lib/stage.js:1:2262)
      at synth (node_modules/aws-cdk-lib/assertions/lib/template.js:2:320)
      at Function.toTemplate [as fromStack] (node_modules/aws-cdk-lib/assertions/lib/template.js:1:1485)
      at Object.<anonymous> (test/tap-stack.unit.test.ts:19:25)

  console.warn
    [WARNING] aws-cdk-lib.aws_s3.BucketEncryption#UNENCRYPTED is deprecated.
      S3 applies server-side encryption with SSE-S3 for every bucket
    that default encryption is not configured.
      This API will be removed in the next major release.

      34 |
      35 |     // Example S3 bucket without encryption (non-compliant for testing)
    > 36 |     const nonCompliantBucket = new s3.Bucket(this, 'NonCompliantBucket', {
         |                                ^
      37 |       bucketName: `non-compliant-bucket-${environmentSuffix}`,
      38 |       encryption: s3.BucketEncryption.UNENCRYPTED,
      39 |       removalPolicy: cdk.RemovalPolicy.DESTROY,

      at warn (node_modules/aws-cdk-lib/.warnings.jsii.js:4:146)
      at print (node_modules/aws-cdk-lib/.warnings.jsii.js:1:1679214)
      at Object.aws_cdk_lib_aws_s3_BucketEncryption [as aws_cdk_lib_aws_s3_BucketProps] (node_modules/aws-cdk-lib/.warnings.jsii.js:1:1677692)
      at new aws_cdk_lib_aws_s3_BucketProps (node_modules/aws-cdk-lib/aws-s3/lib/bucket.js:1:18721)
      at new TapStack (lib/tap-stack.ts:36:32)
      at Object.<anonymous> (test/tap-stack.unit.test.ts:18:13)

  console.log
    
    ================================================================================

      at ValidationReporter.generateReport (lib/reporters/validation-reporter.ts:71:13)
          at Array.flatMap (<anonymous>)

  console.log
    INFRASTRUCTURE VALIDATION REPORT

      at ValidationReporter.generateReport (lib/reporters/validation-reporter.ts:72:13)
          at Array.flatMap (<anonymous>)

  console.log
    ================================================================================

      at ValidationReporter.generateReport (lib/reporters/validation-reporter.ts:73:13)
          at Array.flatMap (<anonymous>)

  console.log
    Environment: test

      at ValidationReporter.generateReport (lib/reporters/validation-reporter.ts:74:13)
          at Array.flatMap (<anonymous>)

  console.log
    Timestamp: 2025-12-05T11:23:05.754Z

      at ValidationReporter.generateReport (lib/reporters/validation-reporter.ts:75:13)
          at Array.flatMap (<anonymous>)

  console.log
    
    Summary:

      at ValidationReporter.generateReport (lib/reporters/validation-reporter.ts:76:13)
          at Array.flatMap (<anonymous>)

  console.log
      Total Findings: 6

      at ValidationReporter.generateReport (lib/reporters/validation-reporter.ts:77:13)
          at Array.flatMap (<anonymous>)

  console.log
      Critical: 1

      at ValidationReporter.generateReport (lib/reporters/validation-reporter.ts:78:13)
          at Array.flatMap (<anonymous>)

  console.log
      Warning: 3

      at ValidationReporter.generateReport (lib/reporters/validation-reporter.ts:79:13)
          at Array.flatMap (<anonymous>)

  console.log
      Info: 2

      at ValidationReporter.generateReport (lib/reporters/validation-reporter.ts:80:13)
          at Array.flatMap (<anonymous>)

  console.log
    
    Categories:

      at ValidationReporter.generateReport (lib/reporters/validation-reporter.ts:81:13)
          at Array.flatMap (<anonymous>)

  console.log
      S3: 2

      at ValidationReporter.generateReport (lib/reporters/validation-reporter.ts:83:15)
          at Array.flatMap (<anonymous>)

  console.log
      Lambda: 4

      at ValidationReporter.generateReport (lib/reporters/validation-reporter.ts:83:15)
          at Array.flatMap (<anonymous>)

  console.log
    
    Execution Metrics:

      at ValidationReporter.generateReport (lib/reporters/validation-reporter.ts:85:13)
          at Array.flatMap (<anonymous>)

  console.log
      Total Time: 0.00ms

      at ValidationReporter.generateReport (lib/reporters/validation-reporter.ts:86:13)
          at Array.flatMap (<anonymous>)

  console.log
      Average Time: 0.00ms

      at ValidationReporter.generateReport (lib/reporters/validation-reporter.ts:87:13)
          at Array.flatMap (<anonymous>)

  console.log
    
    Detailed report written to: ./validation-report.json

      at ValidationReporter.generateReport (lib/reporters/validation-reporter.ts:88:13)
          at Array.flatMap (<anonymous>)

  console.log
    ================================================================================

      at ValidationReporter.generateReport (lib/reporters/validation-reporter.ts:89:13)
          at Array.flatMap (<anonymous>)

  console.error
    
    Validation failed with 1 critical finding(s)

      91 |     // Exit with error code if critical findings exist
      92 |     if (summary.critical > 0) {
    > 93 |       console.error(`\nValidation failed with ${summary.critical} critical finding(s)\n`);
         |               ^
      94 |       // Don't exit here to allow report generation, but log the issue
      95 |     }
      96 |   }

      at ValidationReporter.generateReport (lib/reporters/validation-reporter.ts:93:15)
      at Object.validate (lib/reporters/validation-reporter.ts:38:14)
      at validate (node_modules/constructs/src/construct.ts:398:45)
          at Array.flatMap (<anonymous>)
      at Node.flatMap [as validate] (node_modules/constructs/src/construct.ts:398:30)
      at validate (node_modules/aws-cdk-lib/core/lib/private/synthesis.js:2:3722)
      at cb (node_modules/aws-cdk-lib/core/lib/private/synthesis.js:4:255)
      at visit (node_modules/aws-cdk-lib/core/lib/private/synthesis.js:2:3657)
      at validateTree (node_modules/aws-cdk-lib/core/lib/private/synthesis.js:1:1561)
      at App.synth (node_modules/aws-cdk-lib/core/lib/stage.js:1:2262)
      at synth (node_modules/aws-cdk-lib/assertions/lib/template.js:2:320)
      at Function.toTemplate [as fromStack] (node_modules/aws-cdk-lib/assertions/lib/template.js:1:1485)
      at Object.<anonymous> (test/tap-stack.unit.test.ts:19:25)

  console.warn
    [WARNING] aws-cdk-lib.aws_s3.BucketEncryption#UNENCRYPTED is deprecated.
      S3 applies server-side encryption with SSE-S3 for every bucket
    that default encryption is not configured.
      This API will be removed in the next major release.

      34 |
      35 |     // Example S3 bucket without encryption (non-compliant for testing)
    > 36 |     const nonCompliantBucket = new s3.Bucket(this, 'NonCompliantBucket', {
         |                                ^
      37 |       bucketName: `non-compliant-bucket-${environmentSuffix}`,
      38 |       encryption: s3.BucketEncryption.UNENCRYPTED,
      39 |       removalPolicy: cdk.RemovalPolicy.DESTROY,

      at warn (node_modules/aws-cdk-lib/.warnings.jsii.js:4:146)
      at print (node_modules/aws-cdk-lib/.warnings.jsii.js:1:1679214)
      at Object.aws_cdk_lib_aws_s3_BucketEncryption [as aws_cdk_lib_aws_s3_BucketProps] (node_modules/aws-cdk-lib/.warnings.jsii.js:1:1677692)
      at new aws_cdk_lib_aws_s3_BucketProps (node_modules/aws-cdk-lib/aws-s3/lib/bucket.js:1:18721)
      at new TapStack (lib/tap-stack.ts:36:32)
      at Object.<anonymous> (test/tap-stack.unit.test.ts:18:13)

  console.log
    
    ================================================================================

      at ValidationReporter.generateReport (lib/reporters/validation-reporter.ts:71:13)
          at Array.flatMap (<anonymous>)

  console.log
    INFRASTRUCTURE VALIDATION REPORT

      at ValidationReporter.generateReport (lib/reporters/validation-reporter.ts:72:13)
          at Array.flatMap (<anonymous>)

  console.log
    ================================================================================

      at ValidationReporter.generateReport (lib/reporters/validation-reporter.ts:73:13)
          at Array.flatMap (<anonymous>)

  console.log
    Environment: test

      at ValidationReporter.generateReport (lib/reporters/validation-reporter.ts:74:13)
          at Array.flatMap (<anonymous>)

  console.log
    Timestamp: 2025-12-05T11:23:05.937Z

      at ValidationReporter.generateReport (lib/reporters/validation-reporter.ts:75:13)
          at Array.flatMap (<anonymous>)

  console.log
    
    Summary:

      at ValidationReporter.generateReport (lib/reporters/validation-reporter.ts:76:13)
          at Array.flatMap (<anonymous>)

  console.log
      Total Findings: 6

      at ValidationReporter.generateReport (lib/reporters/validation-reporter.ts:77:13)
          at Array.flatMap (<anonymous>)

  console.log
      Critical: 1

      at ValidationReporter.generateReport (lib/reporters/validation-reporter.ts:78:13)
          at Array.flatMap (<anonymous>)

  console.log
      Warning: 3

      at ValidationReporter.generateReport (lib/reporters/validation-reporter.ts:79:13)
          at Array.flatMap (<anonymous>)

  console.log
      Info: 2

      at ValidationReporter.generateReport (lib/reporters/validation-reporter.ts:80:13)
          at Array.flatMap (<anonymous>)

  console.log
    
    Categories:

      at ValidationReporter.generateReport (lib/reporters/validation-reporter.ts:81:13)
          at Array.flatMap (<anonymous>)

  console.log
      S3: 2

      at ValidationReporter.generateReport (lib/reporters/validation-reporter.ts:83:15)
          at Array.flatMap (<anonymous>)

  console.log
      Lambda: 4

      at ValidationReporter.generateReport (lib/reporters/validation-reporter.ts:83:15)
          at Array.flatMap (<anonymous>)

  console.log
    
    Execution Metrics:

      at ValidationReporter.generateReport (lib/reporters/validation-reporter.ts:85:13)
          at Array.flatMap (<anonymous>)

  console.log
      Total Time: 0.00ms

      at ValidationReporter.generateReport (lib/reporters/validation-reporter.ts:86:13)
          at Array.flatMap (<anonymous>)

  console.log
      Average Time: 0.00ms

      at ValidationReporter.generateReport (lib/reporters/validation-reporter.ts:87:13)
          at Array.flatMap (<anonymous>)

  console.log
    
    Detailed report written to: ./validation-report.json

      at ValidationReporter.generateReport (lib/reporters/validation-reporter.ts:88:13)
          at Array.flatMap (<anonymous>)

  console.log
    ================================================================================

      at ValidationReporter.generateReport (lib/reporters/validation-reporter.ts:89:13)
          at Array.flatMap (<anonymous>)

  console.error
    
    Validation failed with 1 critical finding(s)

      91 |     // Exit with error code if critical findings exist
      92 |     if (summary.critical > 0) {
    > 93 |       console.error(`\nValidation failed with ${summary.critical} critical finding(s)\n`);
         |               ^
      94 |       // Don't exit here to allow report generation, but log the issue
      95 |     }
      96 |   }

      at ValidationReporter.generateReport (lib/reporters/validation-reporter.ts:93:15)
      at Object.validate (lib/reporters/validation-reporter.ts:38:14)
      at validate (node_modules/constructs/src/construct.ts:398:45)
          at Array.flatMap (<anonymous>)
      at Node.flatMap [as validate] (node_modules/constructs/src/construct.ts:398:30)
      at validate (node_modules/aws-cdk-lib/core/lib/private/synthesis.js:2:3722)
      at cb (node_modules/aws-cdk-lib/core/lib/private/synthesis.js:4:255)
      at visit (node_modules/aws-cdk-lib/core/lib/private/synthesis.js:2:3657)
      at validateTree (node_modules/aws-cdk-lib/core/lib/private/synthesis.js:1:1561)
      at App.synth (node_modules/aws-cdk-lib/core/lib/stage.js:1:2262)
      at synth (node_modules/aws-cdk-lib/assertions/lib/template.js:2:320)
      at Function.toTemplate [as fromStack] (node_modules/aws-cdk-lib/assertions/lib/template.js:1:1485)
      at Object.<anonymous> (test/tap-stack.unit.test.ts:19:25)

  console.warn
    [WARNING] aws-cdk-lib.aws_s3.BucketEncryption#UNENCRYPTED is deprecated.
      S3 applies server-side encryption with SSE-S3 for every bucket
    that default encryption is not configured.
      This API will be removed in the next major release.

      34 |
      35 |     // Example S3 bucket without encryption (non-compliant for testing)
    > 36 |     const nonCompliantBucket = new s3.Bucket(this, 'NonCompliantBucket', {
         |                                ^
      37 |       bucketName: `non-compliant-bucket-${environmentSuffix}`,
      38 |       encryption: s3.BucketEncryption.UNENCRYPTED,
      39 |       removalPolicy: cdk.RemovalPolicy.DESTROY,

      at warn (node_modules/aws-cdk-lib/.warnings.jsii.js:4:146)
      at print (node_modules/aws-cdk-lib/.warnings.jsii.js:1:1679214)
      at Object.aws_cdk_lib_aws_s3_BucketEncryption [as aws_cdk_lib_aws_s3_BucketProps] (node_modules/aws-cdk-lib/.warnings.jsii.js:1:1677692)
      at new aws_cdk_lib_aws_s3_BucketProps (node_modules/aws-cdk-lib/aws-s3/lib/bucket.js:1:18721)
      at new TapStack (lib/tap-stack.ts:36:32)
      at Object.<anonymous> (test/tap-stack.unit.test.ts:18:13)

  console.log
    
    ================================================================================

      at ValidationReporter.generateReport (lib/reporters/validation-reporter.ts:71:13)
          at Array.flatMap (<anonymous>)

  console.log
    INFRASTRUCTURE VALIDATION REPORT

      at ValidationReporter.generateReport (lib/reporters/validation-reporter.ts:72:13)
          at Array.flatMap (<anonymous>)

  console.log
    ================================================================================

      at ValidationReporter.generateReport (lib/reporters/validation-reporter.ts:73:13)
          at Array.flatMap (<anonymous>)

  console.log
    Environment: test

      at ValidationReporter.generateReport (lib/reporters/validation-reporter.ts:74:13)
          at Array.flatMap (<anonymous>)

  console.log
    Timestamp: 2025-12-05T11:23:06.086Z

      at ValidationReporter.generateReport (lib/reporters/validation-reporter.ts:75:13)
          at Array.flatMap (<anonymous>)

  console.log
    
    Summary:

      at ValidationReporter.generateReport (lib/reporters/validation-reporter.ts:76:13)
          at Array.flatMap (<anonymous>)

  console.log
      Total Findings: 6

      at ValidationReporter.generateReport (lib/reporters/validation-reporter.ts:77:13)
          at Array.flatMap (<anonymous>)

  console.log
      Critical: 1

      at ValidationReporter.generateReport (lib/reporters/validation-reporter.ts:78:13)
          at Array.flatMap (<anonymous>)

  console.log
      Warning: 3

      at ValidationReporter.generateReport (lib/reporters/validation-reporter.ts:79:13)
          at Array.flatMap (<anonymous>)

  console.log
      Info: 2

      at ValidationReporter.generateReport (lib/reporters/validation-reporter.ts:80:13)
          at Array.flatMap (<anonymous>)

  console.log
    
    Categories:

      at ValidationReporter.generateReport (lib/reporters/validation-reporter.ts:81:13)
          at Array.flatMap (<anonymous>)

  console.log
      S3: 2

      at ValidationReporter.generateReport (lib/reporters/validation-reporter.ts:83:15)
          at Array.flatMap (<anonymous>)

  console.log
      Lambda: 4

      at ValidationReporter.generateReport (lib/reporters/validation-reporter.ts:83:15)
          at Array.flatMap (<anonymous>)

  console.log
    
    Execution Metrics:

      at ValidationReporter.generateReport (lib/reporters/validation-reporter.ts:85:13)
          at Array.flatMap (<anonymous>)

  console.log
      Total Time: 0.00ms

      at ValidationReporter.generateReport (lib/reporters/validation-reporter.ts:86:13)
          at Array.flatMap (<anonymous>)

  console.log
      Average Time: 0.00ms

      at ValidationReporter.generateReport (lib/reporters/validation-reporter.ts:87:13)
          at Array.flatMap (<anonymous>)

  console.log
    
    Detailed report written to: ./validation-report.json

      at ValidationReporter.generateReport (lib/reporters/validation-reporter.ts:88:13)
          at Array.flatMap (<anonymous>)

  console.log
    ================================================================================

      at ValidationReporter.generateReport (lib/reporters/validation-reporter.ts:89:13)
          at Array.flatMap (<anonymous>)

  console.error
    
    Validation failed with 1 critical finding(s)

      91 |     // Exit with error code if critical findings exist
      92 |     if (summary.critical > 0) {
    > 93 |       console.error(`\nValidation failed with ${summary.critical} critical finding(s)\n`);
         |               ^
      94 |       // Don't exit here to allow report generation, but log the issue
      95 |     }
      96 |   }

      at ValidationReporter.generateReport (lib/reporters/validation-reporter.ts:93:15)
      at Object.validate (lib/reporters/validation-reporter.ts:38:14)
      at validate (node_modules/constructs/src/construct.ts:398:45)
          at Array.flatMap (<anonymous>)
      at Node.flatMap [as validate] (node_modules/constructs/src/construct.ts:398:30)
      at validate (node_modules/aws-cdk-lib/core/lib/private/synthesis.js:2:3722)
      at cb (node_modules/aws-cdk-lib/core/lib/private/synthesis.js:4:255)
      at visit (node_modules/aws-cdk-lib/core/lib/private/synthesis.js:2:3657)
      at validateTree (node_modules/aws-cdk-lib/core/lib/private/synthesis.js:1:1561)
      at App.synth (node_modules/aws-cdk-lib/core/lib/stage.js:1:2262)
      at synth (node_modules/aws-cdk-lib/assertions/lib/template.js:2:320)
      at Function.toTemplate [as fromStack] (node_modules/aws-cdk-lib/assertions/lib/template.js:1:1485)
      at Object.<anonymous> (test/tap-stack.unit.test.ts:19:25)

FAIL test/tap-stack.unit.test.ts (52.291 s)
  TapStack Unit Tests
    Stack Resource Creation
      ✓ creates S3 buckets with correct names (39259 ms)
      ✓ creates compliant S3 bucket with encryption (586 ms)
      ✓ creates non-compliant S3 bucket without encryption (462 ms)
      ✓ creates Lambda functions with correct names (426 ms)
      ✓ creates example Lambda with proper configuration (356 ms)
      ✓ creates problematic Lambda with excessive timeout (328 ms)
      ✓ creates IAM role with overly permissive policy (263 ms)
    Stack Outputs
      ✕ exports compliant bucket name (280 ms)
      ✕ exports non-compliant bucket name (251 ms)
      ✓ has correct output descriptions (225 ms)
    Resource Naming Conventions
      ✓ all S3 buckets include environmentSuffix (267 ms)
      ✓ all Lambda functions include environmentSuffix (237 ms)
      ✓ all IAM roles include environmentSuffix (202 ms)
    Removal Policies
      ✓ S3 buckets have RemovalPolicy.DESTROY (338 ms)
      ✓ S3 buckets have autoDeleteObjects enabled (161 ms)
    Lambda Runtime Configuration
      ✓ all Lambda functions use Node.js 18 (154 ms)
      ✕ Lambda functions have inline code (168 ms)
    Stack Properties
      ✕ stack has correct description (150 ms)
      ✓ stack includes environmentSuffix in name (193 ms)
    Resource Count Validation
      ✓ creates exactly 2 S3 buckets (187 ms)
      ✕ creates exactly 2 Lambda functions (152 ms)
      ✓ creates exactly 1 IAM role with overly permissive policy (185 ms)

  ● TapStack Unit Tests › Stack Outputs › exports compliant bucket name

    Template has 1 outputs named CompliantBucketName, but none match as expected.
    The 1 closest matches:
    CompliantBucketName :: {
      "Description": "Name of the compliant S3 bucket",
    !! Expected type string but received object
      "Value": {
        "Ref": "CompliantBucketF3ABE15C"
      }
    }

      108 |   describe('Stack Outputs', () => {
      109 |     test('exports compliant bucket name', () => {
    > 110 |       template.hasOutput('CompliantBucketName', {
          |                ^
      111 |         Value: `compliant-bucket-${environmentSuffix}`,
      112 |       });
      113 |     });

      at Template.hasOutput (node_modules/aws-cdk-lib/assertions/lib/template.js:1:3934)
      at Object.<anonymous> (test/tap-stack.unit.test.ts:110:16)

  ● TapStack Unit Tests › Stack Outputs › exports non-compliant bucket name

    Template has 1 outputs named NonCompliantBucketName, but none match as expected.
    The 1 closest matches:
    NonCompliantBucketName :: {
      "Description": "Name of the non-compliant S3 bucket",
    !! Expected type string but received object
      "Value": {
        "Ref": "NonCompliantBucketD2660FEF"
      }
    }

      114 |
      115 |     test('exports non-compliant bucket name', () => {
    > 116 |       template.hasOutput('NonCompliantBucketName', {
          |                ^
      117 |         Value: `non-compliant-bucket-${environmentSuffix}`,
      118 |       });
      119 |     });

      at Template.hasOutput (node_modules/aws-cdk-lib/assertions/lib/template.js:1:3934)
      at Object.<anonymous> (test/tap-stack.unit.test.ts:116:16)

  ● TapStack Unit Tests › Lambda Runtime Configuration › Lambda functions have inline code

    expect(received).toBeDefined()

    Received: undefined

      189 |       const resources = template.findResources('AWS::Lambda::Function');
      190 |       Object.values(resources).forEach((resource: any) => {
    > 191 |         expect(resource.Properties?.Code?.ZipFile).toBeDefined();
          |                                                    ^
      192 |       });
      193 |     });
      194 |   });

      at test/tap-stack.unit.test.ts:191:52
          at Array.forEach (<anonymous>)
      at Object.<anonymous> (test/tap-stack.unit.test.ts:190:32)

  ● TapStack Unit Tests › Stack Properties › stack has correct description

    expect(received).toContain(expected) // indexOf

    Matcher error: received value must not be null nor undefined

    Received has value: undefined

      197 |     test('stack has correct description', () => {
      198 |       const stackTemplate = template.toJSON();
    > 199 |       expect(stackTemplate.Description).toContain('Infrastructure Analysis and Validation Stack');
          |                                         ^
      200 |       expect(stackTemplate.Description).toContain(environmentSuffix);
      201 |     });
      202 |

      at Object.<anonymous> (test/tap-stack.unit.test.ts:199:41)

  ● TapStack Unit Tests › Resource Count Validation › creates exactly 2 Lambda functions

    Expected 2 resources of type AWS::Lambda::Function but found 3

      212 |
      213 |     test('creates exactly 2 Lambda functions', () => {
    > 214 |       template.resourceCountIs('AWS::Lambda::Function', 2);
          |                ^
      215 |     });
      216 |
      217 |     test('creates exactly 1 IAM role with overly permissive policy', () => {

      at Template.resourceCountIs (node_modules/aws-cdk-lib/assertions/lib/template.js:1:2554)
      at Object.<anonymous> (test/tap-stack.unit.test.ts:214:16)

Test Suites: 4 failed, 2 passed, 6 total
Tests:       13 failed, 87 passed, 100 total
Snapshots:   0 total
Time:        54.734 s
Ran all test suites.
ap (<anonymous>)

  console.log
    
    Detailed report written to: ./validation-report.json

      at ValidationReporter.log [as generateReport] (lib/reporters/validation-reporter.ts:88:13)
          at Array.flatMap (<anonymous>)

  console.log
    ================================================================================

      at ValidationReporter.log [as generateReport] (lib/reporters/validation-reporter.ts:89:13)
          at Array.flatMap (<anonymous>)

  console.error
    
    Validation failed with 1 critical finding(s)

      91 |     // Exit with error code if critical findings exist
      92 |     if (summary.critical > 0) {
    > 93 |       console.error(`\nValidation failed with ${summary.critical} critical finding(s)\n`);
         |               ^
      94 |       // Don't exit here to allow report generation, but log the issue
      95 |     }
      96 |   }

      at ValidationReporter.error [as generateReport] (lib/reporters/validation-reporter.ts:93:15)
      at Object.generateReport [as validate] (lib/reporters/validation-reporter.ts:38:14)
      at validate (node_modules/constructs/src/construct.ts:398:45)
          at Array.flatMap (<anonymous>)
      at Node.flatMap [as validate] (node_modules/constructs/src/construct.ts:398:30)
      at validate (node_modules/aws-cdk-lib/core/lib/private/synthesis.js:2:3722)
      at cb (node_modules/aws-cdk-lib/core/lib/private/synthesis.js:4:255)
      at visit (node_modules/aws-cdk-lib/core/lib/private/synthesis.js:2:3657)
      at validateTree (node_modules/aws-cdk-lib/core/lib/private/synthesis.js:1:1561)
      at App.synth (node_modules/aws-cdk-lib/core/lib/stage.js:1:2262)
      at synth (node_modules/aws-cdk-lib/assertions/lib/template.js:2:320)
      at Function.toTemplate [as fromStack] (node_modules/aws-cdk-lib/assertions/lib/template.js:1:1485)
      at Object.<anonymous> (test/tap-stack.unit.test.ts:19:25)

FAIL test/tap-stack.unit.test.ts (42.103 s)
  TapStack Unit Tests
    Stack Resource Creation
      ✓ creates S3 buckets with correct names (29069 ms)
      ✓ creates compliant S3 bucket with encryption (562 ms)
      ✓ creates non-compliant S3 bucket without encryption (456 ms)
      ✓ creates Lambda functions with correct names (428 ms)
      ✓ creates example Lambda with proper configuration (350 ms)
      ✓ creates problematic Lambda with excessive timeout (326 ms)
      ✓ creates IAM role with overly permissive policy (250 ms)
    Stack Outputs
      ✕ exports compliant bucket name (290 ms)
      ✕ exports non-compliant bucket name (255 ms)
      ✓ has correct output descriptions (224 ms)
    Resource Naming Conventions
      ✓ all S3 buckets include environmentSuffix (265 ms)
      ✓ all Lambda functions include environmentSuffix (230 ms)
      ✓ all IAM roles include environmentSuffix (210 ms)
    Removal Policies
      ✓ S3 buckets have RemovalPolicy.DESTROY (193 ms)
      ✓ S3 buckets have autoDeleteObjects enabled (201 ms)
    Lambda Runtime Configuration
      ✓ all Lambda functions use Node.js 18 (160 ms)
      ✕ Lambda functions have inline code (152 ms)
    Stack Properties
      ✕ stack has correct description (161 ms)
      ✓ stack includes environmentSuffix in name (153 ms)
    Resource Count Validation
      ✓ creates exactly 2 S3 buckets (184 ms)
      ✕ creates exactly 2 Lambda functions (189 ms)
      ✓ creates exactly 1 IAM role with overly permissive policy (148 ms)

  ● TapStack Unit Tests › Stack Outputs › exports compliant bucket name

    Template has 1 outputs named CompliantBucketName, but none match as expected.
    The 1 closest matches:
    CompliantBucketName :: {
      "Description": "Name of the compliant S3 bucket",
    !! Expected type string but received object
      "Value": {
        "Ref": "CompliantBucketF3ABE15C"
      }
    }

      108 |   describe('Stack Outputs', () => {
      109 |     test('exports compliant bucket name', () => {
    > 110 |       template.hasOutput('CompliantBucketName', {
          |                ^
      111 |         Value: `compliant-bucket-${environmentSuffix}`,
      112 |       });
      113 |     });

      at Template.hasOutput (node_modules/aws-cdk-lib/assertions/lib/template.js:1:3934)
      at Object.<anonymous> (test/tap-stack.unit.test.ts:110:16)

  ● TapStack Unit Tests › Stack Outputs › exports non-compliant bucket name

    Template has 1 outputs named NonCompliantBucketName, but none match as expected.
    The 1 closest matches:
    NonCompliantBucketName :: {
      "Description": "Name of the non-compliant S3 bucket",
    !! Expected type string but received object
      "Value": {
        "Ref": "NonCompliantBucketD2660FEF"
      }
    }

      114 |
      115 |     test('exports non-compliant bucket name', () => {
    > 116 |       template.hasOutput('NonCompliantBucketName', {
          |                ^
      117 |         Value: `non-compliant-bucket-${environmentSuffix}`,
      118 |       });
      119 |     });

      at Template.hasOutput (node_modules/aws-cdk-lib/assertions/lib/template.js:1:3934)
      at Object.<anonymous> (test/tap-stack.unit.test.ts:116:16)

  ● TapStack Unit Tests › Lambda Runtime Configuration › Lambda functions have inline code

    expect(received).toBeDefined()

    Received: undefined

      189 |       const resources = template.findResources('AWS::Lambda::Function');
      190 |       Object.values(resources).forEach((resource: any) => {
    > 191 |         expect(resource.Properties?.Code?.ZipFile).toBeDefined();
          |                                                    ^
      192 |       });
      193 |     });
      194 |   });

      at test/tap-stack.unit.test.ts:191:52
          at Array.forEach (<anonymous>)
      at Object.<anonymous> (test/tap-stack.unit.test.ts:190:32)

  ● TapStack Unit Tests › Stack Properties › stack has correct description

    expect(received).toContain(expected) // indexOf

    Matcher error: received value must not be null nor undefined

    Received has value: undefined

      197 |     test('stack has correct description', () => {
      198 |       const stackTemplate = template.toJSON();
    > 199 |       expect(stackTemplate.Description).toContain('Infrastructure Analysis and Validation Stack');
          |                                         ^
      200 |       expect(stackTemplate.Description).toContain(environmentSuffix);
      201 |     });
      202 |

      at Object.<anonymous> (test/tap-stack.unit.test.ts:199:41)

  ● TapStack Unit Tests › Resource Count Validation › creates exactly 2 Lambda functions

    Expected 2 resources of type AWS::Lambda::Function but found 3

      212 |
      213 |     test('creates exactly 2 Lambda functions', () => {
    > 214 |       template.resourceCountIs('AWS::Lambda::Function', 2);
          |                ^
      215 |     });
      216 |
      217 |     test('creates exactly 1 IAM role with overly permissive policy', () => {

      at Template.resourceCountIs (node_modules/aws-cdk-lib/assertions/lib/template.js:1:2554)
      at Object.<anonymous> (test/tap-stack.unit.test.ts:214:16)

--------------------------|---------|----------|---------|---------|-------------------
File                      | % Stmts | % Branch | % Funcs | % Lines | Uncovered Line #s 
--------------------------|---------|----------|---------|---------|-------------------
All files                 |   82.73 |    63.49 |   91.48 |   83.39 |                   
 lib                      |     100 |      100 |     100 |     100 |                   
  tap-stack.ts            |     100 |      100 |     100 |     100 |                   
 lib/aspects              |   57.69 |    47.22 |   73.33 |    59.4 |                   
  iam-policy-aspect.ts    |      40 |    38.09 |   66.66 |   43.75 | 22,36-94          
  lambda-config-aspect.ts |   96.42 |    77.77 |     100 |   96.42 | 88                
  rds-config-aspect.ts    |   22.22 |     6.25 |      50 |   22.22 | 11,13-95          
  s3-encryption-aspect.ts |   92.85 |     64.7 |     100 |   92.85 | 37                
 lib/comparator           |   98.33 |    89.65 |     100 |   98.33 |                   
  stack-comparator.ts     |   98.33 |    89.65 |     100 |   98.33 | 110               
 lib/core                 |     100 |      100 |     100 |     100 |                   
  validation-registry.ts  |     100 |      100 |     100 |     100 |                   
 lib/reporters            |    97.5 |       50 |     100 |   97.43 |                   
  validation-reporter.ts  |    97.5 |       50 |     100 |   97.43 | 65                
 lib/rules                |   94.11 |    84.21 |     100 |   93.93 |                   
  rule-engine.ts          |   94.11 |    84.21 |     100 |   93.93 | 89,99             
--------------------------|---------|----------|---------|---------|-------------------
Jest: "global" coverage threshold for statements (99%) not met: 82.73%
Jest: "global" coverage threshold for branches (70%) not met: 63.49%
Jest: "global" coverage threshold for lines (100%) not met: 83.39%
Jest: "global" coverage threshold for functions (100%) not met: 91.48%
Test Suites: 4 failed, 2 passed, 6 total
Tests:       13 failed, 87 passed, 100 total
Snapshots:   0 total
Time:        46.08 s
Ran all test suites.
